2026-05-02 23:20:18 | INFO | Building model...
2026-05-02 23:20:23 | INFO | Model: 417.0M parameters
2026-05-02 23:20:23 | INFO | Building optimizer(s): orscale_muon_moonlight_calibrated
2026-05-02 23:20:23 | INFO | Building scheduler...
2026-05-02 23:20:23 | INFO | Building training data loader...
2026-05-02 23:20:23 | INFO | Building validation data loader...
2026-05-02 23:20:24 | INFO | Launching training run
2026-05-02 23:20:24 | INFO |   config: configs/small_125m.yaml
2026-05-02 23:20:24 | INFO |   overrides: ['model.preset=moonlight_399m', 'model.max_seq_len=8192', 'training.batch_size=1', 'training.grad_accum_steps=12', 'training.max_steps=11342', 'training.seed=42', 'training.checkpoint_subdir=moonlight_399m/orscale_muon_moonlight_calibrated', 'training.checkpoint_subdir_mode=replace_leaf', 'optimizer.name=orscale_muon_moonlight_calibrated', 'logging.wandb_name=moonlight_399m-orscale_muon_moonlight_calibrated-seed42', 'optimizer.lr=0.0009503', 'optimizer.weight_decay=0.1', 'optimizer.adamw_lr=0.0009503', 'optimizer.adamw_weight_decay=0.1', 'optimizer.adamw_betas=[0.9, 0.95]', 'optimizer.r_min=0.1', 'optimizer.r_max=5.0', 'training.save_every=11342']
2026-05-02 23:20:24 | INFO |   distributed: rank=0 local_rank=0 world_size=8 device=cuda:0
2026-05-02 23:20:24 | INFO |   seed: base=42 effective_rank_seed=42 precision=bfloat16
2026-05-02 23:20:24 | INFO |   model: preset=moonlight_399m seq_len=8192 norm=rmsnorm mlp=relusqr pos=rope tie_weights=True
2026-05-02 23:20:24 | INFO |   optimizer: name=orscale_muon_moonlight_calibrated optimizers=2 lr=0.0009503 weight_decay=0.1 momentum=0.95
2026-05-02 23:20:24 | INFO |   optimizer extras: ns_iters=5 adamw_lr=0.0009503 alpha=0.5 r_min=0.1 r_max=5.0 c_denom=auto
2026-05-02 23:20:24 | INFO |   schedule: max_steps=11342 warmup_steps=1000 grad_accum=12 tokens/step=786,432
2026-05-02 23:20:24 | INFO |   training cadence: log_every=10 val_every=500 val_steps=20 save_every=11342
2026-05-02 23:20:24 | INFO |   data(train): in-memory .bin shards (103 files) from /mnt/dllm/ruilai/dataset/fineweb10B/fineweb_train_*.bin
2026-05-02 23:20:24 | INFO |   data(val): in-memory .bin shards (1 files) from /mnt/dllm/ruilai/dataset/fineweb10B/fineweb_val_*.bin
2026-05-02 23:20:24 | INFO |   loaders: train=DataLoader val=DataLoader
2026-05-02 23:20:24 | INFO |   diagnostics: log_every=50 heavy_log_every=500
2026-05-02 23:20:24 | INFO |   wandb: enabled (project=orscale-fineweb10B, group=small_125m)
2026-05-02 23:20:24 | INFO | Starting training loop...
step 10/11342 | loss 11.0384 | lr_mult 0.0100 | tok/s 228708 | grad_norm 17.903
step 20/11342 | loss 10.6606 | lr_mult 0.0200 | tok/s 241583 | grad_norm 16.287
step 30/11342 | loss 9.9358 | lr_mult 0.0300 | tok/s 246226 | grad_norm 11.305
step 40/11342 | loss 9.0802 | lr_mult 0.0400 | tok/s 248625 | grad_norm 6.933
step 50/11342 | loss 8.2529 | lr_mult 0.0500 | tok/s 250114 | grad_norm 4.207
step 60/11342 | loss 7.6352 | lr_mult 0.0600 | tok/s 251131 | grad_norm 2.348
step 70/11342 | loss 7.1344 | lr_mult 0.0700 | tok/s 251850 | grad_norm 1.304
step 80/11342 | loss 6.9443 | lr_mult 0.0800 | tok/s 252378 | grad_norm 0.954
step 90/11342 | loss 6.7520 | lr_mult 0.0900 | tok/s 252801 | grad_norm 1.039
step 100/11342 | loss 6.5818 | lr_mult 0.1000 | tok/s 253134 | grad_norm 1.094
step 110/11342 | loss 6.4598 | lr_mult 0.1100 | tok/s 253403 | grad_norm 1.589
step 120/11342 | loss 6.3536 | lr_mult 0.1200 | tok/s 253632 | grad_norm 1.759
step 130/11342 | loss 6.2383 | lr_mult 0.1300 | tok/s 253807 | grad_norm 2.225
step 140/11342 | loss 6.1961 | lr_mult 0.1400 | tok/s 253975 | grad_norm 2.332
step 150/11342 | loss 6.1322 | lr_mult 0.1500 | tok/s 254116 | grad_norm 2.259
step 160/11342 | loss 6.0591 | lr_mult 0.1600 | tok/s 254248 | grad_norm 2.223
step 170/11342 | loss 6.0387 | lr_mult 0.1700 | tok/s 254361 | grad_norm 1.969
step 180/11342 | loss 6.0287 | lr_mult 0.1800 | tok/s 254464 | grad_norm 1.854
step 190/11342 | loss 5.9560 | lr_mult 0.1900 | tok/s 254549 | grad_norm 2.207
step 200/11342 | loss 5.9471 | lr_mult 0.2000 | tok/s 254629 | grad_norm 1.936
step 210/11342 | loss 5.8788 | lr_mult 0.2100 | tok/s 254702 | grad_norm 1.800
step 220/11342 | loss 5.8785 | lr_mult 0.2200 | tok/s 254768 | grad_norm 2.140
step 230/11342 | loss 5.8463 | lr_mult 0.2300 | tok/s 254827 | grad_norm 1.841
step 240/11342 | loss 5.8033 | lr_mult 0.2400 | tok/s 254884 | grad_norm 1.731
step 250/11342 | loss 5.7678 | lr_mult 0.2500 | tok/s 254934 | grad_norm 1.689
step 260/11342 | loss 5.7453 | lr_mult 0.2600 | tok/s 254980 | grad_norm 1.612
step 270/11342 | loss 5.7266 | lr_mult 0.2700 | tok/s 255023 | grad_norm 1.688
step 280/11342 | loss 5.7265 | lr_mult 0.2800 | tok/s 255061 | grad_norm 1.786
step 290/11342 | loss 5.6410 | lr_mult 0.2900 | tok/s 255101 | grad_norm 1.865
step 300/11342 | loss 5.6344 | lr_mult 0.3000 | tok/s 255137 | grad_norm 2.775
step 310/11342 | loss 5.5828 | lr_mult 0.3100 | tok/s 255167 | grad_norm 2.257
step 320/11342 | loss 5.5339 | lr_mult 0.3200 | tok/s 255198 | grad_norm 2.630
step 330/11342 | loss 5.4665 | lr_mult 0.3300 | tok/s 255228 | grad_norm 3.528
step 340/11342 | loss 5.4365 | lr_mult 0.3400 | tok/s 255257 | grad_norm 3.240
step 350/11342 | loss 5.3486 | lr_mult 0.3500 | tok/s 255282 | grad_norm 3.529
step 360/11342 | loss 5.2900 | lr_mult 0.3600 | tok/s 255308 | grad_norm 4.731
step 370/11342 | loss 5.2534 | lr_mult 0.3700 | tok/s 255333 | grad_norm 4.787
step 380/11342 | loss 5.1210 | lr_mult 0.3800 | tok/s 255355 | grad_norm 4.006
step 390/11342 | loss 5.0816 | lr_mult 0.3900 | tok/s 255374 | grad_norm 4.827
step 400/11342 | loss 5.0718 | lr_mult 0.4000 | tok/s 255392 | grad_norm 5.951
step 410/11342 | loss 5.0140 | lr_mult 0.4100 | tok/s 255411 | grad_norm 5.123
step 420/11342 | loss 4.9288 | lr_mult 0.4200 | tok/s 255428 | grad_norm 4.481
step 430/11342 | loss 4.9238 | lr_mult 0.4300 | tok/s 255445 | grad_norm 5.314
step 440/11342 | loss 4.8393 | lr_mult 0.4400 | tok/s 255462 | grad_norm 4.606
step 450/11342 | loss 4.8399 | lr_mult 0.4500 | tok/s 255478 | grad_norm 6.874
step 460/11342 | loss 4.8200 | lr_mult 0.4600 | tok/s 255493 | grad_norm 5.331
step 470/11342 | loss 4.7599 | lr_mult 0.4700 | tok/s 255506 | grad_norm 5.140
step 480/11342 | loss 4.7000 | lr_mult 0.4800 | tok/s 255521 | grad_norm 5.221
step 490/11342 | loss 4.6959 | lr_mult 0.4900 | tok/s 255535 | grad_norm 4.216
step 500/11342 | loss 4.7587 | lr_mult 0.5000 | tok/s 255548 | grad_norm 4.828
step 500/11342 | val_loss 4.7009
step 510/11342 | loss 4.6770 | lr_mult 0.5100 | tok/s 253828 | grad_norm 4.804
step 520/11342 | loss 4.6185 | lr_mult 0.5200 | tok/s 253873 | grad_norm 4.548
step 530/11342 | loss 4.6308 | lr_mult 0.5300 | tok/s 253921 | grad_norm 6.210
step 540/11342 | loss 4.6263 | lr_mult 0.5400 | tok/s 253965 | grad_norm 4.207
step 550/11342 | loss 4.5247 | lr_mult 0.5500 | tok/s 254007 | grad_norm 4.809
step 560/11342 | loss 4.5716 | lr_mult 0.5600 | tok/s 254047 | grad_norm 4.741
step 570/11342 | loss 4.5282 | lr_mult 0.5700 | tok/s 254087 | grad_norm 4.721
step 580/11342 | loss 4.5012 | lr_mult 0.5800 | tok/s 254124 | grad_norm 4.792
step 590/11342 | loss 4.4688 | lr_mult 0.5900 | tok/s 254162 | grad_norm 3.844
step 600/11342 | loss 4.4821 | lr_mult 0.6000 | tok/s 254196 | grad_norm 4.326
step 610/11342 | loss 4.4325 | lr_mult 0.6100 | tok/s 254231 | grad_norm 3.717
step 620/11342 | loss 4.4199 | lr_mult 0.6200 | tok/s 254265 | grad_norm 5.432
step 630/11342 | loss 4.3992 | lr_mult 0.6300 | tok/s 254298 | grad_norm 4.397
step 640/11342 | loss 4.3610 | lr_mult 0.6400 | tok/s 254329 | grad_norm 4.352
step 650/11342 | loss 4.3334 | lr_mult 0.6500 | tok/s 254360 | grad_norm 5.058
step 660/11342 | loss 4.2997 | lr_mult 0.6600 | tok/s 254390 | grad_norm 4.951
step 670/11342 | loss 4.2968 | lr_mult 0.6700 | tok/s 254418 | grad_norm 3.923
step 680/11342 | loss 4.2560 | lr_mult 0.6800 | tok/s 254447 | grad_norm 4.039
step 690/11342 | loss 4.2471 | lr_mult 0.6900 | tok/s 254475 | grad_norm 3.233
step 700/11342 | loss 4.2390 | lr_mult 0.7000 | tok/s 254502 | grad_norm 3.362
step 710/11342 | loss 4.2488 | lr_mult 0.7100 | tok/s 254530 | grad_norm 3.550
step 720/11342 | loss 4.2229 | lr_mult 0.7200 | tok/s 254556 | grad_norm 3.850
step 730/11342 | loss 4.2140 | lr_mult 0.7300 | tok/s 254581 | grad_norm 3.756
step 740/11342 | loss 4.1805 | lr_mult 0.7400 | tok/s 254607 | grad_norm 4.417
step 750/11342 | loss 4.2102 | lr_mult 0.7500 | tok/s 254630 | grad_norm 3.703
step 760/11342 | loss 4.2105 | lr_mult 0.7600 | tok/s 254655 | grad_norm 3.979
step 770/11342 | loss 4.1984 | lr_mult 0.7700 | tok/s 254678 | grad_norm 3.847
step 780/11342 | loss 4.1664 | lr_mult 0.7800 | tok/s 254700 | grad_norm 3.822
step 790/11342 | loss 4.1450 | lr_mult 0.7900 | tok/s 254723 | grad_norm 3.452
step 800/11342 | loss 4.1176 | lr_mult 0.8000 | tok/s 254744 | grad_norm 3.971
step 810/11342 | loss 4.1257 | lr_mult 0.8100 | tok/s 254765 | grad_norm 3.533
step 820/11342 | loss 4.1304 | lr_mult 0.8200 | tok/s 254786 | grad_norm 3.431
step 830/11342 | loss 4.0942 | lr_mult 0.8300 | tok/s 254806 | grad_norm 2.929
step 840/11342 | loss 4.0925 | lr_mult 0.8400 | tok/s 254826 | grad_norm 2.523
step 850/11342 | loss 4.1001 | lr_mult 0.8500 | tok/s 254847 | grad_norm 2.879
step 860/11342 | loss 4.0963 | lr_mult 0.8600 | tok/s 254866 | grad_norm 3.066
step 870/11342 | loss 4.0333 | lr_mult 0.8700 | tok/s 254884 | grad_norm 3.344
step 880/11342 | loss 4.0375 | lr_mult 0.8800 | tok/s 254903 | grad_norm 3.117
step 890/11342 | loss 4.0407 | lr_mult 0.8900 | tok/s 254924 | grad_norm 2.572
step 900/11342 | loss 4.0377 | lr_mult 0.9000 | tok/s 254943 | grad_norm 2.447
step 910/11342 | loss 4.0662 | lr_mult 0.9100 | tok/s 254961 | grad_norm 2.563
step 920/11342 | loss 4.0226 | lr_mult 0.9200 | tok/s 254979 | grad_norm 2.318
step 930/11342 | loss 3.9732 | lr_mult 0.9300 | tok/s 254997 | grad_norm 2.326
step 940/11342 | loss 3.9912 | lr_mult 0.9400 | tok/s 255015 | grad_norm 2.541
step 950/11342 | loss 3.9802 | lr_mult 0.9500 | tok/s 255033 | grad_norm 2.811
step 960/11342 | loss 3.9726 | lr_mult 0.9600 | tok/s 255050 | grad_norm 2.809
step 970/11342 | loss 3.9806 | lr_mult 0.9700 | tok/s 255067 | grad_norm 2.618
step 980/11342 | loss 3.9434 | lr_mult 0.9800 | tok/s 255083 | grad_norm 2.074
step 990/11342 | loss 3.9128 | lr_mult 0.9900 | tok/s 255100 | grad_norm 1.975
step 1000/11342 | loss 4.0047 | lr_mult 1.0000 | tok/s 255115 | grad_norm 2.136
step 1000/11342 | val_loss 3.9517
step 1010/11342 | loss 3.9366 | lr_mult 1.0000 | tok/s 254269 | grad_norm 2.028
step 1020/11342 | loss 3.9330 | lr_mult 1.0000 | tok/s 254293 | grad_norm 1.983
step 1030/11342 | loss 3.9124 | lr_mult 1.0000 | tok/s 254317 | grad_norm 1.995
step 1040/11342 | loss 3.9391 | lr_mult 1.0000 | tok/s 254340 | grad_norm 1.659
step 1050/11342 | loss 3.9363 | lr_mult 0.9999 | tok/s 254362 | grad_norm 1.611
step 1060/11342 | loss 3.8675 | lr_mult 0.9999 | tok/s 254384 | grad_norm 1.550
step 1070/11342 | loss 3.8647 | lr_mult 0.9999 | tok/s 254405 | grad_norm 1.586
step 1080/11342 | loss 3.8888 | lr_mult 0.9999 | tok/s 254427 | grad_norm 1.550
step 1090/11342 | loss 3.8748 | lr_mult 0.9998 | tok/s 254449 | grad_norm 1.484
step 1100/11342 | loss 3.8532 | lr_mult 0.9998 | tok/s 254467 | grad_norm 1.424
step 1110/11342 | loss 3.8698 | lr_mult 0.9997 | tok/s 254488 | grad_norm 1.184
step 1120/11342 | loss 3.8394 | lr_mult 0.9997 | tok/s 254508 | grad_norm 1.295
step 1130/11342 | loss 3.8207 | lr_mult 0.9996 | tok/s 254528 | grad_norm 1.422
step 1140/11342 | loss 3.8269 | lr_mult 0.9995 | tok/s 254548 | grad_norm 1.385
step 1150/11342 | loss 3.8040 | lr_mult 0.9995 | tok/s 254566 | grad_norm 1.382
step 1160/11342 | loss 3.7904 | lr_mult 0.9994 | tok/s 254586 | grad_norm 1.253
step 1170/11342 | loss 3.8380 | lr_mult 0.9993 | tok/s 254604 | grad_norm 1.301
step 1180/11342 | loss 3.7677 | lr_mult 0.9993 | tok/s 254622 | grad_norm 1.352
step 1190/11342 | loss 3.8032 | lr_mult 0.9992 | tok/s 254640 | grad_norm 1.286
step 1200/11342 | loss 3.7356 | lr_mult 0.9991 | tok/s 254658 | grad_norm 1.256
step 1210/11342 | loss 3.7694 | lr_mult 0.9990 | tok/s 254675 | grad_norm 1.227
step 1220/11342 | loss 3.7633 | lr_mult 0.9989 | tok/s 254692 | grad_norm 1.216
step 1230/11342 | loss 3.7846 | lr_mult 0.9988 | tok/s 254709 | grad_norm 1.017
step 1240/11342 | loss 3.7336 | lr_mult 0.9987 | tok/s 254725 | grad_norm 1.063
step 1250/11342 | loss 3.7249 | lr_mult 0.9986 | tok/s 254741 | grad_norm 1.041
step 1260/11342 | loss 3.7329 | lr_mult 0.9984 | tok/s 254757 | grad_norm 1.188
step 1270/11342 | loss 3.7041 | lr_mult 0.9983 | tok/s 254773 | grad_norm 1.103
step 1280/11342 | loss 3.7296 | lr_mult 0.9982 | tok/s 254789 | grad_norm 0.993
step 1290/11342 | loss 3.6969 | lr_mult 0.9981 | tok/s 254804 | grad_norm 0.997
step 1300/11342 | loss 3.6876 | lr_mult 0.9979 | tok/s 254819 | grad_norm 0.905
step 1310/11342 | loss 3.7129 | lr_mult 0.9978 | tok/s 254834 | grad_norm 0.915
step 1320/11342 | loss 3.6790 | lr_mult 0.9976 | tok/s 254849 | grad_norm 1.057
step 1330/11342 | loss 3.6905 | lr_mult 0.9975 | tok/s 254863 | grad_norm 0.775
step 1340/11342 | loss 3.7294 | lr_mult 0.9973 | tok/s 254878 | grad_norm 1.079
step 1350/11342 | loss 3.6881 | lr_mult 0.9972 | tok/s 254892 | grad_norm 1.399
step 1360/11342 | loss 3.6633 | lr_mult 0.9970 | tok/s 254907 | grad_norm 0.968
step 1370/11342 | loss 3.6976 | lr_mult 0.9968 | tok/s 254921 | grad_norm 1.019
step 1380/11342 | loss 3.6746 | lr_mult 0.9967 | tok/s 254935 | grad_norm 0.854
step 1390/11342 | loss 3.6561 | lr_mult 0.9965 | tok/s 254949 | grad_norm 1.113
step 1400/11342 | loss 3.6923 | lr_mult 0.9963 | tok/s 254961 | grad_norm 0.823
step 1410/11342 | loss 3.6390 | lr_mult 0.9961 | tok/s 254974 | grad_norm 1.029
step 1420/11342 | loss 3.6448 | lr_mult 0.9959 | tok/s 254987 | grad_norm 0.957
step 1430/11342 | loss 3.6796 | lr_mult 0.9957 | tok/s 255000 | grad_norm 0.943
step 1440/11342 | loss 3.6445 | lr_mult 0.9955 | tok/s 255013 | grad_norm 0.955
step 1450/11342 | loss 3.6285 | lr_mult 0.9953 | tok/s 255026 | grad_norm 0.764
step 1460/11342 | loss 3.6743 | lr_mult 0.9951 | tok/s 255038 | grad_norm 0.906
step 1470/11342 | loss 3.6153 | lr_mult 0.9949 | tok/s 255050 | grad_norm 0.855
step 1480/11342 | loss 3.6479 | lr_mult 0.9947 | tok/s 255062 | grad_norm 0.759
step 1490/11342 | loss 3.6012 | lr_mult 0.9945 | tok/s 255075 | grad_norm 0.773
step 1500/11342 | loss 3.6356 | lr_mult 0.9942 | tok/s 255086 | grad_norm 0.855
step 1500/11342 | val_loss 3.6182
step 1510/11342 | loss 3.6342 | lr_mult 0.9940 | tok/s 254525 | grad_norm 0.742
step 1520/11342 | loss 3.6169 | lr_mult 0.9938 | tok/s 254540 | grad_norm 0.875
step 1530/11342 | loss 3.6031 | lr_mult 0.9935 | tok/s 254554 | grad_norm 0.757
step 1540/11342 | loss 3.6149 | lr_mult 0.9933 | tok/s 254569 | grad_norm 0.939
step 1550/11342 | loss 3.6569 | lr_mult 0.9930 | tok/s 254583 | grad_norm 0.725
step 1560/11342 | loss 3.6132 | lr_mult 0.9928 | tok/s 254597 | grad_norm 0.664
step 1570/11342 | loss 3.6009 | lr_mult 0.9925 | tok/s 254611 | grad_norm 0.652
step 1580/11342 | loss 3.5737 | lr_mult 0.9923 | tok/s 254625 | grad_norm 0.714
step 1590/11342 | loss 3.5537 | lr_mult 0.9920 | tok/s 254639 | grad_norm 0.701
step 1600/11342 | loss 3.6035 | lr_mult 0.9917 | tok/s 254653 | grad_norm 0.747
step 1610/11342 | loss 3.5746 | lr_mult 0.9914 | tok/s 254666 | grad_norm 0.776
step 1620/11342 | loss 3.5527 | lr_mult 0.9912 | tok/s 254679 | grad_norm 0.721
step 1630/11342 | loss 3.5592 | lr_mult 0.9909 | tok/s 254692 | grad_norm 0.894
step 1640/11342 | loss 3.5602 | lr_mult 0.9906 | tok/s 254705 | grad_norm 0.722
step 1650/11342 | loss 3.5920 | lr_mult 0.9903 | tok/s 254718 | grad_norm 0.718
step 1660/11342 | loss 3.5888 | lr_mult 0.9900 | tok/s 254731 | grad_norm 0.614
step 1670/11342 | loss 3.5766 | lr_mult 0.9897 | tok/s 254744 | grad_norm 0.781
step 1680/11342 | loss 3.5187 | lr_mult 0.9894 | tok/s 254757 | grad_norm 0.639
step 1690/11342 | loss 3.5267 | lr_mult 0.9891 | tok/s 254769 | grad_norm 0.629
step 1700/11342 | loss 3.5452 | lr_mult 0.9887 | tok/s 254780 | grad_norm 0.723
step 1710/11342 | loss 3.5733 | lr_mult 0.9884 | tok/s 254793 | grad_norm 0.707
step 1720/11342 | loss 3.5606 | lr_mult 0.9881 | tok/s 254804 | grad_norm 0.702
step 1730/11342 | loss 3.5710 | lr_mult 0.9878 | tok/s 254816 | grad_norm 0.609
step 1740/11342 | loss 3.5657 | lr_mult 0.9874 | tok/s 254828 | grad_norm 0.661
step 1750/11342 | loss 3.5491 | lr_mult 0.9871 | tok/s 254839 | grad_norm 0.703
step 1760/11342 | loss 3.5085 | lr_mult 0.9867 | tok/s 254851 | grad_norm 0.772
step 1770/11342 | loss 3.5294 | lr_mult 0.9864 | tok/s 254862 | grad_norm 0.617
step 1780/11342 | loss 3.5116 | lr_mult 0.9860 | tok/s 254873 | grad_norm 0.632
step 1790/11342 | loss 3.5385 | lr_mult 0.9857 | tok/s 254884 | grad_norm 0.752
step 1800/11342 | loss 3.5387 | lr_mult 0.9853 | tok/s 254895 | grad_norm 0.547
step 1810/11342 | loss 3.5492 | lr_mult 0.9849 | tok/s 254905 | grad_norm 0.537
step 1820/11342 | loss 3.5420 | lr_mult 0.9846 | tok/s 254916 | grad_norm 0.596
step 1830/11342 | loss 3.5200 | lr_mult 0.9842 | tok/s 254927 | grad_norm 0.624
step 1840/11342 | loss 3.5303 | lr_mult 0.9838 | tok/s 254938 | grad_norm 0.645
step 1850/11342 | loss 3.4988 | lr_mult 0.9834 | tok/s 254948 | grad_norm 0.706
step 1860/11342 | loss 3.5424 | lr_mult 0.9830 | tok/s 254958 | grad_norm 0.570
step 1870/11342 | loss 3.5075 | lr_mult 0.9826 | tok/s 254968 | grad_norm 0.653
step 1880/11342 | loss 3.5276 | lr_mult 0.9822 | tok/s 254978 | grad_norm 0.655
step 1890/11342 | loss 3.5035 | lr_mult 0.9818 | tok/s 254987 | grad_norm 0.516
step 1900/11342 | loss 3.5356 | lr_mult 0.9814 | tok/s 254997 | grad_norm 0.722
step 1910/11342 | loss 3.4943 | lr_mult 0.9810 | tok/s 255007 | grad_norm 0.505
step 1920/11342 | loss 3.4872 | lr_mult 0.9806 | tok/s 255016 | grad_norm 0.583
step 1930/11342 | loss 3.5386 | lr_mult 0.9802 | tok/s 255026 | grad_norm 0.589
step 1940/11342 | loss 3.5430 | lr_mult 0.9798 | tok/s 255035 | grad_norm 0.671
step 1950/11342 | loss 3.5206 | lr_mult 0.9793 | tok/s 255045 | grad_norm 0.592
step 1960/11342 | loss 3.4767 | lr_mult 0.9789 | tok/s 255054 | grad_norm 0.556
step 1970/11342 | loss 3.5153 | lr_mult 0.9785 | tok/s 255064 | grad_norm 0.569
step 1980/11342 | loss 3.4579 | lr_mult 0.9780 | tok/s 255073 | grad_norm 0.616
step 1990/11342 | loss 3.4432 | lr_mult 0.9776 | tok/s 255082 | grad_norm 0.625
step 2000/11342 | loss 3.4831 | lr_mult 0.9771 | tok/s 255091 | grad_norm 0.526
step 2000/11342 | val_loss 3.4702
step 2010/11342 | loss 3.5178 | lr_mult 0.9767 | tok/s 254671 | grad_norm 0.594
step 2020/11342 | loss 3.4695 | lr_mult 0.9762 | tok/s 254682 | grad_norm 0.545
step 2030/11342 | loss 3.4736 | lr_mult 0.9757 | tok/s 254692 | grad_norm 0.519
step 2040/11342 | loss 3.4808 | lr_mult 0.9753 | tok/s 254702 | grad_norm 0.549
step 2050/11342 | loss 3.4092 | lr_mult 0.9748 | tok/s 254713 | grad_norm 0.531
step 2060/11342 | loss 3.4865 | lr_mult 0.9743 | tok/s 254723 | grad_norm 0.576
step 2070/11342 | loss 3.4878 | lr_mult 0.9738 | tok/s 254733 | grad_norm 0.494
step 2080/11342 | loss 3.4859 | lr_mult 0.9733 | tok/s 254744 | grad_norm 0.597
step 2090/11342 | loss 3.4790 | lr_mult 0.9728 | tok/s 254754 | grad_norm 0.463
step 2100/11342 | loss 3.4780 | lr_mult 0.9723 | tok/s 254764 | grad_norm 0.497
step 2110/11342 | loss 3.4830 | lr_mult 0.9718 | tok/s 254774 | grad_norm 0.523
step 2120/11342 | loss 3.4670 | lr_mult 0.9713 | tok/s 254783 | grad_norm 0.604
step 2130/11342 | loss 3.4314 | lr_mult 0.9708 | tok/s 254793 | grad_norm 0.457
step 2140/11342 | loss 3.4119 | lr_mult 0.9703 | tok/s 254803 | grad_norm 0.481
step 2150/11342 | loss 3.4616 | lr_mult 0.9698 | tok/s 254812 | grad_norm 0.459
step 2160/11342 | loss 3.4766 | lr_mult 0.9693 | tok/s 254822 | grad_norm 0.502
step 2170/11342 | loss 3.4634 | lr_mult 0.9688 | tok/s 254831 | grad_norm 0.567
step 2180/11342 | loss 3.4297 | lr_mult 0.9682 | tok/s 254840 | grad_norm 0.516
step 2190/11342 | loss 3.4191 | lr_mult 0.9677 | tok/s 254849 | grad_norm 0.508
step 2200/11342 | loss 3.4312 | lr_mult 0.9671 | tok/s 254858 | grad_norm 0.535
step 2210/11342 | loss 3.4756 | lr_mult 0.9666 | tok/s 254867 | grad_norm 0.554
step 2220/11342 | loss 3.4142 | lr_mult 0.9661 | tok/s 254876 | grad_norm 0.515
step 2230/11342 | loss 3.4231 | lr_mult 0.9655 | tok/s 254885 | grad_norm 0.448
step 2240/11342 | loss 3.4485 | lr_mult 0.9649 | tok/s 254893 | grad_norm 0.486
step 2250/11342 | loss 3.4368 | lr_mult 0.9644 | tok/s 254902 | grad_norm 0.458
step 2260/11342 | loss 3.4322 | lr_mult 0.9638 | tok/s 254910 | grad_norm 0.526
step 2270/11342 | loss 3.4348 | lr_mult 0.9633 | tok/s 254919 | grad_norm 0.489
step 2280/11342 | loss 3.3915 | lr_mult 0.9627 | tok/s 254927 | grad_norm 0.492
step 2290/11342 | loss 3.3924 | lr_mult 0.9621 | tok/s 254936 | grad_norm 0.447
step 2300/11342 | loss 3.4003 | lr_mult 0.9615 | tok/s 254944 | grad_norm 0.463
step 2310/11342 | loss 3.4107 | lr_mult 0.9609 | tok/s 254952 | grad_norm 0.462
step 2320/11342 | loss 3.4176 | lr_mult 0.9603 | tok/s 254960 | grad_norm 0.553
step 2330/11342 | loss 3.3810 | lr_mult 0.9597 | tok/s 254969 | grad_norm 0.538
step 2340/11342 | loss 3.4414 | lr_mult 0.9591 | tok/s 254976 | grad_norm 0.568
step 2350/11342 | loss 3.4122 | lr_mult 0.9585 | tok/s 254985 | grad_norm 0.523
step 2360/11342 | loss 3.3714 | lr_mult 0.9579 | tok/s 254992 | grad_norm 0.543
step 2370/11342 | loss 3.4298 | lr_mult 0.9573 | tok/s 255000 | grad_norm 0.465
step 2380/11342 | loss 3.4102 | lr_mult 0.9567 | tok/s 255008 | grad_norm 0.435
step 2390/11342 | loss 3.4243 | lr_mult 0.9561 | tok/s 255015 | grad_norm 0.452
step 2400/11342 | loss 3.4164 | lr_mult 0.9555 | tok/s 255023 | grad_norm 0.563
step 2410/11342 | loss 3.3702 | lr_mult 0.9548 | tok/s 255031 | grad_norm 0.501
step 2420/11342 | loss 3.4194 | lr_mult 0.9542 | tok/s 255038 | grad_norm 0.495
step 2430/11342 | loss 3.3911 | lr_mult 0.9536 | tok/s 255046 | grad_norm 0.524
step 2440/11342 | loss 3.3671 | lr_mult 0.9529 | tok/s 255054 | grad_norm 0.531
step 2450/11342 | loss 3.4287 | lr_mult 0.9523 | tok/s 255061 | grad_norm 0.445
step 2460/11342 | loss 3.4343 | lr_mult 0.9516 | tok/s 255068 | grad_norm 0.448
step 2470/11342 | loss 3.4005 | lr_mult 0.9510 | tok/s 255076 | grad_norm 0.450
step 2480/11342 | loss 3.3665 | lr_mult 0.9503 | tok/s 255083 | grad_norm 0.518
step 2490/11342 | loss 3.3723 | lr_mult 0.9497 | tok/s 255090 | grad_norm 0.433
step 2500/11342 | loss 3.3854 | lr_mult 0.9490 | tok/s 255097 | grad_norm 0.448
step 2500/11342 | val_loss 3.3809
step 2510/11342 | loss 3.4009 | lr_mult 0.9483 | tok/s 254761 | grad_norm 0.582
step 2520/11342 | loss 3.3657 | lr_mult 0.9476 | tok/s 254770 | grad_norm 0.408
step 2530/11342 | loss 3.3514 | lr_mult 0.9470 | tok/s 254778 | grad_norm 0.562
step 2540/11342 | loss 3.3864 | lr_mult 0.9463 | tok/s 254786 | grad_norm 0.515
step 2550/11342 | loss 3.3763 | lr_mult 0.9456 | tok/s 254793 | grad_norm 0.438
step 2560/11342 | loss 3.3870 | lr_mult 0.9449 | tok/s 254802 | grad_norm 0.477
step 2570/11342 | loss 3.4078 | lr_mult 0.9442 | tok/s 254810 | grad_norm 0.453
step 2580/11342 | loss 3.3456 | lr_mult 0.9435 | tok/s 254817 | grad_norm 0.434
step 2590/11342 | loss 3.3654 | lr_mult 0.9428 | tok/s 254825 | grad_norm 0.422
step 2600/11342 | loss 3.3467 | lr_mult 0.9421 | tok/s 254833 | grad_norm 0.447
step 2610/11342 | loss 3.3325 | lr_mult 0.9414 | tok/s 254841 | grad_norm 0.424
step 2620/11342 | loss 3.3434 | lr_mult 0.9407 | tok/s 254849 | grad_norm 0.487
step 2630/11342 | loss 3.3881 | lr_mult 0.9399 | tok/s 254857 | grad_norm 0.488
step 2640/11342 | loss 3.3570 | lr_mult 0.9392 | tok/s 254865 | grad_norm 0.480
step 2650/11342 | loss 3.3488 | lr_mult 0.9385 | tok/s 254872 | grad_norm 0.448
step 2660/11342 | loss 3.3522 | lr_mult 0.9378 | tok/s 254880 | grad_norm 0.441
step 2670/11342 | loss 3.3440 | lr_mult 0.9370 | tok/s 254887 | grad_norm 0.524
step 2680/11342 | loss 3.3873 | lr_mult 0.9363 | tok/s 254894 | grad_norm 0.472
step 2690/11342 | loss 3.4238 | lr_mult 0.9355 | tok/s 254901 | grad_norm 0.408
step 2700/11342 | loss 3.3816 | lr_mult 0.9348 | tok/s 254909 | grad_norm 0.417
step 2710/11342 | loss 3.3599 | lr_mult 0.9340 | tok/s 254916 | grad_norm 0.436
step 2720/11342 | loss 3.3871 | lr_mult 0.9333 | tok/s 254923 | grad_norm 0.483
step 2730/11342 | loss 3.3331 | lr_mult 0.9325 | tok/s 254930 | grad_norm 0.428
step 2740/11342 | loss 3.3526 | lr_mult 0.9318 | tok/s 254937 | grad_norm 0.429
step 2750/11342 | loss 3.3525 | lr_mult 0.9310 | tok/s 254944 | grad_norm 0.382
step 2760/11342 | loss 3.3721 | lr_mult 0.9302 | tok/s 254952 | grad_norm 0.462
step 2770/11342 | loss 3.3972 | lr_mult 0.9295 | tok/s 254959 | grad_norm 0.447
step 2780/11342 | loss 3.3683 | lr_mult 0.9287 | tok/s 254966 | grad_norm 0.476
step 2790/11342 | loss 3.3393 | lr_mult 0.9279 | tok/s 254972 | grad_norm 0.435
step 2800/11342 | loss 3.3466 | lr_mult 0.9271 | tok/s 254979 | grad_norm 0.408
step 2810/11342 | loss 3.3235 | lr_mult 0.9263 | tok/s 254986 | grad_norm 0.448
step 2820/11342 | loss 3.3371 | lr_mult 0.9255 | tok/s 254993 | grad_norm 0.470
step 2830/11342 | loss 3.3170 | lr_mult 0.9247 | tok/s 254999 | grad_norm 0.424
step 2840/11342 | loss 3.3186 | lr_mult 0.9239 | tok/s 255006 | grad_norm 0.440
step 2850/11342 | loss 3.3229 | lr_mult 0.9231 | tok/s 255013 | grad_norm 0.431
step 2860/11342 | loss 3.3612 | lr_mult 0.9223 | tok/s 255019 | grad_norm 0.454
step 2870/11342 | loss 3.3614 | lr_mult 0.9215 | tok/s 255026 | grad_norm 0.484
step 2880/11342 | loss 3.3214 | lr_mult 0.9207 | tok/s 255032 | grad_norm 0.454
step 2890/11342 | loss 3.2999 | lr_mult 0.9198 | tok/s 255039 | grad_norm 0.400
step 2900/11342 | loss 3.3552 | lr_mult 0.9190 | tok/s 255045 | grad_norm 0.491
step 2910/11342 | loss 3.3457 | lr_mult 0.9182 | tok/s 255051 | grad_norm 0.433
step 2920/11342 | loss 3.3832 | lr_mult 0.9173 | tok/s 255057 | grad_norm 0.454
step 2930/11342 | loss 3.3658 | lr_mult 0.9165 | tok/s 255064 | grad_norm 0.410
step 2940/11342 | loss 3.3698 | lr_mult 0.9157 | tok/s 255070 | grad_norm 0.416
step 2950/11342 | loss 3.3015 | lr_mult 0.9148 | tok/s 255076 | grad_norm 0.450
step 2960/11342 | loss 3.2877 | lr_mult 0.9140 | tok/s 255082 | grad_norm 0.415
step 2970/11342 | loss 3.3358 | lr_mult 0.9131 | tok/s 255088 | grad_norm 0.456
step 2980/11342 | loss 3.3367 | lr_mult 0.9123 | tok/s 255094 | grad_norm 0.380
step 2990/11342 | loss 3.2925 | lr_mult 0.9114 | tok/s 255100 | grad_norm 0.391
step 3000/11342 | loss 3.3434 | lr_mult 0.9105 | tok/s 255106 | grad_norm 0.404
step 3000/11342 | val_loss 3.3178
step 3010/11342 | loss 3.3200 | lr_mult 0.9097 | tok/s 254826 | grad_norm 0.352
step 3020/11342 | loss 3.3019 | lr_mult 0.9088 | tok/s 254833 | grad_norm 0.375
step 3030/11342 | loss 3.3074 | lr_mult 0.9079 | tok/s 254840 | grad_norm 0.403
step 3040/11342 | loss 3.2941 | lr_mult 0.9070 | tok/s 254846 | grad_norm 0.421
step 3050/11342 | loss 3.3170 | lr_mult 0.9061 | tok/s 254852 | grad_norm 0.379
step 3060/11342 | loss 3.3402 | lr_mult 0.9053 | tok/s 254859 | grad_norm 0.428
step 3070/11342 | loss 3.3314 | lr_mult 0.9044 | tok/s 254866 | grad_norm 0.447
step 3080/11342 | loss 3.3257 | lr_mult 0.9035 | tok/s 254872 | grad_norm 0.387
step 3090/11342 | loss 3.3112 | lr_mult 0.9026 | tok/s 254879 | grad_norm 0.320
step 3100/11342 | loss 3.3296 | lr_mult 0.9017 | tok/s 254886 | grad_norm 0.407
step 3110/11342 | loss 3.3567 | lr_mult 0.9008 | tok/s 254892 | grad_norm 0.403
step 3120/11342 | loss 3.3212 | lr_mult 0.8999 | tok/s 254898 | grad_norm 0.468
step 3130/11342 | loss 3.3399 | lr_mult 0.8989 | tok/s 254905 | grad_norm 0.379
step 3140/11342 | loss 3.3255 | lr_mult 0.8980 | tok/s 254911 | grad_norm 0.400
step 3150/11342 | loss 3.3050 | lr_mult 0.8971 | tok/s 254917 | grad_norm 0.414
step 3160/11342 | loss 3.3433 | lr_mult 0.8962 | tok/s 254924 | grad_norm 0.443
step 3170/11342 | loss 3.2703 | lr_mult 0.8952 | tok/s 254930 | grad_norm 0.416
step 3180/11342 | loss 3.2872 | lr_mult 0.8943 | tok/s 254936 | grad_norm 0.375
step 3190/11342 | loss 3.3012 | lr_mult 0.8934 | tok/s 254942 | grad_norm 0.376
step 3200/11342 | loss 3.3114 | lr_mult 0.8924 | tok/s 254948 | grad_norm 0.385
step 3210/11342 | loss 3.2716 | lr_mult 0.8915 | tok/s 254954 | grad_norm 0.412
step 3220/11342 | loss 3.2681 | lr_mult 0.8906 | tok/s 254960 | grad_norm 0.344
step 3230/11342 | loss 3.2940 | lr_mult 0.8896 | tok/s 254966 | grad_norm 0.377
step 3240/11342 | loss 3.2800 | lr_mult 0.8886 | tok/s 254972 | grad_norm 0.368
step 3250/11342 | loss 3.3308 | lr_mult 0.8877 | tok/s 254978 | grad_norm 0.375
step 3260/11342 | loss 3.3251 | lr_mult 0.8867 | tok/s 254984 | grad_norm 0.463
step 3270/11342 | loss 3.3191 | lr_mult 0.8858 | tok/s 254990 | grad_norm 0.384
step 3280/11342 | loss 3.2295 | lr_mult 0.8848 | tok/s 254995 | grad_norm 0.433
step 3290/11342 | loss 3.3578 | lr_mult 0.8838 | tok/s 255001 | grad_norm 0.343
step 3300/11342 | loss 3.2956 | lr_mult 0.8828 | tok/s 255007 | grad_norm 0.370
step 3310/11342 | loss 3.3243 | lr_mult 0.8819 | tok/s 255013 | grad_norm 0.350
step 3320/11342 | loss 3.2476 | lr_mult 0.8809 | tok/s 255018 | grad_norm 0.348
step 3330/11342 | loss 3.2936 | lr_mult 0.8799 | tok/s 255024 | grad_norm 0.358
step 3340/11342 | loss 3.3019 | lr_mult 0.8789 | tok/s 255029 | grad_norm 0.357
step 3350/11342 | loss 3.3170 | lr_mult 0.8779 | tok/s 255035 | grad_norm 0.392
step 3360/11342 | loss 3.2686 | lr_mult 0.8769 | tok/s 255040 | grad_norm 0.385
step 3370/11342 | loss 3.2859 | lr_mult 0.8759 | tok/s 255046 | grad_norm 0.347
step 3380/11342 | loss 3.2779 | lr_mult 0.8749 | tok/s 255051 | grad_norm 0.386
step 3390/11342 | loss 3.3481 | lr_mult 0.8739 | tok/s 255056 | grad_norm 0.369
step 3400/11342 | loss 3.2928 | lr_mult 0.8729 | tok/s 255062 | grad_norm 0.375
step 3410/11342 | loss 3.2675 | lr_mult 0.8719 | tok/s 255067 | grad_norm 0.353
step 3420/11342 | loss 3.2881 | lr_mult 0.8709 | tok/s 255072 | grad_norm 0.324
step 3430/11342 | loss 3.2664 | lr_mult 0.8699 | tok/s 255077 | grad_norm 0.361
step 3440/11342 | loss 3.2600 | lr_mult 0.8688 | tok/s 255083 | grad_norm 0.380
step 3450/11342 | loss 3.2564 | lr_mult 0.8678 | tok/s 255088 | grad_norm 0.369
step 3460/11342 | loss 3.2662 | lr_mult 0.8668 | tok/s 255093 | grad_norm 0.383
step 3470/11342 | loss 3.2376 | lr_mult 0.8657 | tok/s 255099 | grad_norm 0.430
step 3480/11342 | loss 3.2837 | lr_mult 0.8647 | tok/s 255104 | grad_norm 0.376
step 3490/11342 | loss 3.2662 | lr_mult 0.8637 | tok/s 255109 | grad_norm 0.399
step 3500/11342 | loss 3.2764 | lr_mult 0.8626 | tok/s 255114 | grad_norm 0.367
step 3500/11342 | val_loss 3.2699
step 3510/11342 | loss 3.2734 | lr_mult 0.8616 | tok/s 254874 | grad_norm 0.379
step 3520/11342 | loss 3.2747 | lr_mult 0.8605 | tok/s 254880 | grad_norm 0.430
step 3530/11342 | loss 3.2632 | lr_mult 0.8595 | tok/s 254885 | grad_norm 0.325
step 3540/11342 | loss 3.2801 | lr_mult 0.8584 | tok/s 254891 | grad_norm 0.354
step 3550/11342 | loss 3.2907 | lr_mult 0.8573 | tok/s 254896 | grad_norm 0.369
step 3560/11342 | loss 3.2996 | lr_mult 0.8563 | tok/s 254902 | grad_norm 0.358
step 3570/11342 | loss 3.2745 | lr_mult 0.8552 | tok/s 254908 | grad_norm 0.351
step 3580/11342 | loss 3.3091 | lr_mult 0.8541 | tok/s 254913 | grad_norm 0.406
step 3590/11342 | loss 3.2660 | lr_mult 0.8531 | tok/s 254919 | grad_norm 0.338
step 3600/11342 | loss 3.3130 | lr_mult 0.8520 | tok/s 254924 | grad_norm 0.368
step 3610/11342 | loss 3.2556 | lr_mult 0.8509 | tok/s 254930 | grad_norm 0.340
step 3620/11342 | loss 3.2912 | lr_mult 0.8498 | tok/s 254935 | grad_norm 0.396
step 3630/11342 | loss 3.2622 | lr_mult 0.8487 | tok/s 254941 | grad_norm 0.344
step 3640/11342 | loss 3.2546 | lr_mult 0.8477 | tok/s 254946 | grad_norm 0.342
step 3650/11342 | loss 3.2828 | lr_mult 0.8466 | tok/s 254952 | grad_norm 0.386
step 3660/11342 | loss 3.3010 | lr_mult 0.8455 | tok/s 254957 | grad_norm 0.373
step 3670/11342 | loss 3.3008 | lr_mult 0.8444 | tok/s 254962 | grad_norm 0.357
step 3680/11342 | loss 3.2561 | lr_mult 0.8433 | tok/s 254968 | grad_norm 0.326
step 3690/11342 | loss 3.2509 | lr_mult 0.8422 | tok/s 254973 | grad_norm 0.325
step 3700/11342 | loss 3.2408 | lr_mult 0.8410 | tok/s 254979 | grad_norm 0.349
step 3710/11342 | loss 3.2535 | lr_mult 0.8399 | tok/s 254984 | grad_norm 0.324
step 3720/11342 | loss 3.2401 | lr_mult 0.8388 | tok/s 254989 | grad_norm 0.342
step 3730/11342 | loss 3.2331 | lr_mult 0.8377 | tok/s 254994 | grad_norm 0.315
step 3740/11342 | loss 3.2594 | lr_mult 0.8366 | tok/s 255000 | grad_norm 0.473
step 3750/11342 | loss 3.2593 | lr_mult 0.8355 | tok/s 255005 | grad_norm 0.316
step 3760/11342 | loss 3.1933 | lr_mult 0.8343 | tok/s 255010 | grad_norm 0.388
step 3770/11342 | loss 3.2500 | lr_mult 0.8332 | tok/s 255015 | grad_norm 0.386
step 3780/11342 | loss 3.2606 | lr_mult 0.8321 | tok/s 255020 | grad_norm 0.332
step 3790/11342 | loss 3.2599 | lr_mult 0.8309 | tok/s 255025 | grad_norm 0.371
step 3800/11342 | loss 3.2777 | lr_mult 0.8298 | tok/s 255030 | grad_norm 0.323
step 3810/11342 | loss 3.2794 | lr_mult 0.8286 | tok/s 255035 | grad_norm 0.338
step 3820/11342 | loss 3.2116 | lr_mult 0.8275 | tok/s 255040 | grad_norm 0.319
step 3830/11342 | loss 3.2460 | lr_mult 0.8263 | tok/s 255045 | grad_norm 0.335
step 3840/11342 | loss 3.2886 | lr_mult 0.8252 | tok/s 255049 | grad_norm 0.362
step 3850/11342 | loss 3.2578 | lr_mult 0.8240 | tok/s 255054 | grad_norm 0.348
step 3860/11342 | loss 3.2422 | lr_mult 0.8229 | tok/s 255059 | grad_norm 0.333
step 3870/11342 | loss 3.2663 | lr_mult 0.8217 | tok/s 255064 | grad_norm 0.327
step 3880/11342 | loss 3.2168 | lr_mult 0.8206 | tok/s 255069 | grad_norm 0.386
step 3890/11342 | loss 3.2730 | lr_mult 0.8194 | tok/s 255074 | grad_norm 0.326
step 3900/11342 | loss 3.2369 | lr_mult 0.8182 | tok/s 255079 | grad_norm 0.334
step 3910/11342 | loss 3.2600 | lr_mult 0.8170 | tok/s 255084 | grad_norm 0.297
step 3920/11342 | loss 3.2752 | lr_mult 0.8159 | tok/s 255088 | grad_norm 0.344
step 3930/11342 | loss 3.2371 | lr_mult 0.8147 | tok/s 255093 | grad_norm 0.309
step 3940/11342 | loss 3.2359 | lr_mult 0.8135 | tok/s 255098 | grad_norm 0.319
step 3950/11342 | loss 3.2428 | lr_mult 0.8123 | tok/s 255102 | grad_norm 0.301
step 3960/11342 | loss 3.2906 | lr_mult 0.8111 | tok/s 255107 | grad_norm 0.374
step 3970/11342 | loss 3.2523 | lr_mult 0.8099 | tok/s 255112 | grad_norm 0.377
step 3980/11342 | loss 3.2348 | lr_mult 0.8088 | tok/s 255116 | grad_norm 0.291
step 3990/11342 | loss 3.2188 | lr_mult 0.8076 | tok/s 255121 | grad_norm 0.343
step 4000/11342 | loss 3.2331 | lr_mult 0.8064 | tok/s 255125 | grad_norm 0.302
step 4000/11342 | val_loss 3.2257
step 4010/11342 | loss 3.2626 | lr_mult 0.8052 | tok/s 254916 | grad_norm 0.309
step 4020/11342 | loss 3.2298 | lr_mult 0.8039 | tok/s 254921 | grad_norm 0.317
step 4030/11342 | loss 3.2557 | lr_mult 0.8027 | tok/s 254926 | grad_norm 0.335
step 4040/11342 | loss 3.2294 | lr_mult 0.8015 | tok/s 254931 | grad_norm 0.316
step 4050/11342 | loss 3.2775 | lr_mult 0.8003 | tok/s 254936 | grad_norm 0.366
step 4060/11342 | loss 3.2285 | lr_mult 0.7991 | tok/s 254941 | grad_norm 0.342
step 4070/11342 | loss 3.2054 | lr_mult 0.7979 | tok/s 254946 | grad_norm 0.298
step 4080/11342 | loss 3.2305 | lr_mult 0.7967 | tok/s 254951 | grad_norm 0.311
step 4090/11342 | loss 3.2642 | lr_mult 0.7954 | tok/s 254955 | grad_norm 0.289
step 4100/11342 | loss 3.2774 | lr_mult 0.7942 | tok/s 254960 | grad_norm 0.334
step 4110/11342 | loss 3.2089 | lr_mult 0.7930 | tok/s 254965 | grad_norm 0.310
step 4120/11342 | loss 3.2095 | lr_mult 0.7918 | tok/s 254970 | grad_norm 0.314
step 4130/11342 | loss 3.1893 | lr_mult 0.7905 | tok/s 254975 | grad_norm 0.358
step 4140/11342 | loss 3.2647 | lr_mult 0.7893 | tok/s 254979 | grad_norm 0.311
step 4150/11342 | loss 3.2407 | lr_mult 0.7880 | tok/s 254984 | grad_norm 0.337
step 4160/11342 | loss 3.2222 | lr_mult 0.7868 | tok/s 254989 | grad_norm 0.323
step 4170/11342 | loss 3.2503 | lr_mult 0.7855 | tok/s 254994 | grad_norm 0.320
step 4180/11342 | loss 3.2082 | lr_mult 0.7843 | tok/s 254998 | grad_norm 0.304
step 4190/11342 | loss 3.2070 | lr_mult 0.7831 | tok/s 255003 | grad_norm 0.314
step 4200/11342 | loss 3.1994 | lr_mult 0.7818 | tok/s 255008 | grad_norm 0.288
step 4210/11342 | loss 3.2278 | lr_mult 0.7805 | tok/s 255013 | grad_norm 0.357
step 4220/11342 | loss 3.2102 | lr_mult 0.7793 | tok/s 255017 | grad_norm 0.340
step 4230/11342 | loss 3.1877 | lr_mult 0.7780 | tok/s 255022 | grad_norm 0.338
step 4240/11342 | loss 3.2135 | lr_mult 0.7768 | tok/s 255026 | grad_norm 0.301
step 4250/11342 | loss 3.2448 | lr_mult 0.7755 | tok/s 255031 | grad_norm 0.290
step 4260/11342 | loss 3.2085 | lr_mult 0.7742 | tok/s 255036 | grad_norm 0.324
step 4270/11342 | loss 3.2295 | lr_mult 0.7730 | tok/s 255040 | grad_norm 0.299
step 4280/11342 | loss 3.1899 | lr_mult 0.7717 | tok/s 255045 | grad_norm 0.318
step 4290/11342 | loss 3.2087 | lr_mult 0.7704 | tok/s 255049 | grad_norm 0.309
step 4300/11342 | loss 3.2001 | lr_mult 0.7691 | tok/s 255053 | grad_norm 0.302
step 4310/11342 | loss 3.1952 | lr_mult 0.7678 | tok/s 255058 | grad_norm 0.306
step 4320/11342 | loss 3.2478 | lr_mult 0.7666 | tok/s 255062 | grad_norm 0.300
step 4330/11342 | loss 3.2130 | lr_mult 0.7653 | tok/s 255067 | grad_norm 0.302
step 4340/11342 | loss 3.2085 | lr_mult 0.7640 | tok/s 255071 | grad_norm 0.316
step 4350/11342 | loss 3.1851 | lr_mult 0.7627 | tok/s 255076 | grad_norm 0.328
step 4360/11342 | loss 3.2193 | lr_mult 0.7614 | tok/s 255080 | grad_norm 0.284
step 4370/11342 | loss 3.2520 | lr_mult 0.7601 | tok/s 255084 | grad_norm 0.286
step 4380/11342 | loss 3.2312 | lr_mult 0.7588 | tok/s 255089 | grad_norm 0.295
step 4390/11342 | loss 3.2056 | lr_mult 0.7575 | tok/s 255093 | grad_norm 0.312
step 4400/11342 | loss 3.1802 | lr_mult 0.7562 | tok/s 255097 | grad_norm 0.342
step 4410/11342 | loss 3.1904 | lr_mult 0.7549 | tok/s 255102 | grad_norm 0.302
step 4420/11342 | loss 3.1884 | lr_mult 0.7536 | tok/s 255106 | grad_norm 0.288
step 4430/11342 | loss 3.2183 | lr_mult 0.7523 | tok/s 255110 | grad_norm 0.297
step 4440/11342 | loss 3.2345 | lr_mult 0.7510 | tok/s 255115 | grad_norm 0.278
step 4450/11342 | loss 3.1986 | lr_mult 0.7496 | tok/s 255119 | grad_norm 0.286
step 4460/11342 | loss 3.2075 | lr_mult 0.7483 | tok/s 255123 | grad_norm 0.325
step 4470/11342 | loss 3.1671 | lr_mult 0.7470 | tok/s 255127 | grad_norm 0.277
step 4480/11342 | loss 3.1824 | lr_mult 0.7457 | tok/s 255132 | grad_norm 0.319
step 4490/11342 | loss 3.2159 | lr_mult 0.7444 | tok/s 255136 | grad_norm 0.277
step 4500/11342 | loss 3.2090 | lr_mult 0.7430 | tok/s 255140 | grad_norm 0.293
step 4500/11342 | val_loss 3.1928
step 4510/11342 | loss 3.1839 | lr_mult 0.7417 | tok/s 254953 | grad_norm 0.285
step 4520/11342 | loss 3.1801 | lr_mult 0.7404 | tok/s 254957 | grad_norm 0.300
step 4530/11342 | loss 3.1933 | lr_mult 0.7390 | tok/s 254962 | grad_norm 0.272
step 4540/11342 | loss 3.2000 | lr_mult 0.7377 | tok/s 254966 | grad_norm 0.284
step 4550/11342 | loss 3.1898 | lr_mult 0.7364 | tok/s 254971 | grad_norm 0.286
step 4560/11342 | loss 3.1672 | lr_mult 0.7350 | tok/s 254975 | grad_norm 0.307
step 4570/11342 | loss 3.1518 | lr_mult 0.7337 | tok/s 254979 | grad_norm 0.289
step 4580/11342 | loss 3.2110 | lr_mult 0.7324 | tok/s 254984 | grad_norm 0.313
step 4590/11342 | loss 3.1846 | lr_mult 0.7310 | tok/s 254988 | grad_norm 0.310
step 4600/11342 | loss 3.2034 | lr_mult 0.7297 | tok/s 254992 | grad_norm 0.288
step 4610/11342 | loss 3.2160 | lr_mult 0.7283 | tok/s 254997 | grad_norm 0.269
step 4620/11342 | loss 3.1657 | lr_mult 0.7270 | tok/s 255001 | grad_norm 0.280
step 4630/11342 | loss 3.1862 | lr_mult 0.7256 | tok/s 255005 | grad_norm 0.267
step 4640/11342 | loss 3.1881 | lr_mult 0.7242 | tok/s 255009 | grad_norm 0.287
step 4650/11342 | loss 3.1852 | lr_mult 0.7229 | tok/s 255014 | grad_norm 0.284
step 4660/11342 | loss 3.1691 | lr_mult 0.7215 | tok/s 255018 | grad_norm 0.311
step 4670/11342 | loss 3.1337 | lr_mult 0.7202 | tok/s 255022 | grad_norm 0.274
step 4680/11342 | loss 3.1682 | lr_mult 0.7188 | tok/s 255026 | grad_norm 0.321
step 4690/11342 | loss 3.1665 | lr_mult 0.7174 | tok/s 255030 | grad_norm 0.269
step 4700/11342 | loss 3.2399 | lr_mult 0.7161 | tok/s 255034 | grad_norm 0.316
step 4710/11342 | loss 3.1609 | lr_mult 0.7147 | tok/s 255038 | grad_norm 0.272
step 4720/11342 | loss 3.1725 | lr_mult 0.7133 | tok/s 255042 | grad_norm 0.307
step 4730/11342 | loss 3.1970 | lr_mult 0.7119 | tok/s 255046 | grad_norm 0.252
step 4740/11342 | loss 3.1830 | lr_mult 0.7106 | tok/s 255050 | grad_norm 0.293
step 4750/11342 | loss 3.2097 | lr_mult 0.7092 | tok/s 255054 | grad_norm 0.308
step 4760/11342 | loss 3.1373 | lr_mult 0.7078 | tok/s 255059 | grad_norm 0.285
step 4770/11342 | loss 3.1769 | lr_mult 0.7064 | tok/s 255063 | grad_norm 0.294
step 4780/11342 | loss 3.1613 | lr_mult 0.7050 | tok/s 255067 | grad_norm 0.265
step 4790/11342 | loss 3.1713 | lr_mult 0.7037 | tok/s 255071 | grad_norm 0.269
step 4800/11342 | loss 3.1919 | lr_mult 0.7023 | tok/s 255075 | grad_norm 0.257
step 4810/11342 | loss 3.1928 | lr_mult 0.7009 | tok/s 255079 | grad_norm 0.306
step 4820/11342 | loss 3.1973 | lr_mult 0.6995 | tok/s 255083 | grad_norm 0.290
step 4830/11342 | loss 3.1859 | lr_mult 0.6981 | tok/s 255087 | grad_norm 0.238
step 4840/11342 | loss 3.2002 | lr_mult 0.6967 | tok/s 255091 | grad_norm 0.299
step 4850/11342 | loss 3.2201 | lr_mult 0.6953 | tok/s 255095 | grad_norm 0.264
step 4860/11342 | loss 3.2069 | lr_mult 0.6939 | tok/s 255098 | grad_norm 0.302
step 4870/11342 | loss 3.1540 | lr_mult 0.6925 | tok/s 255102 | grad_norm 0.282
step 4880/11342 | loss 3.1994 | lr_mult 0.6911 | tok/s 255106 | grad_norm 0.266
step 4890/11342 | loss 3.1624 | lr_mult 0.6897 | tok/s 255110 | grad_norm 0.287
step 4900/11342 | loss 3.2029 | lr_mult 0.6883 | tok/s 255114 | grad_norm 0.301
step 4910/11342 | loss 3.1966 | lr_mult 0.6869 | tok/s 255118 | grad_norm 0.229
step 4920/11342 | loss 3.1792 | lr_mult 0.6855 | tok/s 255122 | grad_norm 0.270
step 4930/11342 | loss 3.1684 | lr_mult 0.6841 | tok/s 255125 | grad_norm 0.268
step 4940/11342 | loss 3.1445 | lr_mult 0.6826 | tok/s 255129 | grad_norm 0.285
step 4950/11342 | loss 3.1993 | lr_mult 0.6812 | tok/s 255133 | grad_norm 0.305
step 4960/11342 | loss 3.1848 | lr_mult 0.6798 | tok/s 255137 | grad_norm 0.294
step 4970/11342 | loss 3.1624 | lr_mult 0.6784 | tok/s 255140 | grad_norm 0.280
step 4980/11342 | loss 3.1575 | lr_mult 0.6770 | tok/s 255144 | grad_norm 0.254
step 4990/11342 | loss 3.2029 | lr_mult 0.6756 | tok/s 255148 | grad_norm 0.258
step 5000/11342 | loss 3.1564 | lr_mult 0.6741 | tok/s 255151 | grad_norm 0.249
step 5000/11342 | val_loss 3.1591
step 5010/11342 | loss 3.2044 | lr_mult 0.6727 | tok/s 254984 | grad_norm 0.275
step 5020/11342 | loss 3.1534 | lr_mult 0.6713 | tok/s 254988 | grad_norm 0.255
step 5030/11342 | loss 3.1784 | lr_mult 0.6699 | tok/s 254992 | grad_norm 0.294
step 5040/11342 | loss 3.1893 | lr_mult 0.6684 | tok/s 254996 | grad_norm 0.275
step 5050/11342 | loss 3.1771 | lr_mult 0.6670 | tok/s 254999 | grad_norm 0.287
step 5060/11342 | loss 3.1742 | lr_mult 0.6656 | tok/s 255003 | grad_norm 0.240
step 5070/11342 | loss 3.1461 | lr_mult 0.6641 | tok/s 255007 | grad_norm 0.259
step 5080/11342 | loss 3.1607 | lr_mult 0.6627 | tok/s 255011 | grad_norm 0.258
step 5090/11342 | loss 3.1673 | lr_mult 0.6613 | tok/s 255015 | grad_norm 0.262
step 5100/11342 | loss 3.1611 | lr_mult 0.6598 | tok/s 255019 | grad_norm 0.283
step 5110/11342 | loss 3.1796 | lr_mult 0.6584 | tok/s 255023 | grad_norm 0.257
step 5120/11342 | loss 3.1392 | lr_mult 0.6569 | tok/s 255026 | grad_norm 0.264
step 5130/11342 | loss 3.1716 | lr_mult 0.6555 | tok/s 255030 | grad_norm 0.259
step 5140/11342 | loss 3.1645 | lr_mult 0.6540 | tok/s 255034 | grad_norm 0.269
step 5150/11342 | loss 3.1487 | lr_mult 0.6526 | tok/s 255038 | grad_norm 0.257
step 5160/11342 | loss 3.1586 | lr_mult 0.6512 | tok/s 255041 | grad_norm 0.254
step 5170/11342 | loss 3.1428 | lr_mult 0.6497 | tok/s 255045 | grad_norm 0.248
step 5180/11342 | loss 3.1621 | lr_mult 0.6483 | tok/s 255049 | grad_norm 0.272
step 5190/11342 | loss 3.1542 | lr_mult 0.6468 | tok/s 255052 | grad_norm 0.314
step 5200/11342 | loss 3.1524 | lr_mult 0.6454 | tok/s 255056 | grad_norm 0.261
step 5210/11342 | loss 3.1801 | lr_mult 0.6439 | tok/s 255060 | grad_norm 0.258
step 5220/11342 | loss 3.1601 | lr_mult 0.6424 | tok/s 255064 | grad_norm 0.272
step 5230/11342 | loss 3.1357 | lr_mult 0.6410 | tok/s 255067 | grad_norm 0.302
step 5240/11342 | loss 3.1303 | lr_mult 0.6395 | tok/s 255071 | grad_norm 0.279
step 5250/11342 | loss 3.1676 | lr_mult 0.6381 | tok/s 255074 | grad_norm 0.274
step 5260/11342 | loss 3.1443 | lr_mult 0.6366 | tok/s 255078 | grad_norm 0.276
step 5270/11342 | loss 3.1910 | lr_mult 0.6351 | tok/s 255082 | grad_norm 0.263
step 5280/11342 | loss 3.1516 | lr_mult 0.6337 | tok/s 255085 | grad_norm 0.255
step 5290/11342 | loss 3.1379 | lr_mult 0.6322 | tok/s 255089 | grad_norm 0.247
step 5300/11342 | loss 3.1450 | lr_mult 0.6308 | tok/s 255093 | grad_norm 0.220
step 5310/11342 | loss 3.1551 | lr_mult 0.6293 | tok/s 255096 | grad_norm 0.242
step 5320/11342 | loss 3.1590 | lr_mult 0.6278 | tok/s 255100 | grad_norm 0.251
step 5330/11342 | loss 3.1208 | lr_mult 0.6264 | tok/s 255103 | grad_norm 0.259
step 5340/11342 | loss 3.1560 | lr_mult 0.6249 | tok/s 255107 | grad_norm 0.246
step 5350/11342 | loss 3.1676 | lr_mult 0.6234 | tok/s 255110 | grad_norm 0.245
step 5360/11342 | loss 3.1513 | lr_mult 0.6219 | tok/s 255114 | grad_norm 0.256
step 5370/11342 | loss 3.1309 | lr_mult 0.6205 | tok/s 255117 | grad_norm 0.253
step 5380/11342 | loss 3.1878 | lr_mult 0.6190 | tok/s 255120 | grad_norm 0.257
step 5390/11342 | loss 3.1615 | lr_mult 0.6175 | tok/s 255124 | grad_norm 0.246
step 5400/11342 | loss 3.1640 | lr_mult 0.6160 | tok/s 255127 | grad_norm 0.232
step 5410/11342 | loss 3.1173 | lr_mult 0.6146 | tok/s 255131 | grad_norm 0.234
step 5420/11342 | loss 3.1518 | lr_mult 0.6131 | tok/s 255134 | grad_norm 0.267
step 5430/11342 | loss 3.1376 | lr_mult 0.6116 | tok/s 255137 | grad_norm 0.235
step 5440/11342 | loss 3.1413 | lr_mult 0.6101 | tok/s 255141 | grad_norm 0.224
step 5450/11342 | loss 3.1573 | lr_mult 0.6086 | tok/s 255144 | grad_norm 0.251
step 5460/11342 | loss 3.1325 | lr_mult 0.6072 | tok/s 255148 | grad_norm 0.226
step 5470/11342 | loss 3.1713 | lr_mult 0.6057 | tok/s 255151 | grad_norm 0.213
step 5480/11342 | loss 3.1550 | lr_mult 0.6042 | tok/s 255154 | grad_norm 0.261
step 5490/11342 | loss 3.1423 | lr_mult 0.6027 | tok/s 255158 | grad_norm 0.270
step 5500/11342 | loss 3.1418 | lr_mult 0.6012 | tok/s 255161 | grad_norm 0.245
step 5500/11342 | val_loss 3.1291
step 5510/11342 | loss 3.1110 | lr_mult 0.5997 | tok/s 255009 | grad_norm 0.245
step 5520/11342 | loss 3.1444 | lr_mult 0.5982 | tok/s 255012 | grad_norm 0.256
step 5530/11342 | loss 3.1354 | lr_mult 0.5967 | tok/s 255016 | grad_norm 0.234
step 5540/11342 | loss 3.1250 | lr_mult 0.5953 | tok/s 255019 | grad_norm 0.214
step 5550/11342 | loss 3.1001 | lr_mult 0.5938 | tok/s 255023 | grad_norm 0.251
step 5560/11342 | loss 3.1277 | lr_mult 0.5923 | tok/s 255026 | grad_norm 0.238
step 5570/11342 | loss 3.1384 | lr_mult 0.5908 | tok/s 255030 | grad_norm 0.249
step 5580/11342 | loss 3.1619 | lr_mult 0.5893 | tok/s 255033 | grad_norm 0.260
step 5590/11342 | loss 3.1597 | lr_mult 0.5878 | tok/s 255037 | grad_norm 0.209
step 5600/11342 | loss 3.1410 | lr_mult 0.5863 | tok/s 255040 | grad_norm 0.232
step 5610/11342 | loss 3.1338 | lr_mult 0.5848 | tok/s 255044 | grad_norm 0.249
step 5620/11342 | loss 3.1452 | lr_mult 0.5833 | tok/s 255047 | grad_norm 0.255
step 5630/11342 | loss 3.1561 | lr_mult 0.5818 | tok/s 255051 | grad_norm 0.237
step 5640/11342 | loss 3.1256 | lr_mult 0.5803 | tok/s 255054 | grad_norm 0.256
step 5650/11342 | loss 3.1009 | lr_mult 0.5788 | tok/s 255058 | grad_norm 0.248
step 5660/11342 | loss 3.0856 | lr_mult 0.5773 | tok/s 255061 | grad_norm 0.212
step 5670/11342 | loss 3.1409 | lr_mult 0.5758 | tok/s 255065 | grad_norm 0.245
step 5680/11342 | loss 3.1665 | lr_mult 0.5743 | tok/s 255068 | grad_norm 0.229
step 5690/11342 | loss 3.1191 | lr_mult 0.5728 | tok/s 255072 | grad_norm 0.224
step 5700/11342 | loss 3.1257 | lr_mult 0.5713 | tok/s 255075 | grad_norm 0.235
step 5710/11342 | loss 3.1122 | lr_mult 0.5698 | tok/s 255078 | grad_norm 0.245
step 5720/11342 | loss 3.1269 | lr_mult 0.5683 | tok/s 255081 | grad_norm 0.255
step 5730/11342 | loss 3.1094 | lr_mult 0.5668 | tok/s 255085 | grad_norm 0.259
step 5740/11342 | loss 3.1215 | lr_mult 0.5653 | tok/s 255088 | grad_norm 0.245
step 5750/11342 | loss 3.1104 | lr_mult 0.5638 | tok/s 255091 | grad_norm 0.221
step 5760/11342 | loss 3.1031 | lr_mult 0.5623 | tok/s 255095 | grad_norm 0.233
step 5770/11342 | loss 3.1311 | lr_mult 0.5608 | tok/s 255098 | grad_norm 0.235
step 5780/11342 | loss 3.1070 | lr_mult 0.5592 | tok/s 255102 | grad_norm 0.238
step 5790/11342 | loss 3.1366 | lr_mult 0.5577 | tok/s 255105 | grad_norm 0.213
step 5800/11342 | loss 3.1440 | lr_mult 0.5562 | tok/s 255108 | grad_norm 0.220
step 5810/11342 | loss 3.1071 | lr_mult 0.5547 | tok/s 255111 | grad_norm 0.226
step 5820/11342 | loss 3.1632 | lr_mult 0.5532 | tok/s 255115 | grad_norm 0.205
step 5830/11342 | loss 3.1564 | lr_mult 0.5517 | tok/s 255118 | grad_norm 0.225
step 5840/11342 | loss 3.1163 | lr_mult 0.5502 | tok/s 255121 | grad_norm 0.222
step 5850/11342 | loss 3.1215 | lr_mult 0.5487 | tok/s 255124 | grad_norm 0.215
step 5860/11342 | loss 3.1264 | lr_mult 0.5472 | tok/s 255128 | grad_norm 0.232
step 5870/11342 | loss 3.1022 | lr_mult 0.5457 | tok/s 255131 | grad_norm 0.230
step 5880/11342 | loss 3.1639 | lr_mult 0.5441 | tok/s 255134 | grad_norm 0.195
step 5890/11342 | loss 3.1105 | lr_mult 0.5426 | tok/s 255137 | grad_norm 0.230
step 5900/11342 | loss 3.0715 | lr_mult 0.5411 | tok/s 255140 | grad_norm 0.221
step 5910/11342 | loss 3.1227 | lr_mult 0.5396 | tok/s 255143 | grad_norm 0.216
step 5920/11342 | loss 3.1584 | lr_mult 0.5381 | tok/s 255147 | grad_norm 0.216
step 5930/11342 | loss 3.0982 | lr_mult 0.5366 | tok/s 255150 | grad_norm 0.233
step 5940/11342 | loss 3.1256 | lr_mult 0.5351 | tok/s 255153 | grad_norm 0.212
step 5950/11342 | loss 3.1633 | lr_mult 0.5335 | tok/s 255156 | grad_norm 0.230
step 5960/11342 | loss 3.1157 | lr_mult 0.5320 | tok/s 255159 | grad_norm 0.225
step 5970/11342 | loss 3.0841 | lr_mult 0.5305 | tok/s 255162 | grad_norm 0.228
step 5980/11342 | loss 3.1223 | lr_mult 0.5290 | tok/s 255165 | grad_norm 0.214
step 5990/11342 | loss 3.1769 | lr_mult 0.5275 | tok/s 255168 | grad_norm 0.218
step 6000/11342 | loss 3.1372 | lr_mult 0.5260 | tok/s 255171 | grad_norm 0.221
step 6000/11342 | val_loss 3.1002
step 6010/11342 | loss 3.1231 | lr_mult 0.5244 | tok/s 255032 | grad_norm 0.220
step 6020/11342 | loss 3.1187 | lr_mult 0.5229 | tok/s 255035 | grad_norm 0.213
step 6030/11342 | loss 3.1038 | lr_mult 0.5214 | tok/s 255038 | grad_norm 0.210
step 6040/11342 | loss 3.1042 | lr_mult 0.5199 | tok/s 255041 | grad_norm 0.229
step 6050/11342 | loss 3.0835 | lr_mult 0.5184 | tok/s 255044 | grad_norm 0.215
step 6060/11342 | loss 3.0850 | lr_mult 0.5169 | tok/s 255047 | grad_norm 0.203
step 6070/11342 | loss 3.1080 | lr_mult 0.5153 | tok/s 255050 | grad_norm 0.216
step 6080/11342 | loss 3.0848 | lr_mult 0.5138 | tok/s 255053 | grad_norm 0.220
step 6090/11342 | loss 3.1405 | lr_mult 0.5123 | tok/s 255057 | grad_norm 0.232
step 6100/11342 | loss 3.0822 | lr_mult 0.5108 | tok/s 255060 | grad_norm 0.217
step 6110/11342 | loss 3.0748 | lr_mult 0.5093 | tok/s 255063 | grad_norm 0.221
step 6120/11342 | loss 3.1556 | lr_mult 0.5077 | tok/s 255066 | grad_norm 0.211
step 6130/11342 | loss 3.0930 | lr_mult 0.5062 | tok/s 255069 | grad_norm 0.230
step 6140/11342 | loss 3.0892 | lr_mult 0.5047 | tok/s 255072 | grad_norm 0.203
step 6150/11342 | loss 3.1057 | lr_mult 0.5032 | tok/s 255075 | grad_norm 0.216
step 6160/11342 | loss 3.1359 | lr_mult 0.5017 | tok/s 255078 | grad_norm 0.197
step 6170/11342 | loss 3.1124 | lr_mult 0.5002 | tok/s 255081 | grad_norm 0.206
step 6180/11342 | loss 3.0886 | lr_mult 0.4986 | tok/s 255085 | grad_norm 0.206
step 6190/11342 | loss 3.0916 | lr_mult 0.4971 | tok/s 255088 | grad_norm 0.203
step 6200/11342 | loss 3.1058 | lr_mult 0.4956 | tok/s 255091 | grad_norm 0.206
step 6210/11342 | loss 3.0858 | lr_mult 0.4941 | tok/s 255094 | grad_norm 0.191
step 6220/11342 | loss 3.1296 | lr_mult 0.4926 | tok/s 255096 | grad_norm 0.198
step 6230/11342 | loss 3.0630 | lr_mult 0.4910 | tok/s 255099 | grad_norm 0.201
step 6240/11342 | loss 3.1366 | lr_mult 0.4895 | tok/s 255102 | grad_norm 0.211
step 6250/11342 | loss 3.0881 | lr_mult 0.4880 | tok/s 255105 | grad_norm 0.207
step 6260/11342 | loss 3.0962 | lr_mult 0.4865 | tok/s 255108 | grad_norm 0.202
step 6270/11342 | loss 3.1200 | lr_mult 0.4850 | tok/s 255111 | grad_norm 0.217
step 6280/11342 | loss 3.0759 | lr_mult 0.4834 | tok/s 255114 | grad_norm 0.174
step 6290/11342 | loss 3.1166 | lr_mult 0.4819 | tok/s 255117 | grad_norm 0.218
step 6300/11342 | loss 3.1058 | lr_mult 0.4804 | tok/s 255120 | grad_norm 0.220
step 6310/11342 | loss 3.1255 | lr_mult 0.4789 | tok/s 255123 | grad_norm 0.214
step 6320/11342 | loss 3.1104 | lr_mult 0.4774 | tok/s 255126 | grad_norm 0.194
step 6330/11342 | loss 3.1027 | lr_mult 0.4759 | tok/s 255129 | grad_norm 0.201
step 6340/11342 | loss 3.0863 | lr_mult 0.4743 | tok/s 255132 | grad_norm 0.207
step 6350/11342 | loss 3.0787 | lr_mult 0.4728 | tok/s 255135 | grad_norm 0.195
step 6360/11342 | loss 3.0849 | lr_mult 0.4713 | tok/s 255138 | grad_norm 0.187
step 6370/11342 | loss 3.1136 | lr_mult 0.4698 | tok/s 255141 | grad_norm 0.213
step 6380/11342 | loss 3.0916 | lr_mult 0.4683 | tok/s 255144 | grad_norm 0.217
step 6390/11342 | loss 3.1066 | lr_mult 0.4668 | tok/s 255147 | grad_norm 0.201
step 6400/11342 | loss 3.0817 | lr_mult 0.4652 | tok/s 255149 | grad_norm 0.199
step 6410/11342 | loss 3.1432 | lr_mult 0.4637 | tok/s 255152 | grad_norm 0.185
step 6420/11342 | loss 3.0854 | lr_mult 0.4622 | tok/s 255155 | grad_norm 0.189
step 6430/11342 | loss 3.0726 | lr_mult 0.4607 | tok/s 255158 | grad_norm 0.187
step 6440/11342 | loss 3.0958 | lr_mult 0.4592 | tok/s 255161 | grad_norm 0.191
step 6450/11342 | loss 3.0612 | lr_mult 0.4577 | tok/s 255164 | grad_norm 0.215
step 6460/11342 | loss 3.0961 | lr_mult 0.4562 | tok/s 255166 | grad_norm 0.188
step 6470/11342 | loss 3.0697 | lr_mult 0.4546 | tok/s 255169 | grad_norm 0.194
step 6480/11342 | loss 3.0993 | lr_mult 0.4531 | tok/s 255172 | grad_norm 0.185
step 6490/11342 | loss 3.0573 | lr_mult 0.4516 | tok/s 255175 | grad_norm 0.194
step 6500/11342 | loss 3.1325 | lr_mult 0.4501 | tok/s 255178 | grad_norm 0.219
step 6500/11342 | val_loss 3.0748
step 6510/11342 | loss 3.1037 | lr_mult 0.4486 | tok/s 255049 | grad_norm 0.207
step 6520/11342 | loss 3.1149 | lr_mult 0.4471 | tok/s 255052 | grad_norm 0.206
step 6530/11342 | loss 3.1207 | lr_mult 0.4456 | tok/s 255055 | grad_norm 0.198
step 6540/11342 | loss 3.1149 | lr_mult 0.4441 | tok/s 255058 | grad_norm 0.198
step 6550/11342 | loss 3.0895 | lr_mult 0.4426 | tok/s 255060 | grad_norm 0.191
step 6560/11342 | loss 3.0898 | lr_mult 0.4411 | tok/s 255063 | grad_norm 0.202
step 6570/11342 | loss 3.0804 | lr_mult 0.4395 | tok/s 255066 | grad_norm 0.202
step 6580/11342 | loss 3.0875 | lr_mult 0.4380 | tok/s 255069 | grad_norm 0.179
step 6590/11342 | loss 3.0935 | lr_mult 0.4365 | tok/s 255072 | grad_norm 0.192
step 6600/11342 | loss 3.0839 | lr_mult 0.4350 | tok/s 255075 | grad_norm 0.193
step 6610/11342 | loss 3.0820 | lr_mult 0.4335 | tok/s 255078 | grad_norm 0.213
step 6620/11342 | loss 3.1066 | lr_mult 0.4320 | tok/s 255081 | grad_norm 0.193
step 6630/11342 | loss 3.0812 | lr_mult 0.4305 | tok/s 255084 | grad_norm 0.198
step 6640/11342 | loss 3.0873 | lr_mult 0.4290 | tok/s 255087 | grad_norm 0.201
step 6650/11342 | loss 3.1061 | lr_mult 0.4275 | tok/s 255090 | grad_norm 0.174
step 6660/11342 | loss 3.0691 | lr_mult 0.4260 | tok/s 255093 | grad_norm 0.180
step 6670/11342 | loss 3.0733 | lr_mult 0.4245 | tok/s 255096 | grad_norm 0.183
step 6680/11342 | loss 3.0788 | lr_mult 0.4230 | tok/s 255099 | grad_norm 0.194
step 6690/11342 | loss 3.0705 | lr_mult 0.4215 | tok/s 255102 | grad_norm 0.177
step 6700/11342 | loss 3.0518 | lr_mult 0.4200 | tok/s 255105 | grad_norm 0.189
step 6710/11342 | loss 3.0730 | lr_mult 0.4185 | tok/s 255107 | grad_norm 0.192
step 6720/11342 | loss 3.1251 | lr_mult 0.4170 | tok/s 255110 | grad_norm 0.180
step 6730/11342 | loss 3.0800 | lr_mult 0.4155 | tok/s 255113 | grad_norm 0.178
step 6740/11342 | loss 3.1236 | lr_mult 0.4140 | tok/s 255116 | grad_norm 0.193
step 6750/11342 | loss 3.0388 | lr_mult 0.4125 | tok/s 255119 | grad_norm 0.169
step 6760/11342 | loss 3.1012 | lr_mult 0.4110 | tok/s 255122 | grad_norm 0.179
step 6770/11342 | loss 3.0688 | lr_mult 0.4095 | tok/s 255124 | grad_norm 0.182
step 6780/11342 | loss 3.0448 | lr_mult 0.4080 | tok/s 255127 | grad_norm 0.192
step 6790/11342 | loss 3.0811 | lr_mult 0.4065 | tok/s 255130 | grad_norm 0.202
step 6800/11342 | loss 3.0380 | lr_mult 0.4050 | tok/s 255133 | grad_norm 0.189
step 6810/11342 | loss 3.0437 | lr_mult 0.4036 | tok/s 255136 | grad_norm 0.180
step 6820/11342 | loss 3.1292 | lr_mult 0.4021 | tok/s 255138 | grad_norm 0.187
step 6830/11342 | loss 3.0366 | lr_mult 0.4006 | tok/s 255141 | grad_norm 0.179
step 6840/11342 | loss 3.0716 | lr_mult 0.3991 | tok/s 255144 | grad_norm 0.182
step 6850/11342 | loss 3.0369 | lr_mult 0.3976 | tok/s 255147 | grad_norm 0.192
step 6860/11342 | loss 3.0724 | lr_mult 0.3961 | tok/s 255149 | grad_norm 0.166
step 6870/11342 | loss 3.0389 | lr_mult 0.3946 | tok/s 255152 | grad_norm 0.184
step 6880/11342 | loss 3.0521 | lr_mult 0.3931 | tok/s 255155 | grad_norm 0.196
step 6890/11342 | loss 3.0296 | lr_mult 0.3917 | tok/s 255157 | grad_norm 0.164
step 6900/11342 | loss 3.0542 | lr_mult 0.3902 | tok/s 255160 | grad_norm 0.200
step 6910/11342 | loss 3.0902 | lr_mult 0.3887 | tok/s 255163 | grad_norm 0.205
step 6920/11342 | loss 3.0406 | lr_mult 0.3872 | tok/s 255166 | grad_norm 0.167
step 6930/11342 | loss 3.0821 | lr_mult 0.3857 | tok/s 255168 | grad_norm 0.186
step 6940/11342 | loss 3.0659 | lr_mult 0.3843 | tok/s 255171 | grad_norm 0.182
step 6950/11342 | loss 3.0821 | lr_mult 0.3828 | tok/s 255174 | grad_norm 0.185
step 6960/11342 | loss 3.0547 | lr_mult 0.3813 | tok/s 255176 | grad_norm 0.181
step 6970/11342 | loss 3.0779 | lr_mult 0.3798 | tok/s 255179 | grad_norm 0.187
step 6980/11342 | loss 3.0647 | lr_mult 0.3784 | tok/s 255182 | grad_norm 0.175
step 6990/11342 | loss 3.0791 | lr_mult 0.3769 | tok/s 255184 | grad_norm 0.179
step 7000/11342 | loss 3.0350 | lr_mult 0.3754 | tok/s 255187 | grad_norm 0.188
step 7000/11342 | val_loss 3.0493
step 7010/11342 | loss 3.0685 | lr_mult 0.3739 | tok/s 255067 | grad_norm 0.196
step 7020/11342 | loss 3.0772 | lr_mult 0.3725 | tok/s 255070 | grad_norm 0.173
step 7030/11342 | loss 3.0657 | lr_mult 0.3710 | tok/s 255072 | grad_norm 0.175
step 7040/11342 | loss 3.0488 | lr_mult 0.3695 | tok/s 255075 | grad_norm 0.187
step 7050/11342 | loss 3.0723 | lr_mult 0.3681 | tok/s 255078 | grad_norm 0.166
step 7060/11342 | loss 3.0303 | lr_mult 0.3666 | tok/s 255081 | grad_norm 0.191
step 7070/11342 | loss 3.0298 | lr_mult 0.3651 | tok/s 255083 | grad_norm 0.162
step 7080/11342 | loss 3.0470 | lr_mult 0.3637 | tok/s 255086 | grad_norm 0.174
step 7090/11342 | loss 3.0112 | lr_mult 0.3622 | tok/s 255089 | grad_norm 0.180
step 7100/11342 | loss 2.9974 | lr_mult 0.3608 | tok/s 255092 | grad_norm 0.185
step 7110/11342 | loss 3.0629 | lr_mult 0.3593 | tok/s 255094 | grad_norm 0.180
step 7120/11342 | loss 3.0913 | lr_mult 0.3578 | tok/s 255097 | grad_norm 0.168
step 7130/11342 | loss 3.0377 | lr_mult 0.3564 | tok/s 255100 | grad_norm 0.168
step 7140/11342 | loss 3.0510 | lr_mult 0.3549 | tok/s 255102 | grad_norm 0.176
step 7150/11342 | loss 3.0467 | lr_mult 0.3535 | tok/s 255105 | grad_norm 0.158
step 7160/11342 | loss 3.0556 | lr_mult 0.3520 | tok/s 255108 | grad_norm 0.188
step 7170/11342 | loss 3.0490 | lr_mult 0.3506 | tok/s 255110 | grad_norm 0.160
step 7180/11342 | loss 3.0833 | lr_mult 0.3491 | tok/s 255113 | grad_norm 0.187
step 7190/11342 | loss 3.0171 | lr_mult 0.3477 | tok/s 255115 | grad_norm 0.163
step 7200/11342 | loss 3.0477 | lr_mult 0.3462 | tok/s 255118 | grad_norm 0.164
step 7210/11342 | loss 3.0627 | lr_mult 0.3448 | tok/s 255121 | grad_norm 0.176
step 7220/11342 | loss 3.0935 | lr_mult 0.3434 | tok/s 255123 | grad_norm 0.153
step 7230/11342 | loss 3.0488 | lr_mult 0.3419 | tok/s 255126 | grad_norm 0.178
step 7240/11342 | loss 3.0486 | lr_mult 0.3405 | tok/s 255129 | grad_norm 0.174
step 7250/11342 | loss 3.0374 | lr_mult 0.3390 | tok/s 255131 | grad_norm 0.163
step 7260/11342 | loss 3.0582 | lr_mult 0.3376 | tok/s 255134 | grad_norm 0.191
step 7270/11342 | loss 3.0698 | lr_mult 0.3362 | tok/s 255137 | grad_norm 0.171
step 7280/11342 | loss 3.0559 | lr_mult 0.3347 | tok/s 255139 | grad_norm 0.158
step 7290/11342 | loss 3.0413 | lr_mult 0.3333 | tok/s 255142 | grad_norm 0.176
step 7300/11342 | loss 3.0439 | lr_mult 0.3319 | tok/s 255144 | grad_norm 0.191
step 7310/11342 | loss 3.0227 | lr_mult 0.3304 | tok/s 255147 | grad_norm 0.170
step 7320/11342 | loss 3.0196 | lr_mult 0.3290 | tok/s 255150 | grad_norm 0.173
step 7330/11342 | loss 3.0660 | lr_mult 0.3276 | tok/s 255152 | grad_norm 0.161
step 7340/11342 | loss 3.0372 | lr_mult 0.3262 | tok/s 255155 | grad_norm 0.165
step 7350/11342 | loss 3.0087 | lr_mult 0.3247 | tok/s 255157 | grad_norm 0.169
step 7360/11342 | loss 3.0277 | lr_mult 0.3233 | tok/s 255160 | grad_norm 0.166
step 7370/11342 | loss 3.0621 | lr_mult 0.3219 | tok/s 255162 | grad_norm 0.171
step 7380/11342 | loss 3.0523 | lr_mult 0.3205 | tok/s 255165 | grad_norm 0.168
step 7390/11342 | loss 3.0178 | lr_mult 0.3191 | tok/s 255167 | grad_norm 0.166
step 7400/11342 | loss 3.0672 | lr_mult 0.3176 | tok/s 255170 | grad_norm 0.163
step 7410/11342 | loss 3.0094 | lr_mult 0.3162 | tok/s 255172 | grad_norm 0.176
step 7420/11342 | loss 3.0134 | lr_mult 0.3148 | tok/s 255175 | grad_norm 0.152
step 7430/11342 | loss 3.0309 | lr_mult 0.3134 | tok/s 255177 | grad_norm 0.173
step 7440/11342 | loss 3.0438 | lr_mult 0.3120 | tok/s 255180 | grad_norm 0.164
step 7450/11342 | loss 3.0026 | lr_mult 0.3106 | tok/s 255182 | grad_norm 0.158
step 7460/11342 | loss 3.0367 | lr_mult 0.3092 | tok/s 255184 | grad_norm 0.169
step 7470/11342 | loss 3.0525 | lr_mult 0.3078 | tok/s 255187 | grad_norm 0.178
step 7480/11342 | loss 3.0125 | lr_mult 0.3064 | tok/s 255189 | grad_norm 0.172
step 7490/11342 | loss 3.0158 | lr_mult 0.3050 | tok/s 255191 | grad_norm 0.173
step 7500/11342 | loss 3.0022 | lr_mult 0.3036 | tok/s 255194 | grad_norm 0.164
step 7500/11342 | val_loss 3.0246
step 7510/11342 | loss 3.0050 | lr_mult 0.3022 | tok/s 255082 | grad_norm 0.151
step 7520/11342 | loss 3.0565 | lr_mult 0.3008 | tok/s 255085 | grad_norm 0.151
step 7530/11342 | loss 3.0446 | lr_mult 0.2994 | tok/s 255087 | grad_norm 0.167
step 7540/11342 | loss 3.0247 | lr_mult 0.2980 | tok/s 255089 | grad_norm 0.157
step 7550/11342 | loss 3.0277 | lr_mult 0.2966 | tok/s 255092 | grad_norm 0.169
step 7560/11342 | loss 3.0414 | lr_mult 0.2952 | tok/s 255094 | grad_norm 0.156
step 7570/11342 | loss 3.0167 | lr_mult 0.2939 | tok/s 255097 | grad_norm 0.175
step 7580/11342 | loss 3.0651 | lr_mult 0.2925 | tok/s 255099 | grad_norm 0.161
step 7590/11342 | loss 2.9957 | lr_mult 0.2911 | tok/s 255102 | grad_norm 0.167
step 7600/11342 | loss 3.0834 | lr_mult 0.2897 | tok/s 255104 | grad_norm 0.154
step 7610/11342 | loss 3.0443 | lr_mult 0.2883 | tok/s 255107 | grad_norm 0.166
step 7620/11342 | loss 2.9952 | lr_mult 0.2870 | tok/s 255109 | grad_norm 0.161
step 7630/11342 | loss 3.0022 | lr_mult 0.2856 | tok/s 255111 | grad_norm 0.162
step 7640/11342 | loss 3.0124 | lr_mult 0.2842 | tok/s 255114 | grad_norm 0.157
step 7650/11342 | loss 2.9981 | lr_mult 0.2828 | tok/s 255116 | grad_norm 0.158
step 7660/11342 | loss 3.0307 | lr_mult 0.2815 | tok/s 255119 | grad_norm 0.154
step 7670/11342 | loss 3.0204 | lr_mult 0.2801 | tok/s 255121 | grad_norm 0.167
step 7680/11342 | loss 3.0144 | lr_mult 0.2787 | tok/s 255123 | grad_norm 0.157
step 7690/11342 | loss 3.0241 | lr_mult 0.2774 | tok/s 255126 | grad_norm 0.163
step 7700/11342 | loss 3.0378 | lr_mult 0.2760 | tok/s 255128 | grad_norm 0.162
step 7710/11342 | loss 3.0135 | lr_mult 0.2747 | tok/s 255131 | grad_norm 0.157
step 7720/11342 | loss 3.0402 | lr_mult 0.2733 | tok/s 255133 | grad_norm 0.177
step 7730/11342 | loss 3.0847 | lr_mult 0.2720 | tok/s 255135 | grad_norm 0.155
step 7740/11342 | loss 3.0301 | lr_mult 0.2706 | tok/s 255138 | grad_norm 0.144
step 7750/11342 | loss 2.9816 | lr_mult 0.2693 | tok/s 255140 | grad_norm 0.153
step 7760/11342 | loss 3.0383 | lr_mult 0.2679 | tok/s 255143 | grad_norm 0.152
step 7770/11342 | loss 3.0063 | lr_mult 0.2666 | tok/s 255145 | grad_norm 0.153
step 7780/11342 | loss 3.0298 | lr_mult 0.2652 | tok/s 255147 | grad_norm 0.150
step 7790/11342 | loss 3.0434 | lr_mult 0.2639 | tok/s 255150 | grad_norm 0.173
step 7800/11342 | loss 3.0232 | lr_mult 0.2626 | tok/s 255152 | grad_norm 0.150
step 7810/11342 | loss 3.0069 | lr_mult 0.2612 | tok/s 255154 | grad_norm 0.139
step 7820/11342 | loss 3.0359 | lr_mult 0.2599 | tok/s 255157 | grad_norm 0.154
step 7830/11342 | loss 3.0525 | lr_mult 0.2586 | tok/s 255159 | grad_norm 0.159
step 7840/11342 | loss 3.0316 | lr_mult 0.2572 | tok/s 255161 | grad_norm 0.146
step 7850/11342 | loss 2.9979 | lr_mult 0.2559 | tok/s 255164 | grad_norm 0.155
step 7860/11342 | loss 2.9778 | lr_mult 0.2546 | tok/s 255166 | grad_norm 0.168
step 7870/11342 | loss 3.0444 | lr_mult 0.2533 | tok/s 255168 | grad_norm 0.174
step 7880/11342 | loss 3.0398 | lr_mult 0.2519 | tok/s 255171 | grad_norm 0.162
step 7890/11342 | loss 2.9831 | lr_mult 0.2506 | tok/s 255173 | grad_norm 0.171
step 7900/11342 | loss 3.0156 | lr_mult 0.2493 | tok/s 255175 | grad_norm 0.151
step 7910/11342 | loss 3.0283 | lr_mult 0.2480 | tok/s 255177 | grad_norm 0.152
step 7920/11342 | loss 3.0105 | lr_mult 0.2467 | tok/s 255179 | grad_norm 0.147
step 7930/11342 | loss 3.0159 | lr_mult 0.2454 | tok/s 255182 | grad_norm 0.159
step 7940/11342 | loss 2.9935 | lr_mult 0.2441 | tok/s 255184 | grad_norm 0.143
step 7950/11342 | loss 3.0002 | lr_mult 0.2428 | tok/s 255186 | grad_norm 0.155
step 7960/11342 | loss 2.9952 | lr_mult 0.2415 | tok/s 255188 | grad_norm 0.157
step 7970/11342 | loss 2.9964 | lr_mult 0.2402 | tok/s 255191 | grad_norm 0.154
step 7980/11342 | loss 3.0064 | lr_mult 0.2389 | tok/s 255193 | grad_norm 0.150
step 7990/11342 | loss 3.0304 | lr_mult 0.2376 | tok/s 255195 | grad_norm 0.150
step 8000/11342 | loss 3.0633 | lr_mult 0.2363 | tok/s 255198 | grad_norm 0.150
step 8000/11342 | val_loss 3.0011
step 8010/11342 | loss 2.9934 | lr_mult 0.2350 | tok/s 255093 | grad_norm 0.150
step 8020/11342 | loss 2.9931 | lr_mult 0.2337 | tok/s 255095 | grad_norm 0.145
step 8030/11342 | loss 3.0040 | lr_mult 0.2324 | tok/s 255097 | grad_norm 0.152
step 8040/11342 | loss 3.0011 | lr_mult 0.2311 | tok/s 255100 | grad_norm 0.154
step 8050/11342 | loss 3.0126 | lr_mult 0.2299 | tok/s 255102 | grad_norm 0.153
step 8060/11342 | loss 3.0212 | lr_mult 0.2286 | tok/s 255104 | grad_norm 0.137
step 8070/11342 | loss 3.0097 | lr_mult 0.2273 | tok/s 255106 | grad_norm 0.148
step 8080/11342 | loss 3.0148 | lr_mult 0.2260 | tok/s 255109 | grad_norm 0.153
step 8090/11342 | loss 3.0000 | lr_mult 0.2248 | tok/s 255111 | grad_norm 0.150
step 8100/11342 | loss 3.0090 | lr_mult 0.2235 | tok/s 255113 | grad_norm 0.142
step 8110/11342 | loss 3.0387 | lr_mult 0.2222 | tok/s 255115 | grad_norm 0.138
step 8120/11342 | loss 3.0228 | lr_mult 0.2210 | tok/s 255118 | grad_norm 0.150
step 8130/11342 | loss 2.9948 | lr_mult 0.2197 | tok/s 255120 | grad_norm 0.151
step 8140/11342 | loss 2.9813 | lr_mult 0.2185 | tok/s 255122 | grad_norm 0.157
step 8150/11342 | loss 3.0165 | lr_mult 0.2172 | tok/s 255125 | grad_norm 0.157
step 8160/11342 | loss 2.9995 | lr_mult 0.2159 | tok/s 255127 | grad_norm 0.149
step 8170/11342 | loss 2.9995 | lr_mult 0.2147 | tok/s 255129 | grad_norm 0.149
step 8180/11342 | loss 3.0182 | lr_mult 0.2135 | tok/s 255131 | grad_norm 0.147
step 8190/11342 | loss 2.9673 | lr_mult 0.2122 | tok/s 255134 | grad_norm 0.146
step 8200/11342 | loss 3.0092 | lr_mult 0.2110 | tok/s 255136 | grad_norm 0.145
step 8210/11342 | loss 2.9890 | lr_mult 0.2097 | tok/s 255138 | grad_norm 0.148
step 8220/11342 | loss 3.0280 | lr_mult 0.2085 | tok/s 255141 | grad_norm 0.162
step 8230/11342 | loss 3.0005 | lr_mult 0.2073 | tok/s 255143 | grad_norm 0.151
step 8240/11342 | loss 3.0061 | lr_mult 0.2060 | tok/s 255145 | grad_norm 0.140
step 8250/11342 | loss 3.0038 | lr_mult 0.2048 | tok/s 255147 | grad_norm 0.151
step 8260/11342 | loss 2.9780 | lr_mult 0.2036 | tok/s 255149 | grad_norm 0.150
step 8270/11342 | loss 2.9876 | lr_mult 0.2024 | tok/s 255151 | grad_norm 0.143
step 8280/11342 | loss 3.0097 | lr_mult 0.2011 | tok/s 255154 | grad_norm 0.144
step 8290/11342 | loss 2.9695 | lr_mult 0.1999 | tok/s 255156 | grad_norm 0.148
step 8300/11342 | loss 3.0021 | lr_mult 0.1987 | tok/s 255158 | grad_norm 0.141
step 8310/11342 | loss 2.9960 | lr_mult 0.1975 | tok/s 255160 | grad_norm 0.144
step 8320/11342 | loss 3.0214 | lr_mult 0.1963 | tok/s 255162 | grad_norm 0.144
step 8330/11342 | loss 3.0241 | lr_mult 0.1951 | tok/s 255164 | grad_norm 0.137
step 8340/11342 | loss 2.9783 | lr_mult 0.1939 | tok/s 255167 | grad_norm 0.141
step 8350/11342 | loss 2.9898 | lr_mult 0.1927 | tok/s 255169 | grad_norm 0.143
step 8360/11342 | loss 3.0060 | lr_mult 0.1915 | tok/s 255171 | grad_norm 0.149
step 8370/11342 | loss 2.9937 | lr_mult 0.1903 | tok/s 255173 | grad_norm 0.145
step 8380/11342 | loss 3.0030 | lr_mult 0.1891 | tok/s 255175 | grad_norm 0.136
step 8390/11342 | loss 2.9634 | lr_mult 0.1879 | tok/s 255177 | grad_norm 0.148
step 8400/11342 | loss 2.9839 | lr_mult 0.1867 | tok/s 255179 | grad_norm 0.141
step 8410/11342 | loss 3.0059 | lr_mult 0.1855 | tok/s 255181 | grad_norm 0.149
step 8420/11342 | loss 2.9971 | lr_mult 0.1844 | tok/s 255183 | grad_norm 0.147
step 8430/11342 | loss 3.0135 | lr_mult 0.1832 | tok/s 255185 | grad_norm 0.152
step 8440/11342 | loss 2.9826 | lr_mult 0.1820 | tok/s 255188 | grad_norm 0.161
step 8450/11342 | loss 3.0008 | lr_mult 0.1808 | tok/s 255190 | grad_norm 0.132
step 8460/11342 | loss 3.0240 | lr_mult 0.1797 | tok/s 255192 | grad_norm 0.159
step 8470/11342 | loss 2.9963 | lr_mult 0.1785 | tok/s 255194 | grad_norm 0.144
step 8480/11342 | loss 2.9814 | lr_mult 0.1774 | tok/s 255196 | grad_norm 0.150
step 8490/11342 | loss 2.9644 | lr_mult 0.1762 | tok/s 255198 | grad_norm 0.147
step 8500/11342 | loss 2.9879 | lr_mult 0.1750 | tok/s 255200 | grad_norm 0.145
step 8500/11342 | val_loss 2.9799
step 8510/11342 | loss 2.9683 | lr_mult 0.1739 | tok/s 255101 | grad_norm 0.152
step 8520/11342 | loss 3.0193 | lr_mult 0.1727 | tok/s 255103 | grad_norm 0.140
step 8530/11342 | loss 2.9778 | lr_mult 0.1716 | tok/s 255105 | grad_norm 0.141
step 8540/11342 | loss 3.0005 | lr_mult 0.1704 | tok/s 255107 | grad_norm 0.145
step 8550/11342 | loss 2.9453 | lr_mult 0.1693 | tok/s 255110 | grad_norm 0.140
step 8560/11342 | loss 2.9331 | lr_mult 0.1682 | tok/s 255112 | grad_norm 0.142
step 8570/11342 | loss 2.9865 | lr_mult 0.1670 | tok/s 255114 | grad_norm 0.139
step 8580/11342 | loss 3.0611 | lr_mult 0.1659 | tok/s 255116 | grad_norm 0.146
step 8590/11342 | loss 2.9680 | lr_mult 0.1648 | tok/s 255118 | grad_norm 0.144
step 8600/11342 | loss 3.0009 | lr_mult 0.1636 | tok/s 255120 | grad_norm 0.151
step 8610/11342 | loss 3.0075 | lr_mult 0.1625 | tok/s 255122 | grad_norm 0.152
step 8620/11342 | loss 3.0068 | lr_mult 0.1614 | tok/s 255124 | grad_norm 0.137
step 8630/11342 | loss 2.9689 | lr_mult 0.1603 | tok/s 255127 | grad_norm 0.142
step 8640/11342 | loss 2.9723 | lr_mult 0.1592 | tok/s 255129 | grad_norm 0.140
step 8650/11342 | loss 2.9903 | lr_mult 0.1581 | tok/s 255131 | grad_norm 0.146
step 8660/11342 | loss 3.0302 | lr_mult 0.1570 | tok/s 255133 | grad_norm 0.134
step 8670/11342 | loss 3.0024 | lr_mult 0.1559 | tok/s 255135 | grad_norm 0.405
step 8680/11342 | loss 2.9959 | lr_mult 0.1548 | tok/s 255137 | grad_norm 0.138
step 8690/11342 | loss 2.9561 | lr_mult 0.1537 | tok/s 255139 | grad_norm 0.139
step 8700/11342 | loss 2.9387 | lr_mult 0.1526 | tok/s 255141 | grad_norm 0.141
step 8710/11342 | loss 2.9395 | lr_mult 0.1515 | tok/s 255143 | grad_norm 0.144
step 8720/11342 | loss 2.9822 | lr_mult 0.1504 | tok/s 255145 | grad_norm 0.140
step 8730/11342 | loss 3.0256 | lr_mult 0.1493 | tok/s 255147 | grad_norm 0.141
step 8740/11342 | loss 2.9894 | lr_mult 0.1482 | tok/s 255149 | grad_norm 0.136
step 8750/11342 | loss 3.0048 | lr_mult 0.1471 | tok/s 255151 | grad_norm 0.130
step 8760/11342 | loss 2.9603 | lr_mult 0.1461 | tok/s 255153 | grad_norm 0.140
step 8770/11342 | loss 2.9468 | lr_mult 0.1450 | tok/s 255155 | grad_norm 0.144
step 8780/11342 | loss 2.9600 | lr_mult 0.1439 | tok/s 255157 | grad_norm 0.143
step 8790/11342 | loss 2.9328 | lr_mult 0.1429 | tok/s 255159 | grad_norm 0.139
step 8800/11342 | loss 2.9878 | lr_mult 0.1418 | tok/s 255161 | grad_norm 0.130
step 8810/11342 | loss 3.0401 | lr_mult 0.1407 | tok/s 255163 | grad_norm 0.141
step 8820/11342 | loss 2.9915 | lr_mult 0.1397 | tok/s 255165 | grad_norm 0.150
step 8830/11342 | loss 3.0132 | lr_mult 0.1386 | tok/s 255168 | grad_norm 0.140
step 8840/11342 | loss 2.9826 | lr_mult 0.1376 | tok/s 255170 | grad_norm 0.139
step 8850/11342 | loss 2.9659 | lr_mult 0.1365 | tok/s 255172 | grad_norm 0.139
step 8860/11342 | loss 2.9437 | lr_mult 0.1355 | tok/s 255174 | grad_norm 0.134
step 8870/11342 | loss 2.9953 | lr_mult 0.1345 | tok/s 255176 | grad_norm 0.141
step 8880/11342 | loss 2.9621 | lr_mult 0.1334 | tok/s 255178 | grad_norm 0.139
step 8890/11342 | loss 2.9485 | lr_mult 0.1324 | tok/s 255180 | grad_norm 0.134
step 8900/11342 | loss 2.9723 | lr_mult 0.1314 | tok/s 255182 | grad_norm 0.139
step 8910/11342 | loss 2.9650 | lr_mult 0.1304 | tok/s 255184 | grad_norm 0.143
step 8920/11342 | loss 3.0021 | lr_mult 0.1293 | tok/s 255185 | grad_norm 0.143
step 8930/11342 | loss 2.9517 | lr_mult 0.1283 | tok/s 255187 | grad_norm 0.139
step 8940/11342 | loss 2.9458 | lr_mult 0.1273 | tok/s 255189 | grad_norm 0.146
step 8950/11342 | loss 2.9781 | lr_mult 0.1263 | tok/s 255191 | grad_norm 0.141
step 8960/11342 | loss 3.0078 | lr_mult 0.1253 | tok/s 255193 | grad_norm 0.130
step 8970/11342 | loss 2.9768 | lr_mult 0.1243 | tok/s 255195 | grad_norm 0.136
step 8980/11342 | loss 2.9829 | lr_mult 0.1233 | tok/s 255197 | grad_norm 0.131
step 8990/11342 | loss 2.9831 | lr_mult 0.1223 | tok/s 255199 | grad_norm 0.139
step 9000/11342 | loss 2.9644 | lr_mult 0.1213 | tok/s 255201 | grad_norm 0.135
step 9000/11342 | val_loss 2.9617
step 9010/11342 | loss 2.9668 | lr_mult 0.1203 | tok/s 255108 | grad_norm 0.137
step 9020/11342 | loss 2.9714 | lr_mult 0.1193 | tok/s 255110 | grad_norm 0.139
step 9030/11342 | loss 3.0243 | lr_mult 0.1183 | tok/s 255112 | grad_norm 0.138
step 9040/11342 | loss 2.9663 | lr_mult 0.1173 | tok/s 255114 | grad_norm 0.144
step 9050/11342 | loss 2.9992 | lr_mult 0.1164 | tok/s 255116 | grad_norm 0.138
step 9060/11342 | loss 2.9919 | lr_mult 0.1154 | tok/s 255118 | grad_norm 0.136
step 9070/11342 | loss 2.9225 | lr_mult 0.1144 | tok/s 255120 | grad_norm 0.142
step 9080/11342 | loss 2.9938 | lr_mult 0.1135 | tok/s 255122 | grad_norm 0.155
step 9090/11342 | loss 2.9397 | lr_mult 0.1125 | tok/s 255124 | grad_norm 0.135
step 9100/11342 | loss 2.9700 | lr_mult 0.1115 | tok/s 255126 | grad_norm 0.129
step 9110/11342 | loss 2.9828 | lr_mult 0.1106 | tok/s 255128 | grad_norm 0.134
step 9120/11342 | loss 2.9326 | lr_mult 0.1096 | tok/s 255130 | grad_norm 0.131
step 9130/11342 | loss 2.9697 | lr_mult 0.1087 | tok/s 255132 | grad_norm 0.140
step 9140/11342 | loss 2.9639 | lr_mult 0.1077 | tok/s 255134 | grad_norm 0.138
step 9150/11342 | loss 2.9772 | lr_mult 0.1068 | tok/s 255136 | grad_norm 0.135
step 9160/11342 | loss 2.9812 | lr_mult 0.1059 | tok/s 255138 | grad_norm 0.141
step 9170/11342 | loss 2.9780 | lr_mult 0.1049 | tok/s 255140 | grad_norm 0.137
step 9180/11342 | loss 2.9592 | lr_mult 0.1040 | tok/s 255141 | grad_norm 0.136
step 9190/11342 | loss 2.9632 | lr_mult 0.1031 | tok/s 255143 | grad_norm 0.138
step 9200/11342 | loss 2.9584 | lr_mult 0.1022 | tok/s 255145 | grad_norm 0.137
step 9210/11342 | loss 2.9369 | lr_mult 0.1012 | tok/s 255147 | grad_norm 0.134
step 9220/11342 | loss 2.9390 | lr_mult 0.1003 | tok/s 255149 | grad_norm 0.134
step 9230/11342 | loss 2.9907 | lr_mult 0.0994 | tok/s 255151 | grad_norm 0.139
step 9240/11342 | loss 2.9656 | lr_mult 0.0985 | tok/s 255153 | grad_norm 0.130
step 9250/11342 | loss 2.9890 | lr_mult 0.0976 | tok/s 255155 | grad_norm 0.141
step 9260/11342 | loss 2.9656 | lr_mult 0.0967 | tok/s 255157 | grad_norm 0.132
step 9270/11342 | loss 2.9523 | lr_mult 0.0958 | tok/s 255159 | grad_norm 0.132
step 9280/11342 | loss 2.9242 | lr_mult 0.0949 | tok/s 255161 | grad_norm 0.134
step 9290/11342 | loss 2.9702 | lr_mult 0.0940 | tok/s 255163 | grad_norm 0.144
step 9300/11342 | loss 2.9560 | lr_mult 0.0931 | tok/s 255164 | grad_norm 0.135
step 9310/11342 | loss 2.9776 | lr_mult 0.0923 | tok/s 255166 | grad_norm 0.141
step 9320/11342 | loss 2.9781 | lr_mult 0.0914 | tok/s 255168 | grad_norm 0.134
step 9330/11342 | loss 2.9417 | lr_mult 0.0905 | tok/s 255170 | grad_norm 0.138
step 9340/11342 | loss 2.9776 | lr_mult 0.0896 | tok/s 255172 | grad_norm 0.136
step 9350/11342 | loss 2.9800 | lr_mult 0.0888 | tok/s 255174 | grad_norm 0.136
step 9360/11342 | loss 2.9940 | lr_mult 0.0879 | tok/s 255176 | grad_norm 0.135
step 9370/11342 | loss 2.9431 | lr_mult 0.0871 | tok/s 255177 | grad_norm 0.137
step 9380/11342 | loss 3.0129 | lr_mult 0.0862 | tok/s 255179 | grad_norm 0.136
step 9390/11342 | loss 2.9443 | lr_mult 0.0854 | tok/s 255181 | grad_norm 0.140
step 9400/11342 | loss 2.9309 | lr_mult 0.0845 | tok/s 255183 | grad_norm 0.134
step 9410/11342 | loss 2.9621 | lr_mult 0.0837 | tok/s 255185 | grad_norm 0.133
step 9420/11342 | loss 2.9674 | lr_mult 0.0828 | tok/s 255187 | grad_norm 0.132
step 9430/11342 | loss 2.9620 | lr_mult 0.0820 | tok/s 255189 | grad_norm 0.133
step 9440/11342 | loss 2.9547 | lr_mult 0.0812 | tok/s 255190 | grad_norm 0.134
step 9450/11342 | loss 2.9743 | lr_mult 0.0803 | tok/s 255192 | grad_norm 0.127
step 9460/11342 | loss 3.0047 | lr_mult 0.0795 | tok/s 255194 | grad_norm 0.133
step 9470/11342 | loss 2.9339 | lr_mult 0.0787 | tok/s 255196 | grad_norm 0.133
step 9480/11342 | loss 2.9282 | lr_mult 0.0779 | tok/s 255198 | grad_norm 0.148
step 9490/11342 | loss 2.9786 | lr_mult 0.0771 | tok/s 255200 | grad_norm 0.131
step 9500/11342 | loss 2.9668 | lr_mult 0.0763 | tok/s 255201 | grad_norm 0.134
step 9500/11342 | val_loss 2.9462
step 9510/11342 | loss 2.9387 | lr_mult 0.0754 | tok/s 255113 | grad_norm 0.130
step 9520/11342 | loss 2.9923 | lr_mult 0.0746 | tok/s 255115 | grad_norm 0.138
step 9530/11342 | loss 2.9334 | lr_mult 0.0739 | tok/s 255117 | grad_norm 0.127
step 9540/11342 | loss 2.9445 | lr_mult 0.0731 | tok/s 255119 | grad_norm 0.137
step 9550/11342 | loss 2.9910 | lr_mult 0.0723 | tok/s 255121 | grad_norm 0.132
step 9560/11342 | loss 2.9426 | lr_mult 0.0715 | tok/s 255123 | grad_norm 0.136
step 9570/11342 | loss 2.9635 | lr_mult 0.0707 | tok/s 255125 | grad_norm 0.133
step 9580/11342 | loss 2.9356 | lr_mult 0.0699 | tok/s 255127 | grad_norm 0.133
step 9590/11342 | loss 2.9666 | lr_mult 0.0692 | tok/s 255129 | grad_norm 0.130
step 9600/11342 | loss 2.9577 | lr_mult 0.0684 | tok/s 255130 | grad_norm 0.138
step 9610/11342 | loss 2.9871 | lr_mult 0.0676 | tok/s 255132 | grad_norm 0.133
step 9620/11342 | loss 2.9778 | lr_mult 0.0669 | tok/s 255134 | grad_norm 0.136
step 9630/11342 | loss 2.9268 | lr_mult 0.0661 | tok/s 255136 | grad_norm 0.136
step 9640/11342 | loss 2.9534 | lr_mult 0.0654 | tok/s 255138 | grad_norm 0.132
step 9650/11342 | loss 2.9559 | lr_mult 0.0646 | tok/s 255140 | grad_norm 0.130
step 9660/11342 | loss 2.9440 | lr_mult 0.0639 | tok/s 255142 | grad_norm 0.127
step 9670/11342 | loss 2.9406 | lr_mult 0.0631 | tok/s 255144 | grad_norm 0.129
step 9680/11342 | loss 2.9443 | lr_mult 0.0624 | tok/s 255146 | grad_norm 0.133
step 9690/11342 | loss 2.9238 | lr_mult 0.0616 | tok/s 255148 | grad_norm 0.131
step 9700/11342 | loss 2.9792 | lr_mult 0.0609 | tok/s 255150 | grad_norm 0.131
step 9710/11342 | loss 2.9058 | lr_mult 0.0602 | tok/s 255152 | grad_norm 0.136
step 9720/11342 | loss 2.9083 | lr_mult 0.0595 | tok/s 255153 | grad_norm 0.128
step 9730/11342 | loss 2.9629 | lr_mult 0.0588 | tok/s 255155 | grad_norm 0.131
step 9740/11342 | loss 2.9421 | lr_mult 0.0580 | tok/s 255157 | grad_norm 0.131
step 9750/11342 | loss 2.9217 | lr_mult 0.0573 | tok/s 255159 | grad_norm 0.134
step 9760/11342 | loss 2.9248 | lr_mult 0.0566 | tok/s 255161 | grad_norm 0.129
step 9770/11342 | loss 2.9792 | lr_mult 0.0559 | tok/s 255163 | grad_norm 0.129
step 9780/11342 | loss 2.9351 | lr_mult 0.0552 | tok/s 255165 | grad_norm 0.132
step 9790/11342 | loss 2.9351 | lr_mult 0.0545 | tok/s 255167 | grad_norm 0.133
step 9800/11342 | loss 2.9523 | lr_mult 0.0539 | tok/s 255168 | grad_norm 0.130
step 9810/11342 | loss 2.9543 | lr_mult 0.0532 | tok/s 255170 | grad_norm 0.130
step 9820/11342 | loss 2.9447 | lr_mult 0.0525 | tok/s 255172 | grad_norm 0.136
step 9830/11342 | loss 2.9457 | lr_mult 0.0518 | tok/s 255174 | grad_norm 0.135
step 9840/11342 | loss 3.0024 | lr_mult 0.0511 | tok/s 255176 | grad_norm 0.131
step 9850/11342 | loss 2.9497 | lr_mult 0.0505 | tok/s 255178 | grad_norm 0.129
step 9860/11342 | loss 2.9539 | lr_mult 0.0498 | tok/s 255179 | grad_norm 0.127
step 9870/11342 | loss 2.9583 | lr_mult 0.0492 | tok/s 255181 | grad_norm 0.134
step 9880/11342 | loss 2.9637 | lr_mult 0.0485 | tok/s 255183 | grad_norm 0.139
step 9890/11342 | loss 2.9190 | lr_mult 0.0479 | tok/s 255185 | grad_norm 0.132
step 9900/11342 | loss 2.9449 | lr_mult 0.0472 | tok/s 255187 | grad_norm 0.134
step 9910/11342 | loss 2.9586 | lr_mult 0.0466 | tok/s 255188 | grad_norm 0.129
step 9920/11342 | loss 2.9250 | lr_mult 0.0459 | tok/s 255190 | grad_norm 0.135
step 9930/11342 | loss 2.9625 | lr_mult 0.0453 | tok/s 255192 | grad_norm 0.127
step 9940/11342 | loss 2.9712 | lr_mult 0.0447 | tok/s 255194 | grad_norm 0.134
step 9950/11342 | loss 2.9333 | lr_mult 0.0440 | tok/s 255196 | grad_norm 0.130
step 9960/11342 | loss 2.9417 | lr_mult 0.0434 | tok/s 255197 | grad_norm 0.130
step 9970/11342 | loss 2.9297 | lr_mult 0.0428 | tok/s 255199 | grad_norm 0.129
step 9980/11342 | loss 2.9412 | lr_mult 0.0422 | tok/s 255201 | grad_norm 0.170
step 9990/11342 | loss 2.9515 | lr_mult 0.0416 | tok/s 255203 | grad_norm 0.135
step 10000/11342 | loss 2.9381 | lr_mult 0.0410 | tok/s 255205 | grad_norm 0.133
step 10000/11342 | val_loss 2.9351
step 10010/11342 | loss 2.9437 | lr_mult 0.0404 | tok/s 255121 | grad_norm 0.133
step 10020/11342 | loss 2.9571 | lr_mult 0.0398 | tok/s 255123 | grad_norm 0.130
step 10030/11342 | loss 2.9447 | lr_mult 0.0392 | tok/s 255124 | grad_norm 0.126
step 10040/11342 | loss 2.9781 | lr_mult 0.0386 | tok/s 255126 | grad_norm 0.130
step 10050/11342 | loss 2.9303 | lr_mult 0.0380 | tok/s 255128 | grad_norm 0.130
step 10060/11342 | loss 2.9421 | lr_mult 0.0374 | tok/s 255130 | grad_norm 0.132
step 10070/11342 | loss 2.9465 | lr_mult 0.0369 | tok/s 255132 | grad_norm 0.179
step 10080/11342 | loss 2.9405 | lr_mult 0.0363 | tok/s 255134 | grad_norm 0.132
step 10090/11342 | loss 2.9583 | lr_mult 0.0357 | tok/s 255136 | grad_norm 0.131
step 10100/11342 | loss 2.9296 | lr_mult 0.0352 | tok/s 255137 | grad_norm 0.131
step 10110/11342 | loss 2.9864 | lr_mult 0.0346 | tok/s 255139 | grad_norm 0.132
step 10120/11342 | loss 2.9666 | lr_mult 0.0341 | tok/s 255141 | grad_norm 0.134
step 10130/11342 | loss 2.9705 | lr_mult 0.0335 | tok/s 255143 | grad_norm 0.126
step 10140/11342 | loss 2.9123 | lr_mult 0.0330 | tok/s 255145 | grad_norm 0.122
step 10150/11342 | loss 2.9630 | lr_mult 0.0324 | tok/s 255147 | grad_norm 0.131
step 10160/11342 | loss 2.9891 | lr_mult 0.0319 | tok/s 255148 | grad_norm 0.126
step 10170/11342 | loss 2.9637 | lr_mult 0.0314 | tok/s 255150 | grad_norm 0.124
step 10180/11342 | loss 2.9830 | lr_mult 0.0308 | tok/s 255152 | grad_norm 0.134
step 10190/11342 | loss 2.9628 | lr_mult 0.0303 | tok/s 255154 | grad_norm 0.125
step 10200/11342 | loss 2.9123 | lr_mult 0.0298 | tok/s 255156 | grad_norm 0.132
step 10210/11342 | loss 2.9364 | lr_mult 0.0293 | tok/s 255157 | grad_norm 0.125
step 10220/11342 | loss 2.9249 | lr_mult 0.0288 | tok/s 255159 | grad_norm 0.123
step 10230/11342 | loss 2.9890 | lr_mult 0.0283 | tok/s 255161 | grad_norm 0.128
step 10240/11342 | loss 2.9105 | lr_mult 0.0278 | tok/s 255163 | grad_norm 0.126
step 10250/11342 | loss 2.9322 | lr_mult 0.0273 | tok/s 255165 | grad_norm 0.128
step 10260/11342 | loss 2.9536 | lr_mult 0.0268 | tok/s 255166 | grad_norm 0.122
step 10270/11342 | loss 2.9590 | lr_mult 0.0263 | tok/s 255168 | grad_norm 0.124
step 10280/11342 | loss 2.9031 | lr_mult 0.0258 | tok/s 255170 | grad_norm 0.122
step 10290/11342 | loss 2.9111 | lr_mult 0.0253 | tok/s 255172 | grad_norm 0.121
step 10300/11342 | loss 2.9524 | lr_mult 0.0248 | tok/s 255174 | grad_norm 0.128
step 10310/11342 | loss 2.9497 | lr_mult 0.0244 | tok/s 255175 | grad_norm 0.125
step 10320/11342 | loss 2.8987 | lr_mult 0.0239 | tok/s 255177 | grad_norm 0.123
step 10330/11342 | loss 2.8969 | lr_mult 0.0234 | tok/s 255179 | grad_norm 0.126
step 10340/11342 | loss 2.9489 | lr_mult 0.0230 | tok/s 255181 | grad_norm 0.127
step 10350/11342 | loss 3.0162 | lr_mult 0.0225 | tok/s 255182 | grad_norm 0.123
step 10360/11342 | loss 2.9564 | lr_mult 0.0221 | tok/s 255184 | grad_norm 0.128
step 10370/11342 | loss 2.9582 | lr_mult 0.0216 | tok/s 255186 | grad_norm 0.130
step 10380/11342 | loss 2.9278 | lr_mult 0.0212 | tok/s 255188 | grad_norm 0.128
step 10390/11342 | loss 2.9250 | lr_mult 0.0208 | tok/s 255189 | grad_norm 0.128
step 10400/11342 | loss 2.8942 | lr_mult 0.0203 | tok/s 255191 | grad_norm 0.134
step 10410/11342 | loss 2.9503 | lr_mult 0.0199 | tok/s 255193 | grad_norm 0.126
step 10420/11342 | loss 2.9725 | lr_mult 0.0195 | tok/s 255195 | grad_norm 0.125
step 10430/11342 | loss 2.9180 | lr_mult 0.0191 | tok/s 255196 | grad_norm 0.122
step 10440/11342 | loss 2.9682 | lr_mult 0.0187 | tok/s 255198 | grad_norm 0.127
step 10450/11342 | loss 2.9089 | lr_mult 0.0182 | tok/s 255200 | grad_norm 0.125
step 10460/11342 | loss 2.9029 | lr_mult 0.0178 | tok/s 255201 | grad_norm 0.122
step 10470/11342 | loss 2.9239 | lr_mult 0.0174 | tok/s 255203 | grad_norm 0.126
step 10480/11342 | loss 2.9306 | lr_mult 0.0170 | tok/s 255205 | grad_norm 0.119
step 10490/11342 | loss 2.9169 | lr_mult 0.0167 | tok/s 255207 | grad_norm 0.130
step 10500/11342 | loss 2.9720 | lr_mult 0.0163 | tok/s 255208 | grad_norm 0.122
step 10500/11342 | val_loss 2.9281
step 10510/11342 | loss 2.9548 | lr_mult 0.0159 | tok/s 255128 | grad_norm 0.126
step 10520/11342 | loss 2.9304 | lr_mult 0.0155 | tok/s 255130 | grad_norm 0.126
step 10530/11342 | loss 2.9223 | lr_mult 0.0151 | tok/s 255132 | grad_norm 0.130
step 10540/11342 | loss 2.9648 | lr_mult 0.0148 | tok/s 255133 | grad_norm 0.125
step 10550/11342 | loss 2.9287 | lr_mult 0.0144 | tok/s 255135 | grad_norm 0.124
step 10560/11342 | loss 2.9083 | lr_mult 0.0140 | tok/s 255137 | grad_norm 0.123
step 10570/11342 | loss 2.9717 | lr_mult 0.0137 | tok/s 255139 | grad_norm 0.125
step 10580/11342 | loss 2.9227 | lr_mult 0.0133 | tok/s 255140 | grad_norm 0.124
step 10590/11342 | loss 2.9383 | lr_mult 0.0130 | tok/s 255142 | grad_norm 0.126
step 10600/11342 | loss 2.9742 | lr_mult 0.0126 | tok/s 255144 | grad_norm 0.123
step 10610/11342 | loss 2.9076 | lr_mult 0.0123 | tok/s 255145 | grad_norm 0.132
step 10620/11342 | loss 2.9709 | lr_mult 0.0120 | tok/s 255147 | grad_norm 0.122
step 10630/11342 | loss 2.9474 | lr_mult 0.0116 | tok/s 255149 | grad_norm 0.124
step 10640/11342 | loss 2.9469 | lr_mult 0.0113 | tok/s 255150 | grad_norm 0.124
step 10650/11342 | loss 2.9205 | lr_mult 0.0110 | tok/s 255152 | grad_norm 0.125
step 10660/11342 | loss 2.9799 | lr_mult 0.0107 | tok/s 255154 | grad_norm 0.122
step 10670/11342 | loss 2.9585 | lr_mult 0.0104 | tok/s 255155 | grad_norm 0.130
step 10680/11342 | loss 2.9627 | lr_mult 0.0101 | tok/s 255157 | grad_norm 0.122
step 10690/11342 | loss 2.9329 | lr_mult 0.0098 | tok/s 255158 | grad_norm 0.121
step 10700/11342 | loss 2.9305 | lr_mult 0.0095 | tok/s 255160 | grad_norm 0.124
step 10710/11342 | loss 2.9221 | lr_mult 0.0092 | tok/s 255162 | grad_norm 0.121
step 10720/11342 | loss 3.0065 | lr_mult 0.0089 | tok/s 255163 | grad_norm 0.121
step 10730/11342 | loss 2.9156 | lr_mult 0.0086 | tok/s 255165 | grad_norm 0.127
step 10740/11342 | loss 2.9299 | lr_mult 0.0083 | tok/s 255167 | grad_norm 0.123
step 10750/11342 | loss 2.9336 | lr_mult 0.0081 | tok/s 255168 | grad_norm 0.122
step 10760/11342 | loss 2.9436 | lr_mult 0.0078 | tok/s 255170 | grad_norm 0.122
step 10770/11342 | loss 2.9802 | lr_mult 0.0075 | tok/s 255171 | grad_norm 0.118
step 10780/11342 | loss 2.9380 | lr_mult 0.0073 | tok/s 255173 | grad_norm 0.137
step 10790/11342 | loss 2.9145 | lr_mult 0.0070 | tok/s 255175 | grad_norm 0.125
step 10800/11342 | loss 2.9424 | lr_mult 0.0068 | tok/s 255176 | grad_norm 0.120
step 10810/11342 | loss 2.9162 | lr_mult 0.0065 | tok/s 255178 | grad_norm 0.126
step 10820/11342 | loss 2.9270 | lr_mult 0.0063 | tok/s 255179 | grad_norm 0.126
step 10830/11342 | loss 2.9186 | lr_mult 0.0060 | tok/s 255181 | grad_norm 0.119
step 10840/11342 | loss 2.9085 | lr_mult 0.0058 | tok/s 255183 | grad_norm 0.122
step 10850/11342 | loss 2.9111 | lr_mult 0.0056 | tok/s 255184 | grad_norm 0.123
step 10860/11342 | loss 2.9347 | lr_mult 0.0053 | tok/s 255186 | grad_norm 0.125
step 10870/11342 | loss 2.9274 | lr_mult 0.0051 | tok/s 255187 | grad_norm 0.122
step 10880/11342 | loss 2.9141 | lr_mult 0.0049 | tok/s 255189 | grad_norm 0.129
step 10890/11342 | loss 2.9331 | lr_mult 0.0047 | tok/s 255191 | grad_norm 0.125
step 10900/11342 | loss 2.9518 | lr_mult 0.0045 | tok/s 255192 | grad_norm 0.120
step 10910/11342 | loss 2.9462 | lr_mult 0.0043 | tok/s 255194 | grad_norm 0.119
step 10920/11342 | loss 2.9428 | lr_mult 0.0041 | tok/s 255196 | grad_norm 0.117
step 10930/11342 | loss 2.9037 | lr_mult 0.0039 | tok/s 255197 | grad_norm 0.120
step 10940/11342 | loss 2.9388 | lr_mult 0.0037 | tok/s 255199 | grad_norm 0.117
step 10950/11342 | loss 2.9636 | lr_mult 0.0035 | tok/s 255200 | grad_norm 0.118
step 10960/11342 | loss 2.9178 | lr_mult 0.0034 | tok/s 255202 | grad_norm 0.124
step 10970/11342 | loss 2.9477 | lr_mult 0.0032 | tok/s 255204 | grad_norm 0.121
step 10980/11342 | loss 2.9613 | lr_mult 0.0030 | tok/s 255205 | grad_norm 0.124
step 10990/11342 | loss 2.9553 | lr_mult 0.0029 | tok/s 255207 | grad_norm 0.119
step 11000/11342 | loss 2.9562 | lr_mult 0.0027 | tok/s 255208 | grad_norm 0.121
step 11000/11342 | val_loss 2.9250
step 11010/11342 | loss 2.9314 | lr_mult 0.0025 | tok/s 255132 | grad_norm 0.118
step 11020/11342 | loss 2.9065 | lr_mult 0.0024 | tok/s 255134 | grad_norm 0.118
step 11030/11342 | loss 2.9296 | lr_mult 0.0022 | tok/s 255135 | grad_norm 0.118
step 11040/11342 | loss 2.9793 | lr_mult 0.0021 | tok/s 255137 | grad_norm 0.120
step 11050/11342 | loss 2.9326 | lr_mult 0.0020 | tok/s 255139 | grad_norm 0.121
step 11060/11342 | loss 2.9102 | lr_mult 0.0018 | tok/s 255140 | grad_norm 0.121
step 11070/11342 | loss 2.9372 | lr_mult 0.0017 | tok/s 255142 | grad_norm 0.117
step 11080/11342 | loss 2.9355 | lr_mult 0.0016 | tok/s 255144 | grad_norm 0.126
step 11090/11342 | loss 2.9617 | lr_mult 0.0015 | tok/s 255145 | grad_norm 0.119
step 11100/11342 | loss 2.9329 | lr_mult 0.0014 | tok/s 255147 | grad_norm 0.120
step 11110/11342 | loss 2.9199 | lr_mult 0.0012 | tok/s 255148 | grad_norm 0.117
step 11120/11342 | loss 2.9332 | lr_mult 0.0011 | tok/s 255150 | grad_norm 0.119
step 11130/11342 | loss 2.9530 | lr_mult 0.0010 | tok/s 255151 | grad_norm 0.113
step 11140/11342 | loss 2.8920 | lr_mult 0.0009 | tok/s 255153 | grad_norm 0.118
step 11150/11342 | loss 2.9291 | lr_mult 0.0009 | tok/s 255155 | grad_norm 0.119
step 11160/11342 | loss 2.9142 | lr_mult 0.0008 | tok/s 255156 | grad_norm 0.121
step 11170/11342 | loss 2.9310 | lr_mult 0.0007 | tok/s 255158 | grad_norm 0.118
step 11180/11342 | loss 2.9575 | lr_mult 0.0006 | tok/s 255159 | grad_norm 0.117
step 11190/11342 | loss 2.8715 | lr_mult 0.0005 | tok/s 255161 | grad_norm 0.116
step 11200/11342 | loss 2.9212 | lr_mult 0.0005 | tok/s 255163 | grad_norm 0.120
step 11210/11342 | loss 2.9305 | lr_mult 0.0004 | tok/s 255164 | grad_norm 0.123
step 11220/11342 | loss 2.9469 | lr_mult 0.0003 | tok/s 255166 | grad_norm 0.114
step 11230/11342 | loss 2.9411 | lr_mult 0.0003 | tok/s 255167 | grad_norm 0.162
step 11240/11342 | loss 2.9607 | lr_mult 0.0002 | tok/s 255169 | grad_norm 0.124
step 11250/11342 | loss 2.9642 | lr_mult 0.0002 | tok/s 255171 | grad_norm 0.118
step 11260/11342 | loss 2.9543 | lr_mult 0.0002 | tok/s 255172 | grad_norm 0.117
step 11270/11342 | loss 2.9276 | lr_mult 0.0001 | tok/s 255173 | grad_norm 0.119
step 11280/11342 | loss 2.9261 | lr_mult 0.0001 | tok/s 255175 | grad_norm 0.118
step 11290/11342 | loss 2.9348 | lr_mult 0.0001 | tok/s 255177 | grad_norm 0.120
step 11300/11342 | loss 2.9269 | lr_mult 0.0000 | tok/s 255178 | grad_norm 0.117
step 11310/11342 | loss 2.9090 | lr_mult 0.0000 | tok/s 255180 | grad_norm 0.123
step 11320/11342 | loss 2.9239 | lr_mult 0.0000 | tok/s 255181 | grad_norm 0.118
step 11330/11342 | loss 2.9278 | lr_mult 0.0000 | tok/s 255183 | grad_norm 0.115
step 11340/11342 | loss 2.9053 | lr_mult 0.0000 | tok/s 255184 | grad_norm 0.118
Checkpoint saved: /mnt/dllm/ruilai/checkpoints/moonlight_399m/orscale_muon_moonlight_calibrated/step_011342.pt
Final val_loss: 2.9247
Training complete. 11342 steps in 35506.3s. Total tokens: 8,919,711,744
