W0503 10:32:15.429000 267519 site-packages/torch/distributed/run.py:793] 
W0503 10:32:15.429000 267519 site-packages/torch/distributed/run.py:793] *****************************************
W0503 10:32:15.429000 267519 site-packages/torch/distributed/run.py:793] Setting OMP_NUM_THREADS environment variable for each process to be 1 in default, to avoid your system being overloaded, please further tune the variable for optimal performance in your application as needed. 
W0503 10:32:15.429000 267519 site-packages/torch/distributed/run.py:793] *****************************************
[rank7]:[W503 10:32:26.290612631 ProcessGroupNCCL.cpp:4115] [PG ID 0 PG GUID 0 Rank 7]  using GPU 7 to perform barrier as devices used by this process are currently unknown. This can potentially cause a hang if this rank to GPU mapping is incorrect.Specify device_ids in barrier() to force use of a particular device,or call init_process_group() with a device_id.
[rank1]:[W503 10:32:26.665705825 ProcessGroupNCCL.cpp:4115] [PG ID 0 PG GUID 0 Rank 1]  using GPU 1 to perform barrier as devices used by this process are currently unknown. This can potentially cause a hang if this rank to GPU mapping is incorrect.Specify device_ids in barrier() to force use of a particular device,or call init_process_group() with a device_id.
[rank5]:[W503 10:32:26.747870323 ProcessGroupNCCL.cpp:4115] [PG ID 0 PG GUID 0 Rank 5]  using GPU 5 to perform barrier as devices used by this process are currently unknown. This can potentially cause a hang if this rank to GPU mapping is incorrect.Specify device_ids in barrier() to force use of a particular device,or call init_process_group() with a device_id.
[rank0]:[W503 10:32:26.761298518 ProcessGroupNCCL.cpp:4115] [PG ID 0 PG GUID 0 Rank 0]  using GPU 0 to perform barrier as devices used by this process are currently unknown. This can potentially cause a hang if this rank to GPU mapping is incorrect.Specify device_ids in barrier() to force use of a particular device,or call init_process_group() with a device_id.
[rank3]:[W503 10:32:26.766220058 ProcessGroupNCCL.cpp:4115] [PG ID 0 PG GUID 0 Rank 3]  using GPU 3 to perform barrier as devices used by this process are currently unknown. This can potentially cause a hang if this rank to GPU mapping is incorrect.Specify device_ids in barrier() to force use of a particular device,or call init_process_group() with a device_id.
[rank2]:[W503 10:32:26.778709438 ProcessGroupNCCL.cpp:4115] [PG ID 0 PG GUID 0 Rank 2]  using GPU 2 to perform barrier as devices used by this process are currently unknown. This can potentially cause a hang if this rank to GPU mapping is incorrect.Specify device_ids in barrier() to force use of a particular device,or call init_process_group() with a device_id.
[rank6]:[W503 10:32:26.779617236 ProcessGroupNCCL.cpp:4115] [PG ID 0 PG GUID 0 Rank 6]  using GPU 6 to perform barrier as devices used by this process are currently unknown. This can potentially cause a hang if this rank to GPU mapping is incorrect.Specify device_ids in barrier() to force use of a particular device,or call init_process_group() with a device_id.
[rank4]:[W503 10:32:26.842190517 ProcessGroupNCCL.cpp:4115] [PG ID 0 PG GUID 0 Rank 4]  using GPU 4 to perform barrier as devices used by this process are currently unknown. This can potentially cause a hang if this rank to GPU mapping is incorrect.Specify device_ids in barrier() to force use of a particular device,or call init_process_group() with a device_id.
2026-05-03 10:32:30 | INFO | World size: 8, Device: cuda:0
wandb: Loading settings from /ossfs/workspace/OrScale/wandb/settings
wandb: Tracking run with wandb version 0.26.1
wandb: W&B syncing is set to `offline` in this directory. Run `wandb online` or set WANDB_MODE=online to enable cloud syncing.
wandb: Run data is saved locally in /ossfs/workspace/OrScale/wandb/offline-run-20260503_103232-48txf2h1
2026-05-03 10:32:35 | INFO | Building model...
2026-05-03 10:32:40 | INFO | Model: 417.0M parameters
2026-05-03 10:32:40 | INFO | Building optimizer(s): adamw
2026-05-03 10:32:40 | INFO | Building scheduler...
2026-05-03 10:32:40 | INFO | Building training data loader...
2026-05-03 10:32:40 | INFO | Building validation data loader...
2026-05-03 10:32:40 | INFO | Launching training run
2026-05-03 10:32:40 | INFO |   config: configs/small_125m.yaml
2026-05-03 10:32:40 | INFO |   overrides: ['model.preset=moonlight_399m', 'model.max_seq_len=8192', 'training.batch_size=1', 'training.grad_accum_steps=12', 'training.max_steps=11342', 'training.seed=42', 'training.checkpoint_subdir=moonlight_399m/adamw', 'training.checkpoint_subdir_mode=replace_leaf', 'optimizer.name=adamw', 'logging.wandb_name=moonlight_399m-adamw-seed42', 'optimizer.lr=0.0009503', 'optimizer.weight_decay=0.1', 'optimizer.betas=[0.9, 0.95]', 'training.save_every=11342']
2026-05-03 10:32:40 | INFO |   distributed: rank=0 local_rank=0 world_size=8 device=cuda:0
2026-05-03 10:32:40 | INFO |   seed: base=42 effective_rank_seed=42 precision=bfloat16
2026-05-03 10:32:40 | INFO |   model: preset=moonlight_399m seq_len=8192 norm=rmsnorm mlp=relusqr pos=rope tie_weights=True
2026-05-03 10:32:40 | INFO |   optimizer: name=adamw optimizers=1 lr=0.0009503 weight_decay=0.1 momentum=0.95
2026-05-03 10:32:40 | INFO |   schedule: max_steps=11342 warmup_steps=1000 grad_accum=12 tokens/step=786,432
2026-05-03 10:32:40 | INFO |   training cadence: log_every=10 val_every=500 val_steps=20 save_every=11342
2026-05-03 10:32:40 | INFO |   data(train): in-memory .bin shards (103 files) from /mnt/dllm/ruilai/dataset/fineweb10B/fineweb_train_*.bin
2026-05-03 10:32:40 | INFO |   data(val): in-memory .bin shards (1 files) from /mnt/dllm/ruilai/dataset/fineweb10B/fineweb_val_*.bin
2026-05-03 10:32:40 | INFO |   loaders: train=DataLoader val=DataLoader
2026-05-03 10:32:40 | INFO |   diagnostics: log_every=50 heavy_log_every=500
2026-05-03 10:32:40 | INFO |   wandb: enabled (project=orscale-fineweb10B, group=small_125m)
2026-05-03 10:32:40 | INFO | Starting training loop...
step 10/11342 | loss 10.2758 | lr_mult 0.0100 | tok/s 190767 | grad_norm 5.032
step 20/11342 | loss 8.9803 | lr_mult 0.0200 | tok/s 192596 | grad_norm 2.174
step 30/11342 | loss 8.5479 | lr_mult 0.0300 | tok/s 193242 | grad_norm 2.381
step 40/11342 | loss 8.1072 | lr_mult 0.0400 | tok/s 193505 | grad_norm 2.885
step 50/11342 | loss 7.6306 | lr_mult 0.0500 | tok/s 193638 | grad_norm 3.249
step 60/11342 | loss 7.3445 | lr_mult 0.0600 | tok/s 193729 | grad_norm 3.362
step 70/11342 | loss 7.0542 | lr_mult 0.0700 | tok/s 193796 | grad_norm 1.873
step 80/11342 | loss 6.9594 | lr_mult 0.0800 | tok/s 193834 | grad_norm 1.471
step 90/11342 | loss 6.8100 | lr_mult 0.0900 | tok/s 193873 | grad_norm 2.542
step 100/11342 | loss 6.6904 | lr_mult 0.1000 | tok/s 193897 | grad_norm 1.193
step 110/11342 | loss 6.6014 | lr_mult 0.1100 | tok/s 193929 | grad_norm 2.315
step 120/11342 | loss 6.5067 | lr_mult 0.1200 | tok/s 193944 | grad_norm 1.409
step 130/11342 | loss 6.4042 | lr_mult 0.1300 | tok/s 193958 | grad_norm 1.594
step 140/11342 | loss 6.3680 | lr_mult 0.1400 | tok/s 193977 | grad_norm 1.385
step 150/11342 | loss 6.3049 | lr_mult 0.1500 | tok/s 193988 | grad_norm 1.683
step 160/11342 | loss 6.2361 | lr_mult 0.1600 | tok/s 193996 | grad_norm 1.400
step 170/11342 | loss 6.2138 | lr_mult 0.1700 | tok/s 194007 | grad_norm 1.458
step 180/11342 | loss 6.2109 | lr_mult 0.1800 | tok/s 194016 | grad_norm 1.659
step 190/11342 | loss 6.1053 | lr_mult 0.1900 | tok/s 194028 | grad_norm 1.437
step 200/11342 | loss 6.0900 | lr_mult 0.2000 | tok/s 194038 | grad_norm 1.619
step 210/11342 | loss 6.0000 | lr_mult 0.2100 | tok/s 194045 | grad_norm 1.210
step 220/11342 | loss 5.9906 | lr_mult 0.2200 | tok/s 194053 | grad_norm 1.695
step 230/11342 | loss 5.9487 | lr_mult 0.2300 | tok/s 194059 | grad_norm 1.665
step 240/11342 | loss 5.8949 | lr_mult 0.2400 | tok/s 194064 | grad_norm 1.319
step 250/11342 | loss 5.8317 | lr_mult 0.2500 | tok/s 194069 | grad_norm 1.365
step 260/11342 | loss 5.8027 | lr_mult 0.2600 | tok/s 194074 | grad_norm 1.727
step 270/11342 | loss 5.7807 | lr_mult 0.2700 | tok/s 194078 | grad_norm 1.421
step 280/11342 | loss 5.7798 | lr_mult 0.2800 | tok/s 194084 | grad_norm 1.472
step 290/11342 | loss 5.6886 | lr_mult 0.2900 | tok/s 194088 | grad_norm 1.498
step 300/11342 | loss 5.6837 | lr_mult 0.3000 | tok/s 194091 | grad_norm 1.380
step 310/11342 | loss 5.6321 | lr_mult 0.3100 | tok/s 194093 | grad_norm 1.637
step 320/11342 | loss 5.5976 | lr_mult 0.3200 | tok/s 194095 | grad_norm 1.056
step 330/11342 | loss 5.5714 | lr_mult 0.3300 | tok/s 194097 | grad_norm 1.124
step 340/11342 | loss 5.5751 | lr_mult 0.3400 | tok/s 194101 | grad_norm 1.283
step 350/11342 | loss 5.5062 | lr_mult 0.3500 | tok/s 194102 | grad_norm 1.570
step 360/11342 | loss 5.4703 | lr_mult 0.3600 | tok/s 194105 | grad_norm 1.226
step 370/11342 | loss 5.4865 | lr_mult 0.3700 | tok/s 194106 | grad_norm 1.408
step 380/11342 | loss 5.3608 | lr_mult 0.3800 | tok/s 194109 | grad_norm 1.092
step 390/11342 | loss 5.3435 | lr_mult 0.3900 | tok/s 194111 | grad_norm 1.071
step 400/11342 | loss 5.3469 | lr_mult 0.4000 | tok/s 194115 | grad_norm 1.144
step 410/11342 | loss 5.2992 | lr_mult 0.4100 | tok/s 194115 | grad_norm 0.945
step 420/11342 | loss 5.2385 | lr_mult 0.4200 | tok/s 194117 | grad_norm 1.036
step 430/11342 | loss 5.2325 | lr_mult 0.4300 | tok/s 194118 | grad_norm 0.805
step 440/11342 | loss 5.1525 | lr_mult 0.4400 | tok/s 194118 | grad_norm 1.173
step 450/11342 | loss 5.1925 | lr_mult 0.4500 | tok/s 194118 | grad_norm 0.691
step 460/11342 | loss 5.1453 | lr_mult 0.4600 | tok/s 194119 | grad_norm 0.844
step 470/11342 | loss 5.0944 | lr_mult 0.4700 | tok/s 194119 | grad_norm 0.894
step 480/11342 | loss 5.0568 | lr_mult 0.4800 | tok/s 194122 | grad_norm 0.921
step 490/11342 | loss 5.0499 | lr_mult 0.4900 | tok/s 194124 | grad_norm 0.727
step 500/11342 | loss 5.0942 | lr_mult 0.5000 | tok/s 194125 | grad_norm 0.800
step 500/11342 | val_loss 5.0290
step 510/11342 | loss 5.0071 | lr_mult 0.5100 | tok/s 193894 | grad_norm 0.921
step 520/11342 | loss 4.9483 | lr_mult 0.5200 | tok/s 193900 | grad_norm 0.538
step 530/11342 | loss 4.9859 | lr_mult 0.5300 | tok/s 193907 | grad_norm 0.878
step 540/11342 | loss 4.9670 | lr_mult 0.5400 | tok/s 193912 | grad_norm 0.707
step 550/11342 | loss 4.8420 | lr_mult 0.5500 | tok/s 193918 | grad_norm 0.901
step 560/11342 | loss 4.9072 | lr_mult 0.5600 | tok/s 193924 | grad_norm 0.862
step 570/11342 | loss 4.8838 | lr_mult 0.5700 | tok/s 193929 | grad_norm 0.802
step 580/11342 | loss 4.8513 | lr_mult 0.5800 | tok/s 193933 | grad_norm 0.666
step 590/11342 | loss 4.8191 | lr_mult 0.5900 | tok/s 193938 | grad_norm 0.736
step 600/11342 | loss 4.8020 | lr_mult 0.6000 | tok/s 193942 | grad_norm 0.545
step 610/11342 | loss 4.7853 | lr_mult 0.6100 | tok/s 193945 | grad_norm 1.469
step 620/11342 | loss 4.7842 | lr_mult 0.6200 | tok/s 193950 | grad_norm 0.728
step 630/11342 | loss 4.7255 | lr_mult 0.6300 | tok/s 193954 | grad_norm 0.636
step 640/11342 | loss 4.7088 | lr_mult 0.6400 | tok/s 193959 | grad_norm 0.676
step 650/11342 | loss 4.7291 | lr_mult 0.6500 | tok/s 193961 | grad_norm 1.169
step 660/11342 | loss 4.6453 | lr_mult 0.6600 | tok/s 193963 | grad_norm 0.665
step 670/11342 | loss 4.6549 | lr_mult 0.6700 | tok/s 193966 | grad_norm 0.461
step 680/11342 | loss 4.5735 | lr_mult 0.6800 | tok/s 193968 | grad_norm 0.614
step 690/11342 | loss 4.5370 | lr_mult 0.6900 | tok/s 193970 | grad_norm 0.561
step 700/11342 | loss 4.5345 | lr_mult 0.7000 | tok/s 193974 | grad_norm 0.734
step 710/11342 | loss 4.5492 | lr_mult 0.7100 | tok/s 193977 | grad_norm 0.440
step 720/11342 | loss 4.5037 | lr_mult 0.7200 | tok/s 193981 | grad_norm 0.609
step 730/11342 | loss 4.4714 | lr_mult 0.7300 | tok/s 193984 | grad_norm 0.456
step 740/11342 | loss 4.4976 | lr_mult 0.7400 | tok/s 193987 | grad_norm 0.715
step 750/11342 | loss 4.5014 | lr_mult 0.7500 | tok/s 193990 | grad_norm 0.493
step 760/11342 | loss 4.4275 | lr_mult 0.7600 | tok/s 193993 | grad_norm 0.767
step 770/11342 | loss 4.4533 | lr_mult 0.7700 | tok/s 193994 | grad_norm 0.723
step 780/11342 | loss 4.4210 | lr_mult 0.7800 | tok/s 193997 | grad_norm 0.511
step 790/11342 | loss 4.3481 | lr_mult 0.7900 | tok/s 194000 | grad_norm 0.476
step 800/11342 | loss 4.3405 | lr_mult 0.8000 | tok/s 194002 | grad_norm 1.367
step 810/11342 | loss 4.3409 | lr_mult 0.8100 | tok/s 194005 | grad_norm 0.687
step 820/11342 | loss 4.3500 | lr_mult 0.8200 | tok/s 194008 | grad_norm 0.726
step 830/11342 | loss 4.2728 | lr_mult 0.8300 | tok/s 194010 | grad_norm 0.362
step 840/11342 | loss 4.2693 | lr_mult 0.8400 | tok/s 194012 | grad_norm 0.510
step 850/11342 | loss 4.3289 | lr_mult 0.8500 | tok/s 194015 | grad_norm 0.964
step 860/11342 | loss 4.3921 | lr_mult 0.8600 | tok/s 194016 | grad_norm 0.728
step 870/11342 | loss 4.2649 | lr_mult 0.8700 | tok/s 194018 | grad_norm 0.506
step 880/11342 | loss 4.2183 | lr_mult 0.8800 | tok/s 194020 | grad_norm 0.404
step 890/11342 | loss 4.1987 | lr_mult 0.8900 | tok/s 194022 | grad_norm 0.594
step 900/11342 | loss 4.2130 | lr_mult 0.9000 | tok/s 194025 | grad_norm 0.419
step 910/11342 | loss 4.2394 | lr_mult 0.9100 | tok/s 194027 | grad_norm 0.487
step 920/11342 | loss 4.2016 | lr_mult 0.9200 | tok/s 194029 | grad_norm 0.370
step 930/11342 | loss 4.1513 | lr_mult 0.9300 | tok/s 194032 | grad_norm 0.845
step 940/11342 | loss 4.2212 | lr_mult 0.9400 | tok/s 194034 | grad_norm 0.611
step 950/11342 | loss 4.1673 | lr_mult 0.9500 | tok/s 194035 | grad_norm 0.715
step 960/11342 | loss 4.1735 | lr_mult 0.9600 | tok/s 194036 | grad_norm 0.612
step 970/11342 | loss 4.1915 | lr_mult 0.9700 | tok/s 194038 | grad_norm 1.028
step 980/11342 | loss 4.1923 | lr_mult 0.9800 | tok/s 194039 | grad_norm 0.483
step 990/11342 | loss 4.0961 | lr_mult 0.9900 | tok/s 194041 | grad_norm 0.483
step 1000/11342 | loss 4.1668 | lr_mult 1.0000 | tok/s 194043 | grad_norm 0.331
step 1000/11342 | val_loss 4.0933
step 1010/11342 | loss 4.0832 | lr_mult 1.0000 | tok/s 193940 | grad_norm 0.444
step 1020/11342 | loss 4.0706 | lr_mult 1.0000 | tok/s 193943 | grad_norm 0.653
step 1030/11342 | loss 4.0734 | lr_mult 1.0000 | tok/s 193945 | grad_norm 0.385
step 1040/11342 | loss 4.0817 | lr_mult 1.0000 | tok/s 193948 | grad_norm 0.294
step 1050/11342 | loss 4.0667 | lr_mult 0.9999 | tok/s 193950 | grad_norm 0.331
step 1060/11342 | loss 4.0043 | lr_mult 0.9999 | tok/s 193953 | grad_norm 0.386
step 1070/11342 | loss 4.0156 | lr_mult 0.9999 | tok/s 193956 | grad_norm 0.483
step 1080/11342 | loss 4.0629 | lr_mult 0.9999 | tok/s 193958 | grad_norm 0.445
step 1090/11342 | loss 4.0433 | lr_mult 0.9998 | tok/s 193960 | grad_norm 0.545
step 1100/11342 | loss 4.0707 | lr_mult 0.9998 | tok/s 193962 | grad_norm 0.501
step 1110/11342 | loss 4.0524 | lr_mult 0.9997 | tok/s 193965 | grad_norm 0.368
step 1120/11342 | loss 4.0035 | lr_mult 0.9997 | tok/s 193967 | grad_norm 0.295
step 1130/11342 | loss 3.9514 | lr_mult 0.9996 | tok/s 193969 | grad_norm 0.246
step 1140/11342 | loss 3.9516 | lr_mult 0.9995 | tok/s 193971 | grad_norm 0.287
step 1150/11342 | loss 3.9696 | lr_mult 0.9995 | tok/s 193973 | grad_norm 0.472
step 1160/11342 | loss 3.9621 | lr_mult 0.9994 | tok/s 193975 | grad_norm 0.290
step 1170/11342 | loss 3.9695 | lr_mult 0.9993 | tok/s 193977 | grad_norm 0.292
step 1180/11342 | loss 3.9004 | lr_mult 0.9993 | tok/s 193979 | grad_norm 0.353
step 1190/11342 | loss 3.9398 | lr_mult 0.9992 | tok/s 193981 | grad_norm 0.250
step 1200/11342 | loss 3.8639 | lr_mult 0.9991 | tok/s 193983 | grad_norm 0.321
step 1210/11342 | loss 3.9072 | lr_mult 0.9990 | tok/s 193985 | grad_norm 0.465
step 1220/11342 | loss 3.9060 | lr_mult 0.9989 | tok/s 193987 | grad_norm 0.363
step 1230/11342 | loss 3.9121 | lr_mult 0.9988 | tok/s 193990 | grad_norm 0.272
step 1240/11342 | loss 3.8533 | lr_mult 0.9987 | tok/s 193992 | grad_norm 0.344
step 1250/11342 | loss 3.8492 | lr_mult 0.9986 | tok/s 193994 | grad_norm 0.453
step 1260/11342 | loss 3.8529 | lr_mult 0.9984 | tok/s 193996 | grad_norm 0.342
step 1270/11342 | loss 3.8358 | lr_mult 0.9983 | tok/s 193997 | grad_norm 0.267
step 1280/11342 | loss 3.8484 | lr_mult 0.9982 | tok/s 193999 | grad_norm 0.268
step 1290/11342 | loss 3.8067 | lr_mult 0.9981 | tok/s 194001 | grad_norm 0.268
step 1300/11342 | loss 3.8063 | lr_mult 0.9979 | tok/s 194002 | grad_norm 0.273
step 1310/11342 | loss 3.8194 | lr_mult 0.9978 | tok/s 194003 | grad_norm 0.243
step 1320/11342 | loss 3.7973 | lr_mult 0.9976 | tok/s 194005 | grad_norm 0.381
step 1330/11342 | loss 3.8256 | lr_mult 0.9975 | tok/s 194006 | grad_norm 0.431
step 1340/11342 | loss 3.8498 | lr_mult 0.9973 | tok/s 194008 | grad_norm 0.378
step 1350/11342 | loss 3.8023 | lr_mult 0.9972 | tok/s 194009 | grad_norm 0.448
step 1360/11342 | loss 3.7803 | lr_mult 0.9970 | tok/s 194010 | grad_norm 0.246
step 1370/11342 | loss 3.8108 | lr_mult 0.9968 | tok/s 194012 | grad_norm 0.207
step 1380/11342 | loss 3.7808 | lr_mult 0.9967 | tok/s 194013 | grad_norm 0.314
step 1390/11342 | loss 3.7782 | lr_mult 0.9965 | tok/s 194014 | grad_norm 0.320
step 1400/11342 | loss 3.8024 | lr_mult 0.9963 | tok/s 194016 | grad_norm 0.286
step 1410/11342 | loss 3.7408 | lr_mult 0.9961 | tok/s 194017 | grad_norm 0.261
step 1420/11342 | loss 3.7539 | lr_mult 0.9959 | tok/s 194019 | grad_norm 0.318
step 1430/11342 | loss 3.7803 | lr_mult 0.9957 | tok/s 194021 | grad_norm 0.266
step 1440/11342 | loss 3.7448 | lr_mult 0.9955 | tok/s 194022 | grad_norm 0.302
step 1450/11342 | loss 3.7312 | lr_mult 0.9953 | tok/s 194024 | grad_norm 0.275
step 1460/11342 | loss 3.7740 | lr_mult 0.9951 | tok/s 194024 | grad_norm 0.228
step 1470/11342 | loss 3.7117 | lr_mult 0.9949 | tok/s 194026 | grad_norm 0.233
step 1480/11342 | loss 3.7434 | lr_mult 0.9947 | tok/s 194027 | grad_norm 0.261
step 1490/11342 | loss 3.6967 | lr_mult 0.9945 | tok/s 194029 | grad_norm 0.246
step 1500/11342 | loss 3.7351 | lr_mult 0.9942 | tok/s 194030 | grad_norm 0.382
step 1500/11342 | val_loss 3.7404
step 1510/11342 | loss 3.8345 | lr_mult 0.9940 | tok/s 193961 | grad_norm 0.550
step 1520/11342 | loss 3.7711 | lr_mult 0.9938 | tok/s 193963 | grad_norm 0.303
step 1530/11342 | loss 3.7366 | lr_mult 0.9935 | tok/s 193964 | grad_norm 0.295
step 1540/11342 | loss 3.7370 | lr_mult 0.9933 | tok/s 193966 | grad_norm 0.239
step 1550/11342 | loss 3.7552 | lr_mult 0.9930 | tok/s 193968 | grad_norm 0.206
step 1560/11342 | loss 3.7210 | lr_mult 0.9928 | tok/s 193969 | grad_norm 0.333
step 1570/11342 | loss 3.6984 | lr_mult 0.9925 | tok/s 193971 | grad_norm 0.272
step 1580/11342 | loss 3.6687 | lr_mult 0.9923 | tok/s 193973 | grad_norm 0.221
step 1590/11342 | loss 3.6526 | lr_mult 0.9920 | tok/s 193974 | grad_norm 0.275
step 1600/11342 | loss 3.7062 | lr_mult 0.9917 | tok/s 193975 | grad_norm 0.262
step 1610/11342 | loss 3.6711 | lr_mult 0.9914 | tok/s 193977 | grad_norm 0.228
step 1620/11342 | loss 3.6496 | lr_mult 0.9912 | tok/s 193978 | grad_norm 0.248
step 1630/11342 | loss 3.6547 | lr_mult 0.9909 | tok/s 193979 | grad_norm 0.337
step 1640/11342 | loss 3.6502 | lr_mult 0.9906 | tok/s 193981 | grad_norm 0.263
step 1650/11342 | loss 3.6787 | lr_mult 0.9903 | tok/s 193982 | grad_norm 0.235
step 1660/11342 | loss 3.6824 | lr_mult 0.9900 | tok/s 193984 | grad_norm 0.230
step 1670/11342 | loss 3.6809 | lr_mult 0.9897 | tok/s 193985 | grad_norm 0.250
step 1680/11342 | loss 3.6117 | lr_mult 0.9894 | tok/s 193986 | grad_norm 0.254
step 1690/11342 | loss 3.6228 | lr_mult 0.9891 | tok/s 193987 | grad_norm 0.201
step 1700/11342 | loss 3.6345 | lr_mult 0.9887 | tok/s 193989 | grad_norm 0.236
step 1710/11342 | loss 3.6662 | lr_mult 0.9884 | tok/s 193990 | grad_norm 0.225
step 1720/11342 | loss 3.6513 | lr_mult 0.9881 | tok/s 193991 | grad_norm 0.231
step 1730/11342 | loss 3.6593 | lr_mult 0.9878 | tok/s 193993 | grad_norm 0.335
step 1740/11342 | loss 3.6591 | lr_mult 0.9874 | tok/s 193994 | grad_norm 0.290
step 1750/11342 | loss 3.6386 | lr_mult 0.9871 | tok/s 193995 | grad_norm 0.270
step 1760/11342 | loss 3.5894 | lr_mult 0.9867 | tok/s 193996 | grad_norm 0.211
step 1770/11342 | loss 3.6143 | lr_mult 0.9864 | tok/s 193997 | grad_norm 0.270
step 1780/11342 | loss 3.5957 | lr_mult 0.9860 | tok/s 193997 | grad_norm 0.242
step 1790/11342 | loss 3.6240 | lr_mult 0.9857 | tok/s 193998 | grad_norm 0.219
step 1800/11342 | loss 3.6278 | lr_mult 0.9853 | tok/s 194000 | grad_norm 0.225
step 1810/11342 | loss 3.6365 | lr_mult 0.9849 | tok/s 194001 | grad_norm 0.216
step 1820/11342 | loss 3.6237 | lr_mult 0.9846 | tok/s 194002 | grad_norm 0.201
step 1830/11342 | loss 3.6007 | lr_mult 0.9842 | tok/s 194004 | grad_norm 0.231
step 1840/11342 | loss 3.6151 | lr_mult 0.9838 | tok/s 194005 | grad_norm 0.210
step 1850/11342 | loss 3.5793 | lr_mult 0.9834 | tok/s 194007 | grad_norm 0.270
step 1860/11342 | loss 3.6262 | lr_mult 0.9830 | tok/s 194008 | grad_norm 0.295
step 1870/11342 | loss 3.5915 | lr_mult 0.9826 | tok/s 194009 | grad_norm 0.299
step 1880/11342 | loss 3.6086 | lr_mult 0.9822 | tok/s 194010 | grad_norm 0.312
step 1890/11342 | loss 3.5878 | lr_mult 0.9818 | tok/s 194011 | grad_norm 0.181
step 1900/11342 | loss 3.6157 | lr_mult 0.9814 | tok/s 194012 | grad_norm 0.292
step 1910/11342 | loss 3.5790 | lr_mult 0.9810 | tok/s 194014 | grad_norm 0.234
step 1920/11342 | loss 3.5632 | lr_mult 0.9806 | tok/s 194014 | grad_norm 0.201
step 1930/11342 | loss 3.6216 | lr_mult 0.9802 | tok/s 194016 | grad_norm 0.312
step 1940/11342 | loss 3.6241 | lr_mult 0.9798 | tok/s 194017 | grad_norm 0.191
step 1950/11342 | loss 3.5968 | lr_mult 0.9793 | tok/s 194018 | grad_norm 0.222
step 1960/11342 | loss 3.5542 | lr_mult 0.9789 | tok/s 194019 | grad_norm 0.231
step 1970/11342 | loss 3.5894 | lr_mult 0.9785 | tok/s 194020 | grad_norm 0.225
step 1980/11342 | loss 3.5350 | lr_mult 0.9780 | tok/s 194021 | grad_norm 0.239
step 1990/11342 | loss 3.5163 | lr_mult 0.9776 | tok/s 194022 | grad_norm 0.240
step 2000/11342 | loss 3.5620 | lr_mult 0.9771 | tok/s 194023 | grad_norm 0.242
step 2000/11342 | val_loss 3.5473
step 2010/11342 | loss 3.5910 | lr_mult 0.9767 | tok/s 193971 | grad_norm 0.224
step 2020/11342 | loss 3.5423 | lr_mult 0.9762 | tok/s 193973 | grad_norm 0.246
step 2030/11342 | loss 3.5451 | lr_mult 0.9757 | tok/s 193974 | grad_norm 0.229
step 2040/11342 | loss 3.5548 | lr_mult 0.9753 | tok/s 193975 | grad_norm 0.248
step 2050/11342 | loss 3.4845 | lr_mult 0.9748 | tok/s 193976 | grad_norm 0.259
step 2060/11342 | loss 3.5610 | lr_mult 0.9743 | tok/s 193978 | grad_norm 0.230
step 2070/11342 | loss 3.5596 | lr_mult 0.9738 | tok/s 193979 | grad_norm 0.218
step 2080/11342 | loss 3.5577 | lr_mult 0.9733 | tok/s 193980 | grad_norm 0.234
step 2090/11342 | loss 3.5518 | lr_mult 0.9728 | tok/s 193981 | grad_norm 0.217
step 2100/11342 | loss 3.5481 | lr_mult 0.9723 | tok/s 193982 | grad_norm 0.302
step 2110/11342 | loss 3.5554 | lr_mult 0.9718 | tok/s 193983 | grad_norm 0.198
step 2120/11342 | loss 3.5365 | lr_mult 0.9713 | tok/s 193984 | grad_norm 0.282
step 2130/11342 | loss 3.5043 | lr_mult 0.9708 | tok/s 193985 | grad_norm 0.257
step 2140/11342 | loss 3.4846 | lr_mult 0.9703 | tok/s 193986 | grad_norm 0.177
step 2150/11342 | loss 3.5324 | lr_mult 0.9698 | tok/s 193987 | grad_norm 0.241
step 2160/11342 | loss 3.5430 | lr_mult 0.9693 | tok/s 193988 | grad_norm 0.252
step 2170/11342 | loss 3.5342 | lr_mult 0.9688 | tok/s 193989 | grad_norm 0.227
step 2180/11342 | loss 3.4952 | lr_mult 0.9682 | tok/s 193991 | grad_norm 0.201
step 2190/11342 | loss 3.4898 | lr_mult 0.9677 | tok/s 193992 | grad_norm 0.250
step 2200/11342 | loss 3.4994 | lr_mult 0.9671 | tok/s 193993 | grad_norm 0.249
step 2210/11342 | loss 3.5437 | lr_mult 0.9666 | tok/s 193994 | grad_norm 0.233
step 2220/11342 | loss 3.4787 | lr_mult 0.9661 | tok/s 193995 | grad_norm 0.205
step 2230/11342 | loss 3.4897 | lr_mult 0.9655 | tok/s 193996 | grad_norm 0.229
step 2240/11342 | loss 3.5150 | lr_mult 0.9649 | tok/s 193997 | grad_norm 0.176
step 2250/11342 | loss 3.4976 | lr_mult 0.9644 | tok/s 193997 | grad_norm 0.225
step 2260/11342 | loss 3.4954 | lr_mult 0.9638 | tok/s 193998 | grad_norm 0.259
step 2270/11342 | loss 3.5010 | lr_mult 0.9633 | tok/s 193998 | grad_norm 0.205
step 2280/11342 | loss 3.4570 | lr_mult 0.9627 | tok/s 193999 | grad_norm 0.243
step 2290/11342 | loss 3.4600 | lr_mult 0.9621 | tok/s 194000 | grad_norm 0.246
step 2300/11342 | loss 3.4650 | lr_mult 0.9615 | tok/s 194001 | grad_norm 0.240
step 2310/11342 | loss 3.4775 | lr_mult 0.9609 | tok/s 194002 | grad_norm 0.246
step 2320/11342 | loss 3.4798 | lr_mult 0.9603 | tok/s 194003 | grad_norm 0.216
step 2330/11342 | loss 3.4409 | lr_mult 0.9597 | tok/s 194004 | grad_norm 0.204
step 2340/11342 | loss 3.5060 | lr_mult 0.9591 | tok/s 194005 | grad_norm 0.267
step 2350/11342 | loss 3.4770 | lr_mult 0.9585 | tok/s 194006 | grad_norm 0.186
step 2360/11342 | loss 3.4344 | lr_mult 0.9579 | tok/s 194007 | grad_norm 0.193
step 2370/11342 | loss 3.4962 | lr_mult 0.9573 | tok/s 194007 | grad_norm 0.237
step 2380/11342 | loss 3.4752 | lr_mult 0.9567 | tok/s 194008 | grad_norm 0.204
step 2390/11342 | loss 3.4850 | lr_mult 0.9561 | tok/s 194009 | grad_norm 0.195
step 2400/11342 | loss 3.4811 | lr_mult 0.9555 | tok/s 194010 | grad_norm 0.228
step 2410/11342 | loss 3.4332 | lr_mult 0.9548 | tok/s 194011 | grad_norm 0.229
step 2420/11342 | loss 3.4809 | lr_mult 0.9542 | tok/s 194012 | grad_norm 0.251
step 2430/11342 | loss 3.4545 | lr_mult 0.9536 | tok/s 194013 | grad_norm 0.206
step 2440/11342 | loss 3.4255 | lr_mult 0.9529 | tok/s 194014 | grad_norm 0.209
step 2450/11342 | loss 3.4892 | lr_mult 0.9523 | tok/s 194015 | grad_norm 0.203
step 2460/11342 | loss 3.4974 | lr_mult 0.9516 | tok/s 194016 | grad_norm 0.216
step 2470/11342 | loss 3.4603 | lr_mult 0.9510 | tok/s 194017 | grad_norm 0.223
step 2480/11342 | loss 3.4248 | lr_mult 0.9503 | tok/s 194017 | grad_norm 0.211
step 2490/11342 | loss 3.4293 | lr_mult 0.9497 | tok/s 194018 | grad_norm 0.202
step 2500/11342 | loss 3.4394 | lr_mult 0.9490 | tok/s 194018 | grad_norm 0.197
step 2500/11342 | val_loss 3.4360
step 2510/11342 | loss 3.4628 | lr_mult 0.9483 | tok/s 193977 | grad_norm 0.197
step 2520/11342 | loss 3.4208 | lr_mult 0.9476 | tok/s 193978 | grad_norm 0.188
step 2530/11342 | loss 3.4069 | lr_mult 0.9470 | tok/s 193979 | grad_norm 0.269
step 2540/11342 | loss 3.4452 | lr_mult 0.9463 | tok/s 193980 | grad_norm 0.219
step 2550/11342 | loss 3.4366 | lr_mult 0.9456 | tok/s 193980 | grad_norm 0.214
step 2560/11342 | loss 3.4457 | lr_mult 0.9449 | tok/s 193981 | grad_norm 0.239
step 2570/11342 | loss 3.4671 | lr_mult 0.9442 | tok/s 193982 | grad_norm 0.231
step 2580/11342 | loss 3.4052 | lr_mult 0.9435 | tok/s 193983 | grad_norm 0.211
step 2590/11342 | loss 3.4221 | lr_mult 0.9428 | tok/s 193984 | grad_norm 0.238
step 2600/11342 | loss 3.4039 | lr_mult 0.9421 | tok/s 193985 | grad_norm 0.222
step 2610/11342 | loss 3.3852 | lr_mult 0.9414 | tok/s 193986 | grad_norm 0.204
step 2620/11342 | loss 3.3977 | lr_mult 0.9407 | tok/s 193987 | grad_norm 0.244
step 2630/11342 | loss 3.4473 | lr_mult 0.9399 | tok/s 193988 | grad_norm 0.227
step 2640/11342 | loss 3.4105 | lr_mult 0.9392 | tok/s 193989 | grad_norm 0.202
step 2650/11342 | loss 3.4005 | lr_mult 0.9385 | tok/s 193990 | grad_norm 0.220
step 2660/11342 | loss 3.4041 | lr_mult 0.9378 | tok/s 193991 | grad_norm 0.204
step 2670/11342 | loss 3.3951 | lr_mult 0.9370 | tok/s 193992 | grad_norm 0.221
step 2680/11342 | loss 3.4369 | lr_mult 0.9363 | tok/s 193993 | grad_norm 0.204
step 2690/11342 | loss 3.4775 | lr_mult 0.9355 | tok/s 193994 | grad_norm 0.231
step 2700/11342 | loss 3.4362 | lr_mult 0.9348 | tok/s 193995 | grad_norm 0.207
step 2710/11342 | loss 3.4161 | lr_mult 0.9340 | tok/s 193995 | grad_norm 0.197
step 2720/11342 | loss 3.4399 | lr_mult 0.9333 | tok/s 193997 | grad_norm 0.191
step 2730/11342 | loss 3.3858 | lr_mult 0.9325 | tok/s 193997 | grad_norm 0.222
step 2740/11342 | loss 3.4093 | lr_mult 0.9318 | tok/s 193998 | grad_norm 0.269
step 2750/11342 | loss 3.4051 | lr_mult 0.9310 | tok/s 193999 | grad_norm 0.175
step 2760/11342 | loss 3.4221 | lr_mult 0.9302 | tok/s 194000 | grad_norm 0.216
step 2770/11342 | loss 3.4491 | lr_mult 0.9295 | tok/s 194001 | grad_norm 0.211
step 2780/11342 | loss 3.4213 | lr_mult 0.9287 | tok/s 194002 | grad_norm 0.221
step 2790/11342 | loss 3.3898 | lr_mult 0.9279 | tok/s 194003 | grad_norm 0.193
step 2800/11342 | loss 3.4013 | lr_mult 0.9271 | tok/s 194004 | grad_norm 0.186
step 2810/11342 | loss 3.3754 | lr_mult 0.9263 | tok/s 194004 | grad_norm 0.203
step 2820/11342 | loss 3.3912 | lr_mult 0.9255 | tok/s 194005 | grad_norm 0.190
step 2830/11342 | loss 3.3706 | lr_mult 0.9247 | tok/s 194006 | grad_norm 0.237
step 2840/11342 | loss 3.3689 | lr_mult 0.9239 | tok/s 194006 | grad_norm 0.193
step 2850/11342 | loss 3.3729 | lr_mult 0.9231 | tok/s 194007 | grad_norm 0.219
step 2860/11342 | loss 3.4129 | lr_mult 0.9223 | tok/s 194008 | grad_norm 0.175
step 2870/11342 | loss 3.4122 | lr_mult 0.9215 | tok/s 194009 | grad_norm 0.255
step 2880/11342 | loss 3.3743 | lr_mult 0.9207 | tok/s 194009 | grad_norm 0.188
step 2890/11342 | loss 3.3507 | lr_mult 0.9198 | tok/s 194010 | grad_norm 0.183
step 2900/11342 | loss 3.4048 | lr_mult 0.9190 | tok/s 194011 | grad_norm 0.198
step 2910/11342 | loss 3.3948 | lr_mult 0.9182 | tok/s 194011 | grad_norm 0.220
step 2920/11342 | loss 3.4322 | lr_mult 0.9173 | tok/s 194012 | grad_norm 0.205
step 2930/11342 | loss 3.4136 | lr_mult 0.9165 | tok/s 194013 | grad_norm 0.193
step 2940/11342 | loss 3.4193 | lr_mult 0.9157 | tok/s 194014 | grad_norm 0.207
step 2950/11342 | loss 3.3517 | lr_mult 0.9148 | tok/s 194014 | grad_norm 0.174
step 2960/11342 | loss 3.3363 | lr_mult 0.9140 | tok/s 194015 | grad_norm 0.206
step 2970/11342 | loss 3.3851 | lr_mult 0.9131 | tok/s 194016 | grad_norm 0.218
step 2980/11342 | loss 3.3840 | lr_mult 0.9123 | tok/s 194017 | grad_norm 0.205
step 2990/11342 | loss 3.3410 | lr_mult 0.9114 | tok/s 194018 | grad_norm 0.210
step 3000/11342 | loss 3.3941 | lr_mult 0.9105 | tok/s 194018 | grad_norm 0.193
step 3000/11342 | val_loss 3.3633
step 3010/11342 | loss 3.3695 | lr_mult 0.9097 | tok/s 193984 | grad_norm 0.240
step 3020/11342 | loss 3.3499 | lr_mult 0.9088 | tok/s 193984 | grad_norm 0.197
step 3030/11342 | loss 3.3542 | lr_mult 0.9079 | tok/s 193985 | grad_norm 0.215
step 3040/11342 | loss 3.3404 | lr_mult 0.9070 | tok/s 193986 | grad_norm 0.204
step 3050/11342 | loss 3.3637 | lr_mult 0.9061 | tok/s 193987 | grad_norm 0.188
step 3060/11342 | loss 3.3888 | lr_mult 0.9053 | tok/s 193988 | grad_norm 0.230
step 3070/11342 | loss 3.3765 | lr_mult 0.9044 | tok/s 193988 | grad_norm 0.216
step 3080/11342 | loss 3.3704 | lr_mult 0.9035 | tok/s 193989 | grad_norm 0.198
step 3090/11342 | loss 3.3565 | lr_mult 0.9026 | tok/s 193990 | grad_norm 0.176
step 3100/11342 | loss 3.3756 | lr_mult 0.9017 | tok/s 193991 | grad_norm 0.182
step 3110/11342 | loss 3.4062 | lr_mult 0.9008 | tok/s 193991 | grad_norm 0.187
step 3120/11342 | loss 3.3686 | lr_mult 0.8999 | tok/s 193992 | grad_norm 0.209
step 3130/11342 | loss 3.3874 | lr_mult 0.8989 | tok/s 193993 | grad_norm 0.212
step 3140/11342 | loss 3.3726 | lr_mult 0.8980 | tok/s 193994 | grad_norm 0.179
step 3150/11342 | loss 3.3507 | lr_mult 0.8971 | tok/s 193994 | grad_norm 0.175
step 3160/11342 | loss 3.3835 | lr_mult 0.8962 | tok/s 193995 | grad_norm 0.206
step 3170/11342 | loss 3.3144 | lr_mult 0.8952 | tok/s 193996 | grad_norm 0.211
step 3180/11342 | loss 3.3300 | lr_mult 0.8943 | tok/s 193996 | grad_norm 0.262
step 3190/11342 | loss 3.3439 | lr_mult 0.8934 | tok/s 193997 | grad_norm 0.203
step 3200/11342 | loss 3.3563 | lr_mult 0.8924 | tok/s 193998 | grad_norm 0.178
step 3210/11342 | loss 3.3148 | lr_mult 0.8915 | tok/s 193999 | grad_norm 0.202
step 3220/11342 | loss 3.3140 | lr_mult 0.8906 | tok/s 193999 | grad_norm 0.191
step 3230/11342 | loss 3.3352 | lr_mult 0.8896 | tok/s 194000 | grad_norm 0.172
step 3240/11342 | loss 3.3242 | lr_mult 0.8886 | tok/s 194001 | grad_norm 0.187
step 3250/11342 | loss 3.3742 | lr_mult 0.8877 | tok/s 194002 | grad_norm 0.226
step 3260/11342 | loss 3.3642 | lr_mult 0.8867 | tok/s 194002 | grad_norm 0.178
step 3270/11342 | loss 3.3648 | lr_mult 0.8858 | tok/s 194003 | grad_norm 0.225
step 3280/11342 | loss 3.2734 | lr_mult 0.8848 | tok/s 194004 | grad_norm 0.177
step 3290/11342 | loss 3.4017 | lr_mult 0.8838 | tok/s 194005 | grad_norm 0.211
step 3300/11342 | loss 3.3379 | lr_mult 0.8828 | tok/s 194006 | grad_norm 0.191
step 3310/11342 | loss 3.3678 | lr_mult 0.8819 | tok/s 194006 | grad_norm 0.192
step 3320/11342 | loss 3.2904 | lr_mult 0.8809 | tok/s 194007 | grad_norm 0.172
step 3330/11342 | loss 3.3409 | lr_mult 0.8799 | tok/s 194008 | grad_norm 0.192
step 3340/11342 | loss 3.3434 | lr_mult 0.8789 | tok/s 194009 | grad_norm 0.225
step 3350/11342 | loss 3.3618 | lr_mult 0.8779 | tok/s 194009 | grad_norm 0.178
step 3360/11342 | loss 3.3131 | lr_mult 0.8769 | tok/s 194010 | grad_norm 0.165
step 3370/11342 | loss 3.3300 | lr_mult 0.8759 | tok/s 194011 | grad_norm 0.236
step 3380/11342 | loss 3.3215 | lr_mult 0.8749 | tok/s 194011 | grad_norm 0.193
step 3390/11342 | loss 3.3883 | lr_mult 0.8739 | tok/s 194012 | grad_norm 0.192
step 3400/11342 | loss 3.3360 | lr_mult 0.8729 | tok/s 194013 | grad_norm 0.196
step 3410/11342 | loss 3.3115 | lr_mult 0.8719 | tok/s 194014 | grad_norm 0.185
step 3420/11342 | loss 3.3283 | lr_mult 0.8709 | tok/s 194014 | grad_norm 0.159
step 3430/11342 | loss 3.3089 | lr_mult 0.8699 | tok/s 194015 | grad_norm 0.206
step 3440/11342 | loss 3.3014 | lr_mult 0.8688 | tok/s 194015 | grad_norm 0.181
step 3450/11342 | loss 3.2964 | lr_mult 0.8678 | tok/s 194016 | grad_norm 0.202
step 3460/11342 | loss 3.3089 | lr_mult 0.8668 | tok/s 194017 | grad_norm 0.169
step 3470/11342 | loss 3.2807 | lr_mult 0.8657 | tok/s 194018 | grad_norm 0.215
step 3480/11342 | loss 3.3239 | lr_mult 0.8647 | tok/s 194018 | grad_norm 0.192
step 3490/11342 | loss 3.3078 | lr_mult 0.8637 | tok/s 194019 | grad_norm 0.192
step 3500/11342 | loss 3.3168 | lr_mult 0.8626 | tok/s 194019 | grad_norm 0.182
step 3500/11342 | val_loss 3.3080
step 3510/11342 | loss 3.3127 | lr_mult 0.8616 | tok/s 193990 | grad_norm 0.203
step 3520/11342 | loss 3.3170 | lr_mult 0.8605 | tok/s 193990 | grad_norm 0.203
step 3530/11342 | loss 3.3033 | lr_mult 0.8595 | tok/s 193991 | grad_norm 0.197
step 3540/11342 | loss 3.3180 | lr_mult 0.8584 | tok/s 193991 | grad_norm 0.173
step 3550/11342 | loss 3.3272 | lr_mult 0.8573 | tok/s 193992 | grad_norm 0.179
step 3560/11342 | loss 3.3382 | lr_mult 0.8563 | tok/s 193993 | grad_norm 0.212
step 3570/11342 | loss 3.3125 | lr_mult 0.8552 | tok/s 193993 | grad_norm 0.202
step 3580/11342 | loss 3.3486 | lr_mult 0.8541 | tok/s 193993 | grad_norm 0.175
step 3590/11342 | loss 3.3047 | lr_mult 0.8531 | tok/s 193994 | grad_norm 0.196
step 3600/11342 | loss 3.3503 | lr_mult 0.8520 | tok/s 193994 | grad_norm 0.196
step 3610/11342 | loss 3.2976 | lr_mult 0.8509 | tok/s 193995 | grad_norm 0.171
step 3620/11342 | loss 3.3279 | lr_mult 0.8498 | tok/s 193995 | grad_norm 0.183
step 3630/11342 | loss 3.3001 | lr_mult 0.8487 | tok/s 193996 | grad_norm 0.173
step 3640/11342 | loss 3.2940 | lr_mult 0.8477 | tok/s 193997 | grad_norm 0.178
step 3650/11342 | loss 3.3253 | lr_mult 0.8466 | tok/s 193997 | grad_norm 0.211
step 3660/11342 | loss 3.3412 | lr_mult 0.8455 | tok/s 193998 | grad_norm 0.174
step 3670/11342 | loss 3.3373 | lr_mult 0.8444 | tok/s 193999 | grad_norm 0.177
step 3680/11342 | loss 3.2955 | lr_mult 0.8433 | tok/s 193999 | grad_norm 0.172
step 3690/11342 | loss 3.2892 | lr_mult 0.8422 | tok/s 194000 | grad_norm 0.171
step 3700/11342 | loss 3.2813 | lr_mult 0.8410 | tok/s 194001 | grad_norm 0.209
step 3710/11342 | loss 3.2892 | lr_mult 0.8399 | tok/s 194001 | grad_norm 0.173
step 3720/11342 | loss 3.2806 | lr_mult 0.8388 | tok/s 194002 | grad_norm 0.188
step 3730/11342 | loss 3.2715 | lr_mult 0.8377 | tok/s 194003 | grad_norm 0.192
step 3740/11342 | loss 3.2975 | lr_mult 0.8366 | tok/s 194003 | grad_norm 0.184
step 3750/11342 | loss 3.2992 | lr_mult 0.8355 | tok/s 194004 | grad_norm 0.184
step 3760/11342 | loss 3.2309 | lr_mult 0.8343 | tok/s 194005 | grad_norm 0.208
step 3770/11342 | loss 3.2903 | lr_mult 0.8332 | tok/s 194005 | grad_norm 0.166
step 3780/11342 | loss 3.2976 | lr_mult 0.8321 | tok/s 194006 | grad_norm 0.190
step 3790/11342 | loss 3.2993 | lr_mult 0.8309 | tok/s 194007 | grad_norm 0.164
step 3800/11342 | loss 3.3165 | lr_mult 0.8298 | tok/s 194007 | grad_norm 0.158
step 3810/11342 | loss 3.3180 | lr_mult 0.8286 | tok/s 194008 | grad_norm 0.168
step 3820/11342 | loss 3.2551 | lr_mult 0.8275 | tok/s 194008 | grad_norm 0.216
step 3830/11342 | loss 3.2845 | lr_mult 0.8263 | tok/s 194009 | grad_norm 0.166
step 3840/11342 | loss 3.3253 | lr_mult 0.8252 | tok/s 194009 | grad_norm 0.186
step 3850/11342 | loss 3.2960 | lr_mult 0.8240 | tok/s 194010 | grad_norm 0.159
step 3860/11342 | loss 3.2819 | lr_mult 0.8229 | tok/s 194011 | grad_norm 0.260
step 3870/11342 | loss 3.3037 | lr_mult 0.8217 | tok/s 194011 | grad_norm 0.153
step 3880/11342 | loss 3.2545 | lr_mult 0.8206 | tok/s 194012 | grad_norm 0.166
step 3890/11342 | loss 3.3105 | lr_mult 0.8194 | tok/s 194012 | grad_norm 0.188
step 3900/11342 | loss 3.2759 | lr_mult 0.8182 | tok/s 194013 | grad_norm 0.183
step 3910/11342 | loss 3.2989 | lr_mult 0.8170 | tok/s 194014 | grad_norm 0.175
step 3920/11342 | loss 3.3140 | lr_mult 0.8159 | tok/s 194014 | grad_norm 0.156
step 3930/11342 | loss 3.2761 | lr_mult 0.8147 | tok/s 194015 | grad_norm 0.199
step 3940/11342 | loss 3.2739 | lr_mult 0.8135 | tok/s 194015 | grad_norm 0.201
step 3950/11342 | loss 3.2812 | lr_mult 0.8123 | tok/s 194016 | grad_norm 0.217
step 3960/11342 | loss 3.3283 | lr_mult 0.8111 | tok/s 194016 | grad_norm 0.171
step 3970/11342 | loss 3.2884 | lr_mult 0.8099 | tok/s 194017 | grad_norm 0.155
step 3980/11342 | loss 3.2712 | lr_mult 0.8088 | tok/s 194018 | grad_norm 0.183
step 3990/11342 | loss 3.2566 | lr_mult 0.8076 | tok/s 194018 | grad_norm 0.187
step 4000/11342 | loss 3.2695 | lr_mult 0.8064 | tok/s 194019 | grad_norm 0.153
step 4000/11342 | val_loss 3.2619
step 4010/11342 | loss 3.3003 | lr_mult 0.8052 | tok/s 193993 | grad_norm 0.179
step 4020/11342 | loss 3.2689 | lr_mult 0.8039 | tok/s 193993 | grad_norm 0.195
step 4030/11342 | loss 3.2918 | lr_mult 0.8027 | tok/s 193994 | grad_norm 0.174
step 4040/11342 | loss 3.2679 | lr_mult 0.8015 | tok/s 193994 | grad_norm 0.185
step 4050/11342 | loss 3.3135 | lr_mult 0.8003 | tok/s 193995 | grad_norm 0.183
step 4060/11342 | loss 3.2626 | lr_mult 0.7991 | tok/s 193995 | grad_norm 0.165
step 4070/11342 | loss 3.2407 | lr_mult 0.7979 | tok/s 193996 | grad_norm 0.194
step 4080/11342 | loss 3.2661 | lr_mult 0.7967 | tok/s 193996 | grad_norm 0.173
step 4090/11342 | loss 3.3018 | lr_mult 0.7954 | tok/s 193996 | grad_norm 0.153
step 4100/11342 | loss 3.3145 | lr_mult 0.7942 | tok/s 193997 | grad_norm 0.197
step 4110/11342 | loss 3.2459 | lr_mult 0.7930 | tok/s 193997 | grad_norm 0.180
step 4120/11342 | loss 3.2478 | lr_mult 0.7918 | tok/s 193998 | grad_norm 0.213
step 4130/11342 | loss 3.2257 | lr_mult 0.7905 | tok/s 193998 | grad_norm 0.205
step 4140/11342 | loss 3.3016 | lr_mult 0.7893 | tok/s 193999 | grad_norm 0.179
step 4150/11342 | loss 3.2738 | lr_mult 0.7880 | tok/s 194000 | grad_norm 0.182
step 4160/11342 | loss 3.2585 | lr_mult 0.7868 | tok/s 194000 | grad_norm 0.189
step 4170/11342 | loss 3.2883 | lr_mult 0.7855 | tok/s 194001 | grad_norm 0.186
step 4180/11342 | loss 3.2431 | lr_mult 0.7843 | tok/s 194001 | grad_norm 0.159
step 4190/11342 | loss 3.2434 | lr_mult 0.7831 | tok/s 194002 | grad_norm 0.166
step 4200/11342 | loss 3.2358 | lr_mult 0.7818 | tok/s 194002 | grad_norm 0.211
step 4210/11342 | loss 3.2631 | lr_mult 0.7805 | tok/s 194003 | grad_norm 0.167
step 4220/11342 | loss 3.2475 | lr_mult 0.7793 | tok/s 194003 | grad_norm 0.214
step 4230/11342 | loss 3.2229 | lr_mult 0.7780 | tok/s 194004 | grad_norm 0.184
step 4240/11342 | loss 3.2476 | lr_mult 0.7768 | tok/s 194004 | grad_norm 0.168
step 4250/11342 | loss 3.2804 | lr_mult 0.7755 | tok/s 194005 | grad_norm 0.204
step 4260/11342 | loss 3.2447 | lr_mult 0.7742 | tok/s 194005 | grad_norm 0.163
step 4270/11342 | loss 3.2677 | lr_mult 0.7730 | tok/s 194006 | grad_norm 0.162
step 4280/11342 | loss 3.2265 | lr_mult 0.7717 | tok/s 194007 | grad_norm 0.201
step 4290/11342 | loss 3.2441 | lr_mult 0.7704 | tok/s 194007 | grad_norm 0.202
step 4300/11342 | loss 3.2362 | lr_mult 0.7691 | tok/s 194007 | grad_norm 0.171
step 4310/11342 | loss 3.2304 | lr_mult 0.7678 | tok/s 194008 | grad_norm 0.180
step 4320/11342 | loss 3.2826 | lr_mult 0.7666 | tok/s 194008 | grad_norm 0.164
step 4330/11342 | loss 3.2483 | lr_mult 0.7653 | tok/s 194008 | grad_norm 0.155
step 4340/11342 | loss 3.2442 | lr_mult 0.7640 | tok/s 194009 | grad_norm 0.172
step 4350/11342 | loss 3.2201 | lr_mult 0.7627 | tok/s 194009 | grad_norm 0.195
step 4360/11342 | loss 3.2553 | lr_mult 0.7614 | tok/s 194010 | grad_norm 0.151
step 4370/11342 | loss 3.2861 | lr_mult 0.7601 | tok/s 194010 | grad_norm 0.199
step 4380/11342 | loss 3.2681 | lr_mult 0.7588 | tok/s 194011 | grad_norm 0.172
step 4390/11342 | loss 3.2411 | lr_mult 0.7575 | tok/s 194012 | grad_norm 0.191
step 4400/11342 | loss 3.2164 | lr_mult 0.7562 | tok/s 194012 | grad_norm 0.167
step 4410/11342 | loss 3.2256 | lr_mult 0.7549 | tok/s 194013 | grad_norm 0.206
step 4420/11342 | loss 3.2265 | lr_mult 0.7536 | tok/s 194013 | grad_norm 0.162
step 4430/11342 | loss 3.2533 | lr_mult 0.7523 | tok/s 194014 | grad_norm 0.167
step 4440/11342 | loss 3.2683 | lr_mult 0.7510 | tok/s 194014 | grad_norm 0.173
step 4450/11342 | loss 3.2353 | lr_mult 0.7496 | tok/s 194015 | grad_norm 0.191
step 4460/11342 | loss 3.2427 | lr_mult 0.7483 | tok/s 194015 | grad_norm 0.161
step 4470/11342 | loss 3.2032 | lr_mult 0.7470 | tok/s 194015 | grad_norm 0.174
step 4480/11342 | loss 3.2177 | lr_mult 0.7457 | tok/s 194016 | grad_norm 0.173
step 4490/11342 | loss 3.2488 | lr_mult 0.7444 | tok/s 194016 | grad_norm 0.167
step 4500/11342 | loss 3.2436 | lr_mult 0.7430 | tok/s 194017 | grad_norm 0.172
step 4500/11342 | val_loss 3.2266
step 4510/11342 | loss 3.2194 | lr_mult 0.7417 | tok/s 193994 | grad_norm 0.162
step 4520/11342 | loss 3.2174 | lr_mult 0.7404 | tok/s 193994 | grad_norm 0.172
step 4530/11342 | loss 3.2275 | lr_mult 0.7390 | tok/s 193995 | grad_norm 0.150
step 4540/11342 | loss 3.2354 | lr_mult 0.7377 | tok/s 193995 | grad_norm 0.155
step 4550/11342 | loss 3.2257 | lr_mult 0.7364 | tok/s 193996 | grad_norm 0.159
step 4560/11342 | loss 3.2020 | lr_mult 0.7350 | tok/s 193997 | grad_norm 0.177
step 4570/11342 | loss 3.1896 | lr_mult 0.7337 | tok/s 193997 | grad_norm 0.180
step 4580/11342 | loss 3.2462 | lr_mult 0.7324 | tok/s 193998 | grad_norm 0.168
step 4590/11342 | loss 3.2215 | lr_mult 0.7310 | tok/s 193998 | grad_norm 0.162
step 4600/11342 | loss 3.2384 | lr_mult 0.7297 | tok/s 193999 | grad_norm 0.192
step 4610/11342 | loss 3.2535 | lr_mult 0.7283 | tok/s 193999 | grad_norm 0.200
step 4620/11342 | loss 3.2008 | lr_mult 0.7270 | tok/s 194000 | grad_norm 0.152
step 4630/11342 | loss 3.2204 | lr_mult 0.7256 | tok/s 194001 | grad_norm 0.163
step 4640/11342 | loss 3.2253 | lr_mult 0.7242 | tok/s 194001 | grad_norm 0.179
step 4650/11342 | loss 3.2197 | lr_mult 0.7229 | tok/s 194002 | grad_norm 0.159
step 4660/11342 | loss 3.2017 | lr_mult 0.7215 | tok/s 194002 | grad_norm 0.167
step 4670/11342 | loss 3.1696 | lr_mult 0.7202 | tok/s 194003 | grad_norm 0.166
step 4680/11342 | loss 3.2027 | lr_mult 0.7188 | tok/s 194003 | grad_norm 0.160
step 4690/11342 | loss 3.1984 | lr_mult 0.7174 | tok/s 194004 | grad_norm 0.152
step 4700/11342 | loss 3.2749 | lr_mult 0.7161 | tok/s 194004 | grad_norm 0.173
step 4710/11342 | loss 3.1961 | lr_mult 0.7147 | tok/s 194005 | grad_norm 0.174
step 4720/11342 | loss 3.2086 | lr_mult 0.7133 | tok/s 194005 | grad_norm 0.207
step 4730/11342 | loss 3.2326 | lr_mult 0.7119 | tok/s 194006 | grad_norm 0.157
step 4740/11342 | loss 3.2199 | lr_mult 0.7106 | tok/s 194006 | grad_norm 0.143
step 4750/11342 | loss 3.2457 | lr_mult 0.7092 | tok/s 194007 | grad_norm 0.160
step 4760/11342 | loss 3.1739 | lr_mult 0.7078 | tok/s 194007 | grad_norm 0.180
step 4770/11342 | loss 3.2128 | lr_mult 0.7064 | tok/s 194007 | grad_norm 0.177
step 4780/11342 | loss 3.1946 | lr_mult 0.7050 | tok/s 194008 | grad_norm 0.181
step 4790/11342 | loss 3.2055 | lr_mult 0.7037 | tok/s 194009 | grad_norm 0.160
step 4800/11342 | loss 3.2256 | lr_mult 0.7023 | tok/s 194009 | grad_norm 0.160
step 4810/11342 | loss 3.2263 | lr_mult 0.7009 | tok/s 194009 | grad_norm 0.173
step 4820/11342 | loss 3.2320 | lr_mult 0.6995 | tok/s 194010 | grad_norm 0.188
step 4830/11342 | loss 3.2205 | lr_mult 0.6981 | tok/s 194010 | grad_norm 0.171
step 4840/11342 | loss 3.2345 | lr_mult 0.6967 | tok/s 194011 | grad_norm 0.160
step 4850/11342 | loss 3.2548 | lr_mult 0.6953 | tok/s 194011 | grad_norm 0.170
step 4860/11342 | loss 3.2431 | lr_mult 0.6939 | tok/s 194012 | grad_norm 0.157
step 4870/11342 | loss 3.1906 | lr_mult 0.6925 | tok/s 194012 | grad_norm 0.176
step 4880/11342 | loss 3.2298 | lr_mult 0.6911 | tok/s 194012 | grad_norm 0.156
step 4890/11342 | loss 3.1965 | lr_mult 0.6897 | tok/s 194013 | grad_norm 0.165
step 4900/11342 | loss 3.2371 | lr_mult 0.6883 | tok/s 194013 | grad_norm 0.174
step 4910/11342 | loss 3.2308 | lr_mult 0.6869 | tok/s 194014 | grad_norm 0.166
step 4920/11342 | loss 3.2154 | lr_mult 0.6855 | tok/s 194014 | grad_norm 0.181
step 4930/11342 | loss 3.2051 | lr_mult 0.6841 | tok/s 194015 | grad_norm 0.185
step 4940/11342 | loss 3.1790 | lr_mult 0.6826 | tok/s 194015 | grad_norm 0.168
step 4950/11342 | loss 3.2331 | lr_mult 0.6812 | tok/s 194015 | grad_norm 0.176
step 4960/11342 | loss 3.2205 | lr_mult 0.6798 | tok/s 194016 | grad_norm 0.155
step 4970/11342 | loss 3.1974 | lr_mult 0.6784 | tok/s 194016 | grad_norm 0.155
step 4980/11342 | loss 3.1919 | lr_mult 0.6770 | tok/s 194017 | grad_norm 0.163
step 4990/11342 | loss 3.2387 | lr_mult 0.6756 | tok/s 194017 | grad_norm 0.158
step 5000/11342 | loss 3.1918 | lr_mult 0.6741 | tok/s 194017 | grad_norm 0.188
step 5000/11342 | val_loss 3.1928
step 5010/11342 | loss 3.2402 | lr_mult 0.6727 | tok/s 193997 | grad_norm 0.152
step 5020/11342 | loss 3.1875 | lr_mult 0.6713 | tok/s 193997 | grad_norm 0.154
step 5030/11342 | loss 3.2134 | lr_mult 0.6699 | tok/s 193998 | grad_norm 0.169
step 5040/11342 | loss 3.2226 | lr_mult 0.6684 | tok/s 193998 | grad_norm 0.185
step 5050/11342 | loss 3.2140 | lr_mult 0.6670 | tok/s 193999 | grad_norm 0.172
step 5060/11342 | loss 3.2099 | lr_mult 0.6656 | tok/s 193999 | grad_norm 0.174
step 5070/11342 | loss 3.1812 | lr_mult 0.6641 | tok/s 193999 | grad_norm 0.171
step 5080/11342 | loss 3.1935 | lr_mult 0.6627 | tok/s 194000 | grad_norm 0.150
step 5090/11342 | loss 3.2030 | lr_mult 0.6613 | tok/s 194000 | grad_norm 0.167
step 5100/11342 | loss 3.1957 | lr_mult 0.6598 | tok/s 194001 | grad_norm 0.159
step 5110/11342 | loss 3.2147 | lr_mult 0.6584 | tok/s 194001 | grad_norm 0.163
step 5120/11342 | loss 3.1724 | lr_mult 0.6569 | tok/s 194002 | grad_norm 0.166
step 5130/11342 | loss 3.2061 | lr_mult 0.6555 | tok/s 194003 | grad_norm 0.160
step 5140/11342 | loss 3.1969 | lr_mult 0.6540 | tok/s 194003 | grad_norm 0.205
step 5150/11342 | loss 3.1858 | lr_mult 0.6526 | tok/s 194004 | grad_norm 0.159
step 5160/11342 | loss 3.1943 | lr_mult 0.6512 | tok/s 194004 | grad_norm 0.151
step 5170/11342 | loss 3.1784 | lr_mult 0.6497 | tok/s 194004 | grad_norm 0.152
step 5180/11342 | loss 3.1955 | lr_mult 0.6483 | tok/s 194005 | grad_norm 0.157
step 5190/11342 | loss 3.1887 | lr_mult 0.6468 | tok/s 194005 | grad_norm 0.162
step 5200/11342 | loss 3.1882 | lr_mult 0.6454 | tok/s 194006 | grad_norm 0.157
step 5210/11342 | loss 3.2142 | lr_mult 0.6439 | tok/s 194006 | grad_norm 0.166
step 5220/11342 | loss 3.1937 | lr_mult 0.6424 | tok/s 194007 | grad_norm 0.158
step 5230/11342 | loss 3.1706 | lr_mult 0.6410 | tok/s 194007 | grad_norm 0.170
step 5240/11342 | loss 3.1659 | lr_mult 0.6395 | tok/s 194008 | grad_norm 0.163
step 5250/11342 | loss 3.2037 | lr_mult 0.6381 | tok/s 194008 | grad_norm 0.164
step 5260/11342 | loss 3.1803 | lr_mult 0.6366 | tok/s 194008 | grad_norm 0.170
step 5270/11342 | loss 3.2275 | lr_mult 0.6351 | tok/s 194009 | grad_norm 0.169
step 5280/11342 | loss 3.1845 | lr_mult 0.6337 | tok/s 194009 | grad_norm 0.157
step 5290/11342 | loss 3.1707 | lr_mult 0.6322 | tok/s 194010 | grad_norm 0.152
step 5300/11342 | loss 3.1790 | lr_mult 0.6308 | tok/s 194010 | grad_norm 0.164
step 5310/11342 | loss 3.1878 | lr_mult 0.6293 | tok/s 194010 | grad_norm 0.172
step 5320/11342 | loss 3.1951 | lr_mult 0.6278 | tok/s 194011 | grad_norm 0.157
step 5330/11342 | loss 3.1548 | lr_mult 0.6264 | tok/s 194011 | grad_norm 0.168
step 5340/11342 | loss 3.1893 | lr_mult 0.6249 | tok/s 194012 | grad_norm 0.154
step 5350/11342 | loss 3.2018 | lr_mult 0.6234 | tok/s 194012 | grad_norm 0.146
step 5360/11342 | loss 3.1870 | lr_mult 0.6219 | tok/s 194013 | grad_norm 0.167
step 5370/11342 | loss 3.1662 | lr_mult 0.6205 | tok/s 194013 | grad_norm 0.158
step 5380/11342 | loss 3.2246 | lr_mult 0.6190 | tok/s 194014 | grad_norm 0.179
step 5390/11342 | loss 3.1959 | lr_mult 0.6175 | tok/s 194014 | grad_norm 0.148
step 5400/11342 | loss 3.1998 | lr_mult 0.6160 | tok/s 194014 | grad_norm 0.169
step 5410/11342 | loss 3.1495 | lr_mult 0.6146 | tok/s 194014 | grad_norm 0.147
step 5420/11342 | loss 3.1873 | lr_mult 0.6131 | tok/s 194014 | grad_norm 0.160
step 5430/11342 | loss 3.1753 | lr_mult 0.6116 | tok/s 194015 | grad_norm 0.186
step 5440/11342 | loss 3.1773 | lr_mult 0.6101 | tok/s 194015 | grad_norm 0.160
step 5450/11342 | loss 3.1909 | lr_mult 0.6086 | tok/s 194015 | grad_norm 0.184
step 5460/11342 | loss 3.1677 | lr_mult 0.6072 | tok/s 194015 | grad_norm 0.161
step 5470/11342 | loss 3.2084 | lr_mult 0.6057 | tok/s 194016 | grad_norm 0.160
step 5480/11342 | loss 3.1915 | lr_mult 0.6042 | tok/s 194016 | grad_norm 0.159
step 5490/11342 | loss 3.1768 | lr_mult 0.6027 | tok/s 194016 | grad_norm 0.151
step 5500/11342 | loss 3.1786 | lr_mult 0.6012 | tok/s 194016 | grad_norm 0.167
step 5500/11342 | val_loss 3.1641
step 5510/11342 | loss 3.1479 | lr_mult 0.5997 | tok/s 193998 | grad_norm 0.164
step 5520/11342 | loss 3.1827 | lr_mult 0.5982 | tok/s 193998 | grad_norm 0.150
step 5530/11342 | loss 3.1720 | lr_mult 0.5967 | tok/s 193998 | grad_norm 0.145
step 5540/11342 | loss 3.1593 | lr_mult 0.5953 | tok/s 193999 | grad_norm 0.154
step 5550/11342 | loss 3.1353 | lr_mult 0.5938 | tok/s 193999 | grad_norm 0.146
step 5560/11342 | loss 3.1635 | lr_mult 0.5923 | tok/s 193999 | grad_norm 0.161
step 5570/11342 | loss 3.1734 | lr_mult 0.5908 | tok/s 194000 | grad_norm 0.146
step 5580/11342 | loss 3.1988 | lr_mult 0.5893 | tok/s 194000 | grad_norm 0.155
step 5590/11342 | loss 3.1960 | lr_mult 0.5878 | tok/s 194000 | grad_norm 0.143
step 5600/11342 | loss 3.1776 | lr_mult 0.5863 | tok/s 194001 | grad_norm 0.163
step 5610/11342 | loss 3.1713 | lr_mult 0.5848 | tok/s 194001 | grad_norm 0.172
step 5620/11342 | loss 3.1818 | lr_mult 0.5833 | tok/s 194002 | grad_norm 0.164
step 5630/11342 | loss 3.1952 | lr_mult 0.5818 | tok/s 194002 | grad_norm 0.146
step 5640/11342 | loss 3.1620 | lr_mult 0.5803 | tok/s 194002 | grad_norm 0.158
step 5650/11342 | loss 3.1380 | lr_mult 0.5788 | tok/s 194003 | grad_norm 0.151
step 5660/11342 | loss 3.1204 | lr_mult 0.5773 | tok/s 194003 | grad_norm 0.157
step 5670/11342 | loss 3.1774 | lr_mult 0.5758 | tok/s 194003 | grad_norm 0.177
step 5680/11342 | loss 3.2023 | lr_mult 0.5743 | tok/s 194004 | grad_norm 0.178
step 5690/11342 | loss 3.1548 | lr_mult 0.5728 | tok/s 194004 | grad_norm 0.168
step 5700/11342 | loss 3.1636 | lr_mult 0.5713 | tok/s 194004 | grad_norm 0.160
step 5710/11342 | loss 3.1475 | lr_mult 0.5698 | tok/s 194005 | grad_norm 0.145
step 5720/11342 | loss 3.1630 | lr_mult 0.5683 | tok/s 194005 | grad_norm 0.158
step 5730/11342 | loss 3.1443 | lr_mult 0.5668 | tok/s 194005 | grad_norm 0.158
step 5740/11342 | loss 3.1574 | lr_mult 0.5653 | tok/s 194006 | grad_norm 0.151
step 5750/11342 | loss 3.1463 | lr_mult 0.5638 | tok/s 194006 | grad_norm 0.146
step 5760/11342 | loss 3.1412 | lr_mult 0.5623 | tok/s 194006 | grad_norm 0.182
step 5770/11342 | loss 3.1678 | lr_mult 0.5608 | tok/s 194007 | grad_norm 0.155
step 5780/11342 | loss 3.1426 | lr_mult 0.5592 | tok/s 194007 | grad_norm 0.143
step 5790/11342 | loss 3.1759 | lr_mult 0.5577 | tok/s 194007 | grad_norm 0.143
step 5800/11342 | loss 3.1800 | lr_mult 0.5562 | tok/s 194008 | grad_norm 0.161
step 5810/11342 | loss 3.1444 | lr_mult 0.5547 | tok/s 194008 | grad_norm 0.167
step 5820/11342 | loss 3.1994 | lr_mult 0.5532 | tok/s 194009 | grad_norm 0.139
step 5830/11342 | loss 3.1931 | lr_mult 0.5517 | tok/s 194009 | grad_norm 0.145
step 5840/11342 | loss 3.1530 | lr_mult 0.5502 | tok/s 194009 | grad_norm 0.178
step 5850/11342 | loss 3.1595 | lr_mult 0.5487 | tok/s 194010 | grad_norm 0.173
step 5860/11342 | loss 3.1666 | lr_mult 0.5472 | tok/s 194010 | grad_norm 0.156
step 5870/11342 | loss 3.1425 | lr_mult 0.5457 | tok/s 194010 | grad_norm 0.146
step 5880/11342 | loss 3.2026 | lr_mult 0.5441 | tok/s 194010 | grad_norm 0.158
step 5890/11342 | loss 3.1489 | lr_mult 0.5426 | tok/s 194011 | grad_norm 0.169
step 5900/11342 | loss 3.1085 | lr_mult 0.5411 | tok/s 194011 | grad_norm 0.155
step 5910/11342 | loss 3.1589 | lr_mult 0.5396 | tok/s 194011 | grad_norm 0.155
step 5920/11342 | loss 3.1940 | lr_mult 0.5381 | tok/s 194011 | grad_norm 0.156
step 5930/11342 | loss 3.1358 | lr_mult 0.5366 | tok/s 194012 | grad_norm 0.155
step 5940/11342 | loss 3.1649 | lr_mult 0.5351 | tok/s 194012 | grad_norm 0.162
step 5950/11342 | loss 3.2028 | lr_mult 0.5335 | tok/s 194012 | grad_norm 0.174
step 5960/11342 | loss 3.1530 | lr_mult 0.5320 | tok/s 194013 | grad_norm 0.165
step 5970/11342 | loss 3.1204 | lr_mult 0.5305 | tok/s 194013 | grad_norm 0.160
step 5980/11342 | loss 3.1603 | lr_mult 0.5290 | tok/s 194013 | grad_norm 0.144
step 5990/11342 | loss 3.2152 | lr_mult 0.5275 | tok/s 194014 | grad_norm 0.149
step 6000/11342 | loss 3.1753 | lr_mult 0.5260 | tok/s 194014 | grad_norm 0.160
step 6000/11342 | val_loss 3.1383
step 6010/11342 | loss 3.1622 | lr_mult 0.5244 | tok/s 193997 | grad_norm 0.156
step 6020/11342 | loss 3.1587 | lr_mult 0.5229 | tok/s 193997 | grad_norm 0.163
step 6030/11342 | loss 3.1412 | lr_mult 0.5214 | tok/s 193998 | grad_norm 0.147
step 6040/11342 | loss 3.1437 | lr_mult 0.5199 | tok/s 193998 | grad_norm 0.147
step 6050/11342 | loss 3.1217 | lr_mult 0.5184 | tok/s 193998 | grad_norm 0.165
step 6060/11342 | loss 3.1219 | lr_mult 0.5169 | tok/s 193998 | grad_norm 0.137
step 6070/11342 | loss 3.1456 | lr_mult 0.5153 | tok/s 193999 | grad_norm 0.140
step 6080/11342 | loss 3.1228 | lr_mult 0.5138 | tok/s 193999 | grad_norm 0.143
step 6090/11342 | loss 3.1787 | lr_mult 0.5123 | tok/s 194000 | grad_norm 0.146
step 6100/11342 | loss 3.1209 | lr_mult 0.5108 | tok/s 194000 | grad_norm 0.168
step 6110/11342 | loss 3.1138 | lr_mult 0.5093 | tok/s 194000 | grad_norm 0.143
step 6120/11342 | loss 3.1945 | lr_mult 0.5077 | tok/s 194001 | grad_norm 0.158
step 6130/11342 | loss 3.1316 | lr_mult 0.5062 | tok/s 194001 | grad_norm 0.146
step 6140/11342 | loss 3.1266 | lr_mult 0.5047 | tok/s 194001 | grad_norm 0.144
step 6150/11342 | loss 3.1449 | lr_mult 0.5032 | tok/s 194001 | grad_norm 0.149
step 6160/11342 | loss 3.1730 | lr_mult 0.5017 | tok/s 194001 | grad_norm 0.158
step 6170/11342 | loss 3.1492 | lr_mult 0.5002 | tok/s 194001 | grad_norm 0.155
step 6180/11342 | loss 3.1286 | lr_mult 0.4986 | tok/s 194002 | grad_norm 0.149
step 6190/11342 | loss 3.1318 | lr_mult 0.4971 | tok/s 194002 | grad_norm 0.157
step 6200/11342 | loss 3.1443 | lr_mult 0.4956 | tok/s 194002 | grad_norm 0.158
step 6210/11342 | loss 3.1233 | lr_mult 0.4941 | tok/s 194003 | grad_norm 0.154
step 6220/11342 | loss 3.1688 | lr_mult 0.4926 | tok/s 194003 | grad_norm 0.152
step 6230/11342 | loss 3.1038 | lr_mult 0.4910 | tok/s 194004 | grad_norm 0.155
step 6240/11342 | loss 3.1759 | lr_mult 0.4895 | tok/s 194004 | grad_norm 0.154
step 6250/11342 | loss 3.1276 | lr_mult 0.4880 | tok/s 194004 | grad_norm 0.151
step 6260/11342 | loss 3.1376 | lr_mult 0.4865 | tok/s 194005 | grad_norm 0.161
step 6270/11342 | loss 3.1601 | lr_mult 0.4850 | tok/s 194005 | grad_norm 0.161
step 6280/11342 | loss 3.1161 | lr_mult 0.4834 | tok/s 194005 | grad_norm 0.141
step 6290/11342 | loss 3.1558 | lr_mult 0.4819 | tok/s 194005 | grad_norm 0.151
step 6300/11342 | loss 3.1456 | lr_mult 0.4804 | tok/s 194006 | grad_norm 0.147
step 6310/11342 | loss 3.1675 | lr_mult 0.4789 | tok/s 194006 | grad_norm 0.149
step 6320/11342 | loss 3.1518 | lr_mult 0.4774 | tok/s 194006 | grad_norm 0.141
step 6330/11342 | loss 3.1430 | lr_mult 0.4759 | tok/s 194006 | grad_norm 0.145
step 6340/11342 | loss 3.1255 | lr_mult 0.4743 | tok/s 194007 | grad_norm 0.147
step 6350/11342 | loss 3.1183 | lr_mult 0.4728 | tok/s 194007 | grad_norm 0.165
step 6360/11342 | loss 3.1247 | lr_mult 0.4713 | tok/s 194007 | grad_norm 0.146
step 6370/11342 | loss 3.1532 | lr_mult 0.4698 | tok/s 194008 | grad_norm 0.155
step 6380/11342 | loss 3.1328 | lr_mult 0.4683 | tok/s 194008 | grad_norm 0.163
step 6390/11342 | loss 3.1454 | lr_mult 0.4668 | tok/s 194008 | grad_norm 0.142
step 6400/11342 | loss 3.1217 | lr_mult 0.4652 | tok/s 194009 | grad_norm 0.152
step 6410/11342 | loss 3.1832 | lr_mult 0.4637 | tok/s 194009 | grad_norm 0.172
step 6420/11342 | loss 3.1249 | lr_mult 0.4622 | tok/s 194009 | grad_norm 0.144
step 6430/11342 | loss 3.1148 | lr_mult 0.4607 | tok/s 194010 | grad_norm 0.147
step 6440/11342 | loss 3.1374 | lr_mult 0.4592 | tok/s 194010 | grad_norm 0.139
step 6450/11342 | loss 3.1000 | lr_mult 0.4577 | tok/s 194010 | grad_norm 0.144
step 6460/11342 | loss 3.1358 | lr_mult 0.4562 | tok/s 194011 | grad_norm 0.142
step 6470/11342 | loss 3.1088 | lr_mult 0.4546 | tok/s 194011 | grad_norm 0.146
step 6480/11342 | loss 3.1400 | lr_mult 0.4531 | tok/s 194011 | grad_norm 0.151
step 6490/11342 | loss 3.0993 | lr_mult 0.4516 | tok/s 194012 | grad_norm 0.135
step 6500/11342 | loss 3.1736 | lr_mult 0.4501 | tok/s 194012 | grad_norm 0.156
step 6500/11342 | val_loss 3.1142
step 6510/11342 | loss 3.1450 | lr_mult 0.4486 | tok/s 193996 | grad_norm 0.162
step 6520/11342 | loss 3.1555 | lr_mult 0.4471 | tok/s 193996 | grad_norm 0.147
step 6530/11342 | loss 3.1602 | lr_mult 0.4456 | tok/s 193997 | grad_norm 0.146
step 6540/11342 | loss 3.1546 | lr_mult 0.4441 | tok/s 193997 | grad_norm 0.151
step 6550/11342 | loss 3.1308 | lr_mult 0.4426 | tok/s 193997 | grad_norm 0.184
step 6560/11342 | loss 3.1307 | lr_mult 0.4411 | tok/s 193998 | grad_norm 0.139
step 6570/11342 | loss 3.1241 | lr_mult 0.4395 | tok/s 193998 | grad_norm 0.146
step 6580/11342 | loss 3.1295 | lr_mult 0.4380 | tok/s 193998 | grad_norm 0.151
step 6590/11342 | loss 3.1344 | lr_mult 0.4365 | tok/s 193999 | grad_norm 0.146
step 6600/11342 | loss 3.1249 | lr_mult 0.4350 | tok/s 193999 | grad_norm 0.143
step 6610/11342 | loss 3.1217 | lr_mult 0.4335 | tok/s 193999 | grad_norm 0.136
step 6620/11342 | loss 3.1475 | lr_mult 0.4320 | tok/s 194000 | grad_norm 0.158
step 6630/11342 | loss 3.1237 | lr_mult 0.4305 | tok/s 194000 | grad_norm 0.144
step 6640/11342 | loss 3.1296 | lr_mult 0.4290 | tok/s 194000 | grad_norm 0.144
step 6650/11342 | loss 3.1472 | lr_mult 0.4275 | tok/s 194001 | grad_norm 0.149
step 6660/11342 | loss 3.1125 | lr_mult 0.4260 | tok/s 194001 | grad_norm 0.159
step 6670/11342 | loss 3.1165 | lr_mult 0.4245 | tok/s 194001 | grad_norm 0.150
step 6680/11342 | loss 3.1238 | lr_mult 0.4230 | tok/s 194002 | grad_norm 0.152
step 6690/11342 | loss 3.1153 | lr_mult 0.4215 | tok/s 194002 | grad_norm 0.157
step 6700/11342 | loss 3.0935 | lr_mult 0.4200 | tok/s 194003 | grad_norm 0.146
step 6710/11342 | loss 3.1159 | lr_mult 0.4185 | tok/s 194003 | grad_norm 0.145
step 6720/11342 | loss 3.1671 | lr_mult 0.4170 | tok/s 194003 | grad_norm 0.146
step 6730/11342 | loss 3.1214 | lr_mult 0.4155 | tok/s 194004 | grad_norm 0.152
step 6740/11342 | loss 3.1651 | lr_mult 0.4140 | tok/s 194004 | grad_norm 0.138
step 6750/11342 | loss 3.0812 | lr_mult 0.4125 | tok/s 194004 | grad_norm 0.141
step 6760/11342 | loss 3.1449 | lr_mult 0.4110 | tok/s 194005 | grad_norm 0.145
step 6770/11342 | loss 3.1120 | lr_mult 0.4095 | tok/s 194005 | grad_norm 0.156
step 6780/11342 | loss 3.0858 | lr_mult 0.4080 | tok/s 194005 | grad_norm 0.144
step 6790/11342 | loss 3.1244 | lr_mult 0.4065 | tok/s 194006 | grad_norm 0.152
step 6800/11342 | loss 3.0806 | lr_mult 0.4050 | tok/s 194006 | grad_norm 0.143
step 6810/11342 | loss 3.0883 | lr_mult 0.4036 | tok/s 194006 | grad_norm 0.149
step 6820/11342 | loss 3.1731 | lr_mult 0.4021 | tok/s 194007 | grad_norm 0.144
step 6830/11342 | loss 3.0774 | lr_mult 0.4006 | tok/s 194007 | grad_norm 0.149
step 6840/11342 | loss 3.1164 | lr_mult 0.3991 | tok/s 194007 | grad_norm 0.148
step 6850/11342 | loss 3.0799 | lr_mult 0.3976 | tok/s 194008 | grad_norm 0.147
step 6860/11342 | loss 3.1163 | lr_mult 0.3961 | tok/s 194008 | grad_norm 0.142
step 6870/11342 | loss 3.0827 | lr_mult 0.3946 | tok/s 194008 | grad_norm 0.146
step 6880/11342 | loss 3.0968 | lr_mult 0.3931 | tok/s 194008 | grad_norm 0.146
step 6890/11342 | loss 3.0753 | lr_mult 0.3917 | tok/s 194009 | grad_norm 0.146
step 6900/11342 | loss 3.0985 | lr_mult 0.3902 | tok/s 194009 | grad_norm 0.143
step 6910/11342 | loss 3.1315 | lr_mult 0.3887 | tok/s 194009 | grad_norm 0.160
step 6920/11342 | loss 3.0840 | lr_mult 0.3872 | tok/s 194010 | grad_norm 0.158
step 6930/11342 | loss 3.1272 | lr_mult 0.3857 | tok/s 194010 | grad_norm 0.176
step 6940/11342 | loss 3.1110 | lr_mult 0.3843 | tok/s 194010 | grad_norm 0.145
step 6950/11342 | loss 3.1256 | lr_mult 0.3828 | tok/s 194011 | grad_norm 0.135
step 6960/11342 | loss 3.0986 | lr_mult 0.3813 | tok/s 194011 | grad_norm 0.132
step 6970/11342 | loss 3.1209 | lr_mult 0.3798 | tok/s 194011 | grad_norm 0.133
step 6980/11342 | loss 3.1078 | lr_mult 0.3784 | tok/s 194011 | grad_norm 0.156
step 6990/11342 | loss 3.1234 | lr_mult 0.3769 | tok/s 194012 | grad_norm 0.140
step 7000/11342 | loss 3.0801 | lr_mult 0.3754 | tok/s 194012 | grad_norm 0.142
step 7000/11342 | val_loss 3.0927
step 7010/11342 | loss 3.1147 | lr_mult 0.3739 | tok/s 193997 | grad_norm 0.137
step 7020/11342 | loss 3.1214 | lr_mult 0.3725 | tok/s 193998 | grad_norm 0.157
step 7030/11342 | loss 3.1115 | lr_mult 0.3710 | tok/s 193998 | grad_norm 0.134
step 7040/11342 | loss 3.0925 | lr_mult 0.3695 | tok/s 193998 | grad_norm 0.153
step 7050/11342 | loss 3.1188 | lr_mult 0.3681 | tok/s 193998 | grad_norm 0.146
step 7060/11342 | loss 3.0760 | lr_mult 0.3666 | tok/s 193999 | grad_norm 0.145
step 7070/11342 | loss 3.0743 | lr_mult 0.3651 | tok/s 193999 | grad_norm 0.154
step 7080/11342 | loss 3.0938 | lr_mult 0.3637 | tok/s 193999 | grad_norm 0.162
step 7090/11342 | loss 3.0553 | lr_mult 0.3622 | tok/s 194000 | grad_norm 0.157
step 7100/11342 | loss 3.0417 | lr_mult 0.3608 | tok/s 194000 | grad_norm 0.151
step 7110/11342 | loss 3.1094 | lr_mult 0.3593 | tok/s 194000 | grad_norm 0.142
step 7120/11342 | loss 3.1383 | lr_mult 0.3578 | tok/s 194001 | grad_norm 0.159
step 7130/11342 | loss 3.0824 | lr_mult 0.3564 | tok/s 194001 | grad_norm 0.139
step 7140/11342 | loss 3.0958 | lr_mult 0.3549 | tok/s 194001 | grad_norm 0.157
step 7150/11342 | loss 3.0922 | lr_mult 0.3535 | tok/s 194001 | grad_norm 0.143
step 7160/11342 | loss 3.0998 | lr_mult 0.3520 | tok/s 194002 | grad_norm 0.133
step 7170/11342 | loss 3.0961 | lr_mult 0.3506 | tok/s 194002 | grad_norm 0.136
step 7180/11342 | loss 3.1296 | lr_mult 0.3491 | tok/s 194002 | grad_norm 0.156
step 7190/11342 | loss 3.0627 | lr_mult 0.3477 | tok/s 194003 | grad_norm 0.149
step 7200/11342 | loss 3.0946 | lr_mult 0.3462 | tok/s 194003 | grad_norm 0.149
step 7210/11342 | loss 3.1073 | lr_mult 0.3448 | tok/s 194003 | grad_norm 0.148
step 7220/11342 | loss 3.1399 | lr_mult 0.3434 | tok/s 194003 | grad_norm 0.142
step 7230/11342 | loss 3.0944 | lr_mult 0.3419 | tok/s 194003 | grad_norm 0.138
step 7240/11342 | loss 3.0945 | lr_mult 0.3405 | tok/s 194004 | grad_norm 0.145
step 7250/11342 | loss 3.0827 | lr_mult 0.3390 | tok/s 194004 | grad_norm 0.149
step 7260/11342 | loss 3.1029 | lr_mult 0.3376 | tok/s 194004 | grad_norm 0.149
step 7270/11342 | loss 3.1178 | lr_mult 0.3362 | tok/s 194004 | grad_norm 0.146
step 7280/11342 | loss 3.1054 | lr_mult 0.3347 | tok/s 194005 | grad_norm 0.135
step 7290/11342 | loss 3.0882 | lr_mult 0.3333 | tok/s 194005 | grad_norm 0.156
step 7300/11342 | loss 3.0896 | lr_mult 0.3319 | tok/s 194005 | grad_norm 0.149
step 7310/11342 | loss 3.0677 | lr_mult 0.3304 | tok/s 194005 | grad_norm 0.140
step 7320/11342 | loss 3.0683 | lr_mult 0.3290 | tok/s 194006 | grad_norm 0.137
step 7330/11342 | loss 3.1154 | lr_mult 0.3276 | tok/s 194006 | grad_norm 0.140
step 7340/11342 | loss 3.0862 | lr_mult 0.3262 | tok/s 194006 | grad_norm 0.144
step 7350/11342 | loss 3.0571 | lr_mult 0.3247 | tok/s 194007 | grad_norm 0.162
step 7360/11342 | loss 3.0733 | lr_mult 0.3233 | tok/s 194007 | grad_norm 0.150
step 7370/11342 | loss 3.1070 | lr_mult 0.3219 | tok/s 194007 | grad_norm 0.142
step 7380/11342 | loss 3.1002 | lr_mult 0.3205 | tok/s 194008 | grad_norm 0.141
step 7390/11342 | loss 3.0647 | lr_mult 0.3191 | tok/s 194008 | grad_norm 0.141
step 7400/11342 | loss 3.1168 | lr_mult 0.3176 | tok/s 194008 | grad_norm 0.139
step 7410/11342 | loss 3.0582 | lr_mult 0.3162 | tok/s 194008 | grad_norm 0.142
step 7420/11342 | loss 3.0607 | lr_mult 0.3148 | tok/s 194009 | grad_norm 0.132
step 7430/11342 | loss 3.0803 | lr_mult 0.3134 | tok/s 194009 | grad_norm 0.135
step 7440/11342 | loss 3.0907 | lr_mult 0.3120 | tok/s 194009 | grad_norm 0.146
step 7450/11342 | loss 3.0509 | lr_mult 0.3106 | tok/s 194010 | grad_norm 0.140
step 7460/11342 | loss 3.0855 | lr_mult 0.3092 | tok/s 194010 | grad_norm 0.150
step 7470/11342 | loss 3.1026 | lr_mult 0.3078 | tok/s 194010 | grad_norm 0.149
step 7480/11342 | loss 3.0604 | lr_mult 0.3064 | tok/s 194011 | grad_norm 0.146
step 7490/11342 | loss 3.0626 | lr_mult 0.3050 | tok/s 194011 | grad_norm 0.146
step 7500/11342 | loss 3.0514 | lr_mult 0.3036 | tok/s 194011 | grad_norm 0.143
step 7500/11342 | val_loss 3.0719
step 7510/11342 | loss 3.0539 | lr_mult 0.3022 | tok/s 193997 | grad_norm 0.146
step 7520/11342 | loss 3.1030 | lr_mult 0.3008 | tok/s 193997 | grad_norm 0.138
step 7530/11342 | loss 3.0946 | lr_mult 0.2994 | tok/s 193998 | grad_norm 0.150
step 7540/11342 | loss 3.0746 | lr_mult 0.2980 | tok/s 193998 | grad_norm 0.140
step 7550/11342 | loss 3.0771 | lr_mult 0.2966 | tok/s 193998 | grad_norm 0.138
step 7560/11342 | loss 3.0903 | lr_mult 0.2952 | tok/s 193999 | grad_norm 0.129
step 7570/11342 | loss 3.0674 | lr_mult 0.2939 | tok/s 193999 | grad_norm 0.139
step 7580/11342 | loss 3.1135 | lr_mult 0.2925 | tok/s 193999 | grad_norm 0.145
step 7590/11342 | loss 3.0472 | lr_mult 0.2911 | tok/s 194000 | grad_norm 0.136
step 7600/11342 | loss 3.1331 | lr_mult 0.2897 | tok/s 194000 | grad_norm 0.153
step 7610/11342 | loss 3.0942 | lr_mult 0.2883 | tok/s 194000 | grad_norm 0.133
step 7620/11342 | loss 3.0433 | lr_mult 0.2870 | tok/s 194000 | grad_norm 0.156
step 7630/11342 | loss 3.0533 | lr_mult 0.2856 | tok/s 194001 | grad_norm 0.144
step 7640/11342 | loss 3.0633 | lr_mult 0.2842 | tok/s 194001 | grad_norm 0.139
step 7650/11342 | loss 3.0488 | lr_mult 0.2828 | tok/s 194001 | grad_norm 0.143
step 7660/11342 | loss 3.0793 | lr_mult 0.2815 | tok/s 194001 | grad_norm 0.134
step 7670/11342 | loss 3.0691 | lr_mult 0.2801 | tok/s 194002 | grad_norm 0.150
step 7680/11342 | loss 3.0652 | lr_mult 0.2787 | tok/s 194002 | grad_norm 0.144
step 7690/11342 | loss 3.0737 | lr_mult 0.2774 | tok/s 194002 | grad_norm 0.140
step 7700/11342 | loss 3.0896 | lr_mult 0.2760 | tok/s 194002 | grad_norm 0.145
step 7710/11342 | loss 3.0657 | lr_mult 0.2747 | tok/s 194003 | grad_norm 0.151
step 7720/11342 | loss 3.0898 | lr_mult 0.2733 | tok/s 194003 | grad_norm 0.138
step 7730/11342 | loss 3.1336 | lr_mult 0.2720 | tok/s 194003 | grad_norm 0.144
step 7740/11342 | loss 3.0799 | lr_mult 0.2706 | tok/s 194003 | grad_norm 0.136
step 7750/11342 | loss 3.0338 | lr_mult 0.2693 | tok/s 194003 | grad_norm 0.131
step 7760/11342 | loss 3.0901 | lr_mult 0.2679 | tok/s 194004 | grad_norm 0.128
step 7770/11342 | loss 3.0570 | lr_mult 0.2666 | tok/s 194004 | grad_norm 0.144
step 7780/11342 | loss 3.0795 | lr_mult 0.2652 | tok/s 194004 | grad_norm 0.139
step 7790/11342 | loss 3.0958 | lr_mult 0.2639 | tok/s 194005 | grad_norm 0.140
step 7800/11342 | loss 3.0738 | lr_mult 0.2626 | tok/s 194005 | grad_norm 0.134
step 7810/11342 | loss 3.0602 | lr_mult 0.2612 | tok/s 194005 | grad_norm 0.137
step 7820/11342 | loss 3.0883 | lr_mult 0.2599 | tok/s 194005 | grad_norm 0.130
step 7830/11342 | loss 3.1067 | lr_mult 0.2586 | tok/s 194006 | grad_norm 0.134
step 7840/11342 | loss 3.0838 | lr_mult 0.2572 | tok/s 194006 | grad_norm 0.138
step 7850/11342 | loss 3.0491 | lr_mult 0.2559 | tok/s 194006 | grad_norm 0.129
step 7860/11342 | loss 3.0301 | lr_mult 0.2546 | tok/s 194006 | grad_norm 0.137
step 7870/11342 | loss 3.0971 | lr_mult 0.2533 | tok/s 194007 | grad_norm 0.133
step 7880/11342 | loss 3.0921 | lr_mult 0.2519 | tok/s 194007 | grad_norm 0.137
step 7890/11342 | loss 3.0356 | lr_mult 0.2506 | tok/s 194007 | grad_norm 0.146
step 7900/11342 | loss 3.0710 | lr_mult 0.2493 | tok/s 194008 | grad_norm 0.138
step 7910/11342 | loss 3.0808 | lr_mult 0.2480 | tok/s 194008 | grad_norm 0.134
step 7920/11342 | loss 3.0633 | lr_mult 0.2467 | tok/s 194008 | grad_norm 0.133
step 7930/11342 | loss 3.0690 | lr_mult 0.2454 | tok/s 194008 | grad_norm 0.139
step 7940/11342 | loss 3.0468 | lr_mult 0.2441 | tok/s 194008 | grad_norm 0.138
step 7950/11342 | loss 3.0552 | lr_mult 0.2428 | tok/s 194008 | grad_norm 0.148
step 7960/11342 | loss 3.0469 | lr_mult 0.2415 | tok/s 194009 | grad_norm 0.139
step 7970/11342 | loss 3.0501 | lr_mult 0.2402 | tok/s 194009 | grad_norm 0.136
step 7980/11342 | loss 3.0607 | lr_mult 0.2389 | tok/s 194009 | grad_norm 0.133
step 7990/11342 | loss 3.0852 | lr_mult 0.2376 | tok/s 194009 | grad_norm 0.132
step 8000/11342 | loss 3.1161 | lr_mult 0.2363 | tok/s 194010 | grad_norm 0.134
step 8000/11342 | val_loss 3.0535
step 8010/11342 | loss 3.0471 | lr_mult 0.2350 | tok/s 193997 | grad_norm 0.126
step 8020/11342 | loss 3.0468 | lr_mult 0.2337 | tok/s 193997 | grad_norm 0.136
step 8030/11342 | loss 3.0577 | lr_mult 0.2324 | tok/s 193997 | grad_norm 0.130
step 8040/11342 | loss 3.0525 | lr_mult 0.2311 | tok/s 193997 | grad_norm 0.135
step 8050/11342 | loss 3.0640 | lr_mult 0.2299 | tok/s 193998 | grad_norm 0.131
step 8060/11342 | loss 3.0762 | lr_mult 0.2286 | tok/s 193998 | grad_norm 0.138
step 8070/11342 | loss 3.0649 | lr_mult 0.2273 | tok/s 193998 | grad_norm 0.134
step 8080/11342 | loss 3.0681 | lr_mult 0.2260 | tok/s 193998 | grad_norm 0.142
step 8090/11342 | loss 3.0522 | lr_mult 0.2248 | tok/s 193999 | grad_norm 0.137
step 8100/11342 | loss 3.0627 | lr_mult 0.2235 | tok/s 193999 | grad_norm 0.142
step 8110/11342 | loss 3.0926 | lr_mult 0.2222 | tok/s 193999 | grad_norm 0.136
step 8120/11342 | loss 3.0760 | lr_mult 0.2210 | tok/s 194000 | grad_norm 0.133
step 8130/11342 | loss 3.0516 | lr_mult 0.2197 | tok/s 194000 | grad_norm 0.140
step 8140/11342 | loss 3.0365 | lr_mult 0.2185 | tok/s 194000 | grad_norm 0.135
step 8150/11342 | loss 3.0724 | lr_mult 0.2172 | tok/s 194000 | grad_norm 0.144
step 8160/11342 | loss 3.0542 | lr_mult 0.2159 | tok/s 194001 | grad_norm 0.139
step 8170/11342 | loss 3.0546 | lr_mult 0.2147 | tok/s 194001 | grad_norm 0.129
step 8180/11342 | loss 3.0729 | lr_mult 0.2135 | tok/s 194001 | grad_norm 0.134
step 8190/11342 | loss 3.0215 | lr_mult 0.2122 | tok/s 194002 | grad_norm 0.137
step 8200/11342 | loss 3.0640 | lr_mult 0.2110 | tok/s 194002 | grad_norm 0.136
step 8210/11342 | loss 3.0450 | lr_mult 0.2097 | tok/s 194002 | grad_norm 0.137
step 8220/11342 | loss 3.0850 | lr_mult 0.2085 | tok/s 194002 | grad_norm 0.131
step 8230/11342 | loss 3.0562 | lr_mult 0.2073 | tok/s 194003 | grad_norm 0.138
step 8240/11342 | loss 3.0616 | lr_mult 0.2060 | tok/s 194003 | grad_norm 0.141
step 8250/11342 | loss 3.0593 | lr_mult 0.2048 | tok/s 194003 | grad_norm 0.135
step 8260/11342 | loss 3.0353 | lr_mult 0.2036 | tok/s 194004 | grad_norm 0.134
step 8270/11342 | loss 3.0421 | lr_mult 0.2024 | tok/s 194004 | grad_norm 0.136
step 8280/11342 | loss 3.0662 | lr_mult 0.2011 | tok/s 194004 | grad_norm 0.144
step 8290/11342 | loss 3.0267 | lr_mult 0.1999 | tok/s 194004 | grad_norm 0.134
step 8300/11342 | loss 3.0594 | lr_mult 0.1987 | tok/s 194005 | grad_norm 0.131
step 8310/11342 | loss 3.0550 | lr_mult 0.1975 | tok/s 194005 | grad_norm 0.143
step 8320/11342 | loss 3.0779 | lr_mult 0.1963 | tok/s 194005 | grad_norm 0.132
step 8330/11342 | loss 3.0809 | lr_mult 0.1951 | tok/s 194006 | grad_norm 0.133
step 8340/11342 | loss 3.0338 | lr_mult 0.1939 | tok/s 194006 | grad_norm 0.132
step 8350/11342 | loss 3.0481 | lr_mult 0.1927 | tok/s 194006 | grad_norm 0.132
step 8360/11342 | loss 3.0649 | lr_mult 0.1915 | tok/s 194006 | grad_norm 0.134
step 8370/11342 | loss 3.0517 | lr_mult 0.1903 | tok/s 194007 | grad_norm 0.129
step 8380/11342 | loss 3.0589 | lr_mult 0.1891 | tok/s 194007 | grad_norm 0.139
step 8390/11342 | loss 3.0202 | lr_mult 0.1879 | tok/s 194007 | grad_norm 0.134
step 8400/11342 | loss 3.0409 | lr_mult 0.1867 | tok/s 194008 | grad_norm 0.137
step 8410/11342 | loss 3.0648 | lr_mult 0.1855 | tok/s 194008 | grad_norm 0.130
step 8420/11342 | loss 3.0559 | lr_mult 0.1844 | tok/s 194008 | grad_norm 0.133
step 8430/11342 | loss 3.0728 | lr_mult 0.1832 | tok/s 194008 | grad_norm 0.130
step 8440/11342 | loss 3.0389 | lr_mult 0.1820 | tok/s 194009 | grad_norm 0.130
step 8450/11342 | loss 3.0594 | lr_mult 0.1808 | tok/s 194009 | grad_norm 0.128
step 8460/11342 | loss 3.0808 | lr_mult 0.1797 | tok/s 194009 | grad_norm 0.138
step 8470/11342 | loss 3.0541 | lr_mult 0.1785 | tok/s 194009 | grad_norm 0.129
step 8480/11342 | loss 3.0398 | lr_mult 0.1774 | tok/s 194010 | grad_norm 0.128
step 8490/11342 | loss 3.0226 | lr_mult 0.1762 | tok/s 194010 | grad_norm 0.127
step 8500/11342 | loss 3.0459 | lr_mult 0.1750 | tok/s 194010 | grad_norm 0.126
step 8500/11342 | val_loss 3.0376
step 8510/11342 | loss 3.0250 | lr_mult 0.1739 | tok/s 193998 | grad_norm 0.135
step 8520/11342 | loss 3.0768 | lr_mult 0.1727 | tok/s 193998 | grad_norm 0.131
step 8530/11342 | loss 3.0367 | lr_mult 0.1716 | tok/s 193999 | grad_norm 0.126
step 8540/11342 | loss 3.0594 | lr_mult 0.1704 | tok/s 193999 | grad_norm 0.122
step 8550/11342 | loss 3.0036 | lr_mult 0.1693 | tok/s 193999 | grad_norm 0.134
step 8560/11342 | loss 2.9914 | lr_mult 0.1682 | tok/s 193999 | grad_norm 0.131
step 8570/11342 | loss 3.0460 | lr_mult 0.1670 | tok/s 194000 | grad_norm 0.130
step 8580/11342 | loss 3.1203 | lr_mult 0.1659 | tok/s 194000 | grad_norm 0.129
step 8590/11342 | loss 3.0277 | lr_mult 0.1648 | tok/s 194000 | grad_norm 0.124
step 8600/11342 | loss 3.0571 | lr_mult 0.1636 | tok/s 194000 | grad_norm 0.131
step 8610/11342 | loss 3.0647 | lr_mult 0.1625 | tok/s 194001 | grad_norm 0.130
step 8620/11342 | loss 3.0662 | lr_mult 0.1614 | tok/s 194001 | grad_norm 0.127
step 8630/11342 | loss 3.0292 | lr_mult 0.1603 | tok/s 194001 | grad_norm 0.136
step 8640/11342 | loss 3.0335 | lr_mult 0.1592 | tok/s 194001 | grad_norm 0.124
step 8650/11342 | loss 3.0527 | lr_mult 0.1581 | tok/s 194001 | grad_norm 0.128
step 8660/11342 | loss 3.0891 | lr_mult 0.1570 | tok/s 194001 | grad_norm 0.137
step 8670/11342 | loss 3.0626 | lr_mult 0.1559 | tok/s 194002 | grad_norm 0.205
step 8680/11342 | loss 3.0578 | lr_mult 0.1548 | tok/s 194002 | grad_norm 0.124
step 8690/11342 | loss 3.0166 | lr_mult 0.1537 | tok/s 194002 | grad_norm 0.134
step 8700/11342 | loss 2.9988 | lr_mult 0.1526 | tok/s 194002 | grad_norm 0.136
step 8710/11342 | loss 2.9997 | lr_mult 0.1515 | tok/s 194002 | grad_norm 0.131
step 8720/11342 | loss 3.0439 | lr_mult 0.1504 | tok/s 194002 | grad_norm 0.126
step 8730/11342 | loss 3.0863 | lr_mult 0.1493 | tok/s 194002 | grad_norm 0.131
step 8740/11342 | loss 3.0506 | lr_mult 0.1482 | tok/s 194002 | grad_norm 0.135
step 8750/11342 | loss 3.0634 | lr_mult 0.1471 | tok/s 194002 | grad_norm 0.135
step 8760/11342 | loss 3.0200 | lr_mult 0.1461 | tok/s 194002 | grad_norm 0.141
step 8770/11342 | loss 3.0082 | lr_mult 0.1450 | tok/s 194002 | grad_norm 0.132
step 8780/11342 | loss 3.0201 | lr_mult 0.1439 | tok/s 194002 | grad_norm 0.134
step 8790/11342 | loss 2.9942 | lr_mult 0.1429 | tok/s 194002 | grad_norm 0.131
step 8800/11342 | loss 3.0489 | lr_mult 0.1418 | tok/s 194002 | grad_norm 0.128
step 8810/11342 | loss 3.0998 | lr_mult 0.1407 | tok/s 194003 | grad_norm 0.124
step 8820/11342 | loss 3.0527 | lr_mult 0.1397 | tok/s 194003 | grad_norm 0.133
step 8830/11342 | loss 3.0745 | lr_mult 0.1386 | tok/s 194003 | grad_norm 0.129
step 8840/11342 | loss 3.0432 | lr_mult 0.1376 | tok/s 194003 | grad_norm 0.128
step 8850/11342 | loss 3.0285 | lr_mult 0.1365 | tok/s 194003 | grad_norm 0.132
step 8860/11342 | loss 3.0040 | lr_mult 0.1355 | tok/s 194004 | grad_norm 0.123
step 8870/11342 | loss 3.0565 | lr_mult 0.1345 | tok/s 194004 | grad_norm 0.131
step 8880/11342 | loss 3.0246 | lr_mult 0.1334 | tok/s 194004 | grad_norm 0.125
step 8890/11342 | loss 3.0091 | lr_mult 0.1324 | tok/s 194004 | grad_norm 0.123
step 8900/11342 | loss 3.0356 | lr_mult 0.1314 | tok/s 194004 | grad_norm 0.128
step 8910/11342 | loss 3.0274 | lr_mult 0.1304 | tok/s 194004 | grad_norm 0.132
step 8920/11342 | loss 3.0657 | lr_mult 0.1293 | tok/s 194004 | grad_norm 0.127
step 8930/11342 | loss 3.0142 | lr_mult 0.1283 | tok/s 194004 | grad_norm 0.133
step 8940/11342 | loss 3.0072 | lr_mult 0.1273 | tok/s 194004 | grad_norm 0.127
step 8950/11342 | loss 3.0402 | lr_mult 0.1263 | tok/s 194004 | grad_norm 0.128
step 8960/11342 | loss 3.0682 | lr_mult 0.1253 | tok/s 194005 | grad_norm 0.135
step 8970/11342 | loss 3.0401 | lr_mult 0.1243 | tok/s 194005 | grad_norm 0.125
step 8980/11342 | loss 3.0459 | lr_mult 0.1233 | tok/s 194005 | grad_norm 0.126
step 8990/11342 | loss 3.0470 | lr_mult 0.1223 | tok/s 194005 | grad_norm 0.128
step 9000/11342 | loss 3.0293 | lr_mult 0.1213 | tok/s 194006 | grad_norm 0.134
step 9000/11342 | val_loss 3.0240
step 9010/11342 | loss 3.0311 | lr_mult 0.1203 | tok/s 193994 | grad_norm 0.128
step 9020/11342 | loss 3.0355 | lr_mult 0.1193 | tok/s 193994 | grad_norm 0.129
step 9030/11342 | loss 3.0877 | lr_mult 0.1183 | tok/s 193994 | grad_norm 0.131
step 9040/11342 | loss 3.0284 | lr_mult 0.1173 | tok/s 193994 | grad_norm 0.131
step 9050/11342 | loss 3.0615 | lr_mult 0.1164 | tok/s 193994 | grad_norm 0.126
step 9060/11342 | loss 3.0537 | lr_mult 0.1154 | tok/s 193994 | grad_norm 0.128
step 9070/11342 | loss 2.9853 | lr_mult 0.1144 | tok/s 193995 | grad_norm 0.129
step 9080/11342 | loss 3.0569 | lr_mult 0.1135 | tok/s 193995 | grad_norm 0.128
step 9090/11342 | loss 3.0012 | lr_mult 0.1125 | tok/s 193995 | grad_norm 0.125
step 9100/11342 | loss 3.0328 | lr_mult 0.1115 | tok/s 193995 | grad_norm 0.123
step 9110/11342 | loss 3.0448 | lr_mult 0.1106 | tok/s 193995 | grad_norm 0.128
step 9120/11342 | loss 2.9967 | lr_mult 0.1096 | tok/s 193995 | grad_norm 0.126
step 9130/11342 | loss 3.0347 | lr_mult 0.1087 | tok/s 193996 | grad_norm 0.133
step 9140/11342 | loss 3.0271 | lr_mult 0.1077 | tok/s 193996 | grad_norm 0.127
step 9150/11342 | loss 3.0386 | lr_mult 0.1068 | tok/s 193996 | grad_norm 0.129
step 9160/11342 | loss 3.0460 | lr_mult 0.1059 | tok/s 193996 | grad_norm 0.127
step 9170/11342 | loss 3.0427 | lr_mult 0.1049 | tok/s 193996 | grad_norm 0.127
step 9180/11342 | loss 3.0211 | lr_mult 0.1040 | tok/s 193997 | grad_norm 0.131
step 9190/11342 | loss 3.0286 | lr_mult 0.1031 | tok/s 193997 | grad_norm 0.121
step 9200/11342 | loss 3.0240 | lr_mult 0.1022 | tok/s 193997 | grad_norm 0.121
step 9210/11342 | loss 3.0013 | lr_mult 0.1012 | tok/s 193997 | grad_norm 0.129
step 9220/11342 | loss 3.0039 | lr_mult 0.1003 | tok/s 193998 | grad_norm 0.129
step 9230/11342 | loss 3.0557 | lr_mult 0.0994 | tok/s 193998 | grad_norm 0.122
step 9240/11342 | loss 3.0291 | lr_mult 0.0985 | tok/s 193998 | grad_norm 0.124
step 9250/11342 | loss 3.0539 | lr_mult 0.0976 | tok/s 193998 | grad_norm 0.120
step 9260/11342 | loss 3.0301 | lr_mult 0.0967 | tok/s 193998 | grad_norm 0.123
step 9270/11342 | loss 3.0176 | lr_mult 0.0958 | tok/s 193998 | grad_norm 0.122
step 9280/11342 | loss 2.9911 | lr_mult 0.0949 | tok/s 193999 | grad_norm 0.126
step 9290/11342 | loss 3.0358 | lr_mult 0.0940 | tok/s 193999 | grad_norm 0.129
step 9300/11342 | loss 3.0205 | lr_mult 0.0931 | tok/s 193999 | grad_norm 0.122
step 9310/11342 | loss 3.0420 | lr_mult 0.0923 | tok/s 193999 | grad_norm 0.124
step 9320/11342 | loss 3.0419 | lr_mult 0.0914 | tok/s 193999 | grad_norm 0.127
step 9330/11342 | loss 3.0068 | lr_mult 0.0905 | tok/s 194000 | grad_norm 0.120
step 9340/11342 | loss 3.0424 | lr_mult 0.0896 | tok/s 194000 | grad_norm 0.129
step 9350/11342 | loss 3.0469 | lr_mult 0.0888 | tok/s 194000 | grad_norm 0.129
step 9360/11342 | loss 3.0620 | lr_mult 0.0879 | tok/s 194000 | grad_norm 0.126
step 9370/11342 | loss 3.0081 | lr_mult 0.0871 | tok/s 194000 | grad_norm 0.128
step 9380/11342 | loss 3.0803 | lr_mult 0.0862 | tok/s 194001 | grad_norm 0.126
step 9390/11342 | loss 3.0094 | lr_mult 0.0854 | tok/s 194001 | grad_norm 0.127
step 9400/11342 | loss 2.9961 | lr_mult 0.0845 | tok/s 194001 | grad_norm 0.119
step 9410/11342 | loss 3.0274 | lr_mult 0.0837 | tok/s 194001 | grad_norm 0.126
step 9420/11342 | loss 3.0327 | lr_mult 0.0828 | tok/s 194001 | grad_norm 0.119
step 9430/11342 | loss 3.0281 | lr_mult 0.0820 | tok/s 194002 | grad_norm 0.121
step 9440/11342 | loss 3.0175 | lr_mult 0.0812 | tok/s 194002 | grad_norm 0.127
step 9450/11342 | loss 3.0401 | lr_mult 0.0803 | tok/s 194002 | grad_norm 0.123
step 9460/11342 | loss 3.0706 | lr_mult 0.0795 | tok/s 194002 | grad_norm 0.123
step 9470/11342 | loss 3.0019 | lr_mult 0.0787 | tok/s 194003 | grad_norm 0.118
step 9480/11342 | loss 2.9945 | lr_mult 0.0779 | tok/s 194003 | grad_norm 0.130
step 9490/11342 | loss 3.0458 | lr_mult 0.0771 | tok/s 194003 | grad_norm 0.121
step 9500/11342 | loss 3.0349 | lr_mult 0.0763 | tok/s 194003 | grad_norm 0.120
step 9500/11342 | val_loss 3.0122
step 9510/11342 | loss 3.0040 | lr_mult 0.0754 | tok/s 193992 | grad_norm 0.120
step 9520/11342 | loss 3.0596 | lr_mult 0.0746 | tok/s 193992 | grad_norm 0.127
step 9530/11342 | loss 3.0022 | lr_mult 0.0739 | tok/s 193992 | grad_norm 0.116
step 9540/11342 | loss 3.0091 | lr_mult 0.0731 | tok/s 193993 | grad_norm 0.120
step 9550/11342 | loss 3.0566 | lr_mult 0.0723 | tok/s 193993 | grad_norm 0.125
step 9560/11342 | loss 3.0114 | lr_mult 0.0715 | tok/s 193993 | grad_norm 0.124
step 9570/11342 | loss 3.0327 | lr_mult 0.0707 | tok/s 193993 | grad_norm 0.117
step 9580/11342 | loss 3.0041 | lr_mult 0.0699 | tok/s 193993 | grad_norm 0.117
step 9590/11342 | loss 3.0330 | lr_mult 0.0692 | tok/s 193993 | grad_norm 0.117
step 9600/11342 | loss 3.0234 | lr_mult 0.0684 | tok/s 193994 | grad_norm 0.120
step 9610/11342 | loss 3.0556 | lr_mult 0.0676 | tok/s 193994 | grad_norm 0.121
step 9620/11342 | loss 3.0444 | lr_mult 0.0669 | tok/s 193994 | grad_norm 0.120
step 9630/11342 | loss 2.9924 | lr_mult 0.0661 | tok/s 193994 | grad_norm 0.122
step 9640/11342 | loss 3.0240 | lr_mult 0.0654 | tok/s 193995 | grad_norm 0.121
step 9650/11342 | loss 3.0232 | lr_mult 0.0646 | tok/s 193995 | grad_norm 0.123
step 9660/11342 | loss 3.0128 | lr_mult 0.0639 | tok/s 193995 | grad_norm 0.126
step 9670/11342 | loss 3.0079 | lr_mult 0.0631 | tok/s 193995 | grad_norm 0.120
step 9680/11342 | loss 3.0110 | lr_mult 0.0624 | tok/s 193996 | grad_norm 0.120
step 9690/11342 | loss 2.9917 | lr_mult 0.0616 | tok/s 193996 | grad_norm 0.121
step 9700/11342 | loss 3.0467 | lr_mult 0.0609 | tok/s 193996 | grad_norm 0.115
step 9710/11342 | loss 2.9729 | lr_mult 0.0602 | tok/s 193996 | grad_norm 0.126
step 9720/11342 | loss 2.9776 | lr_mult 0.0595 | tok/s 193996 | grad_norm 0.123
step 9730/11342 | loss 3.0321 | lr_mult 0.0588 | tok/s 193997 | grad_norm 0.121
step 9740/11342 | loss 3.0111 | lr_mult 0.0580 | tok/s 193997 | grad_norm 0.114
step 9750/11342 | loss 2.9907 | lr_mult 0.0573 | tok/s 193997 | grad_norm 0.118
step 9760/11342 | loss 2.9943 | lr_mult 0.0566 | tok/s 193997 | grad_norm 0.116
step 9770/11342 | loss 3.0470 | lr_mult 0.0559 | tok/s 193997 | grad_norm 0.117
step 9780/11342 | loss 3.0063 | lr_mult 0.0552 | tok/s 193997 | grad_norm 0.117
step 9790/11342 | loss 3.0029 | lr_mult 0.0545 | tok/s 193997 | grad_norm 0.119
step 9800/11342 | loss 3.0206 | lr_mult 0.0539 | tok/s 193998 | grad_norm 0.118
step 9810/11342 | loss 3.0227 | lr_mult 0.0532 | tok/s 193998 | grad_norm 0.116
step 9820/11342 | loss 3.0098 | lr_mult 0.0525 | tok/s 193998 | grad_norm 0.119
step 9830/11342 | loss 3.0146 | lr_mult 0.0518 | tok/s 193998 | grad_norm 0.122
step 9840/11342 | loss 3.0723 | lr_mult 0.0511 | tok/s 193998 | grad_norm 0.116
step 9850/11342 | loss 3.0199 | lr_mult 0.0505 | tok/s 193999 | grad_norm 0.118
step 9860/11342 | loss 3.0242 | lr_mult 0.0498 | tok/s 193999 | grad_norm 0.115
step 9870/11342 | loss 3.0251 | lr_mult 0.0492 | tok/s 193999 | grad_norm 0.117
step 9880/11342 | loss 3.0311 | lr_mult 0.0485 | tok/s 193999 | grad_norm 0.120
step 9890/11342 | loss 2.9864 | lr_mult 0.0479 | tok/s 193999 | grad_norm 0.118
step 9900/11342 | loss 3.0117 | lr_mult 0.0472 | tok/s 194000 | grad_norm 0.117
step 9910/11342 | loss 3.0287 | lr_mult 0.0466 | tok/s 194000 | grad_norm 0.121
step 9920/11342 | loss 2.9938 | lr_mult 0.0459 | tok/s 194000 | grad_norm 0.117
step 9930/11342 | loss 3.0315 | lr_mult 0.0453 | tok/s 194000 | grad_norm 0.111
step 9940/11342 | loss 3.0402 | lr_mult 0.0447 | tok/s 194000 | grad_norm 0.122
step 9950/11342 | loss 3.0031 | lr_mult 0.0440 | tok/s 194001 | grad_norm 0.119
step 9960/11342 | loss 3.0113 | lr_mult 0.0434 | tok/s 194001 | grad_norm 0.116
step 9970/11342 | loss 3.0003 | lr_mult 0.0428 | tok/s 194001 | grad_norm 0.120
step 9980/11342 | loss 3.0106 | lr_mult 0.0422 | tok/s 194001 | grad_norm 0.131
step 9990/11342 | loss 3.0218 | lr_mult 0.0416 | tok/s 194001 | grad_norm 0.120
step 10000/11342 | loss 3.0100 | lr_mult 0.0410 | tok/s 194002 | grad_norm 0.120
step 10000/11342 | val_loss 3.0044
step 10010/11342 | loss 3.0144 | lr_mult 0.0404 | tok/s 193991 | grad_norm 0.117
step 10020/11342 | loss 3.0259 | lr_mult 0.0398 | tok/s 193991 | grad_norm 0.116
step 10030/11342 | loss 3.0127 | lr_mult 0.0392 | tok/s 193992 | grad_norm 0.118
step 10040/11342 | loss 3.0483 | lr_mult 0.0386 | tok/s 193992 | grad_norm 0.118
step 10050/11342 | loss 2.9984 | lr_mult 0.0380 | tok/s 193992 | grad_norm 0.115
step 10060/11342 | loss 3.0134 | lr_mult 0.0374 | tok/s 193992 | grad_norm 0.118
step 10070/11342 | loss 3.0158 | lr_mult 0.0369 | tok/s 193992 | grad_norm 0.128
step 10080/11342 | loss 3.0112 | lr_mult 0.0363 | tok/s 193993 | grad_norm 0.116
step 10090/11342 | loss 3.0278 | lr_mult 0.0357 | tok/s 193993 | grad_norm 0.118
step 10100/11342 | loss 3.0017 | lr_mult 0.0352 | tok/s 193993 | grad_norm 0.119
step 10110/11342 | loss 3.0563 | lr_mult 0.0346 | tok/s 193993 | grad_norm 0.119
step 10120/11342 | loss 3.0354 | lr_mult 0.0341 | tok/s 193994 | grad_norm 0.120
step 10130/11342 | loss 3.0405 | lr_mult 0.0335 | tok/s 193994 | grad_norm 0.117
step 10140/11342 | loss 2.9820 | lr_mult 0.0330 | tok/s 193994 | grad_norm 0.116
step 10150/11342 | loss 3.0358 | lr_mult 0.0324 | tok/s 193994 | grad_norm 0.114
step 10160/11342 | loss 3.0594 | lr_mult 0.0319 | tok/s 193995 | grad_norm 0.113
step 10170/11342 | loss 3.0323 | lr_mult 0.0314 | tok/s 193995 | grad_norm 0.117
step 10180/11342 | loss 3.0522 | lr_mult 0.0308 | tok/s 193995 | grad_norm 0.112
step 10190/11342 | loss 3.0344 | lr_mult 0.0303 | tok/s 193995 | grad_norm 0.110
step 10200/11342 | loss 2.9837 | lr_mult 0.0298 | tok/s 193995 | grad_norm 0.112
step 10210/11342 | loss 3.0062 | lr_mult 0.0293 | tok/s 193996 | grad_norm 0.111
step 10220/11342 | loss 2.9937 | lr_mult 0.0288 | tok/s 193996 | grad_norm 0.111
step 10230/11342 | loss 3.0590 | lr_mult 0.0283 | tok/s 193996 | grad_norm 0.113
step 10240/11342 | loss 2.9810 | lr_mult 0.0278 | tok/s 193996 | grad_norm 0.114
step 10250/11342 | loss 3.0032 | lr_mult 0.0273 | tok/s 193996 | grad_norm 0.112
step 10260/11342 | loss 3.0240 | lr_mult 0.0268 | tok/s 193997 | grad_norm 0.111
step 10270/11342 | loss 3.0283 | lr_mult 0.0263 | tok/s 193997 | grad_norm 0.113
step 10280/11342 | loss 2.9733 | lr_mult 0.0258 | tok/s 193997 | grad_norm 0.114
step 10290/11342 | loss 2.9790 | lr_mult 0.0253 | tok/s 193997 | grad_norm 0.111
step 10300/11342 | loss 3.0235 | lr_mult 0.0248 | tok/s 193997 | grad_norm 0.115
step 10310/11342 | loss 3.0203 | lr_mult 0.0244 | tok/s 193998 | grad_norm 0.114
step 10320/11342 | loss 2.9674 | lr_mult 0.0239 | tok/s 193998 | grad_norm 0.113
step 10330/11342 | loss 2.9723 | lr_mult 0.0234 | tok/s 193998 | grad_norm 0.112
step 10340/11342 | loss 3.0197 | lr_mult 0.0230 | tok/s 193998 | grad_norm 0.114
step 10350/11342 | loss 3.0867 | lr_mult 0.0225 | tok/s 193999 | grad_norm 0.116
step 10360/11342 | loss 3.0271 | lr_mult 0.0221 | tok/s 193999 | grad_norm 0.110
step 10370/11342 | loss 3.0292 | lr_mult 0.0216 | tok/s 193999 | grad_norm 0.115
step 10380/11342 | loss 2.9996 | lr_mult 0.0212 | tok/s 193999 | grad_norm 0.120
step 10390/11342 | loss 2.9937 | lr_mult 0.0208 | tok/s 193999 | grad_norm 0.111
step 10400/11342 | loss 2.9654 | lr_mult 0.0203 | tok/s 194000 | grad_norm 0.116
step 10410/11342 | loss 3.0230 | lr_mult 0.0199 | tok/s 194000 | grad_norm 0.110
step 10420/11342 | loss 3.0464 | lr_mult 0.0195 | tok/s 194000 | grad_norm 0.111
step 10430/11342 | loss 2.9907 | lr_mult 0.0191 | tok/s 194000 | grad_norm 0.113
step 10440/11342 | loss 3.0395 | lr_mult 0.0187 | tok/s 194000 | grad_norm 0.112
step 10450/11342 | loss 2.9773 | lr_mult 0.0182 | tok/s 194000 | grad_norm 0.119
step 10460/11342 | loss 2.9763 | lr_mult 0.0178 | tok/s 194001 | grad_norm 0.109
step 10470/11342 | loss 2.9944 | lr_mult 0.0174 | tok/s 194001 | grad_norm 0.109
step 10480/11342 | loss 3.0023 | lr_mult 0.0170 | tok/s 194001 | grad_norm 0.110
step 10490/11342 | loss 2.9883 | lr_mult 0.0167 | tok/s 194001 | grad_norm 0.115
step 10500/11342 | loss 3.0441 | lr_mult 0.0163 | tok/s 194001 | grad_norm 0.110
step 10500/11342 | val_loss 2.9991
step 10510/11342 | loss 3.0264 | lr_mult 0.0159 | tok/s 193992 | grad_norm 0.110
step 10520/11342 | loss 3.0041 | lr_mult 0.0155 | tok/s 193992 | grad_norm 0.112
step 10530/11342 | loss 2.9939 | lr_mult 0.0151 | tok/s 193992 | grad_norm 0.110
step 10540/11342 | loss 3.0370 | lr_mult 0.0148 | tok/s 193992 | grad_norm 0.110
step 10550/11342 | loss 3.0005 | lr_mult 0.0144 | tok/s 193992 | grad_norm 0.111
step 10560/11342 | loss 2.9795 | lr_mult 0.0140 | tok/s 193993 | grad_norm 0.109
step 10570/11342 | loss 3.0434 | lr_mult 0.0137 | tok/s 193993 | grad_norm 0.112
step 10580/11342 | loss 2.9932 | lr_mult 0.0133 | tok/s 193993 | grad_norm 0.111
step 10590/11342 | loss 3.0103 | lr_mult 0.0130 | tok/s 193993 | grad_norm 0.109
step 10600/11342 | loss 3.0438 | lr_mult 0.0126 | tok/s 193993 | grad_norm 0.110
step 10610/11342 | loss 2.9817 | lr_mult 0.0123 | tok/s 193994 | grad_norm 0.111
step 10620/11342 | loss 3.0434 | lr_mult 0.0120 | tok/s 193994 | grad_norm 0.109
step 10630/11342 | loss 3.0194 | lr_mult 0.0116 | tok/s 193994 | grad_norm 0.110
step 10640/11342 | loss 3.0209 | lr_mult 0.0113 | tok/s 193994 | grad_norm 0.106
step 10650/11342 | loss 2.9939 | lr_mult 0.0110 | tok/s 193995 | grad_norm 0.110
step 10660/11342 | loss 3.0546 | lr_mult 0.0107 | tok/s 193995 | grad_norm 0.108
step 10670/11342 | loss 3.0311 | lr_mult 0.0104 | tok/s 193995 | grad_norm 0.110
step 10680/11342 | loss 3.0343 | lr_mult 0.0101 | tok/s 193995 | grad_norm 0.108
step 10690/11342 | loss 3.0049 | lr_mult 0.0098 | tok/s 193995 | grad_norm 0.107
step 10700/11342 | loss 3.0033 | lr_mult 0.0095 | tok/s 193996 | grad_norm 0.110
step 10710/11342 | loss 2.9943 | lr_mult 0.0092 | tok/s 193996 | grad_norm 0.109
step 10720/11342 | loss 3.0782 | lr_mult 0.0089 | tok/s 193996 | grad_norm 0.109
step 10730/11342 | loss 2.9883 | lr_mult 0.0086 | tok/s 193996 | grad_norm 0.110
step 10740/11342 | loss 3.0049 | lr_mult 0.0083 | tok/s 193996 | grad_norm 0.107
step 10750/11342 | loss 3.0070 | lr_mult 0.0081 | tok/s 193997 | grad_norm 0.107
step 10760/11342 | loss 3.0153 | lr_mult 0.0078 | tok/s 193997 | grad_norm 0.107
step 10770/11342 | loss 3.0514 | lr_mult 0.0075 | tok/s 193997 | grad_norm 0.110
step 10780/11342 | loss 3.0096 | lr_mult 0.0073 | tok/s 193997 | grad_norm 0.111
step 10790/11342 | loss 2.9851 | lr_mult 0.0070 | tok/s 193997 | grad_norm 0.109
step 10800/11342 | loss 3.0151 | lr_mult 0.0068 | tok/s 193998 | grad_norm 0.108
step 10810/11342 | loss 2.9893 | lr_mult 0.0065 | tok/s 193998 | grad_norm 0.109
step 10820/11342 | loss 2.9989 | lr_mult 0.0063 | tok/s 193998 | grad_norm 0.110
step 10830/11342 | loss 2.9891 | lr_mult 0.0060 | tok/s 193998 | grad_norm 0.108
step 10840/11342 | loss 2.9805 | lr_mult 0.0058 | tok/s 193998 | grad_norm 0.108
step 10850/11342 | loss 2.9854 | lr_mult 0.0056 | tok/s 193998 | grad_norm 0.109
step 10860/11342 | loss 3.0077 | lr_mult 0.0053 | tok/s 193999 | grad_norm 0.109
step 10870/11342 | loss 2.9994 | lr_mult 0.0051 | tok/s 193999 | grad_norm 0.109
step 10880/11342 | loss 2.9892 | lr_mult 0.0049 | tok/s 193999 | grad_norm 0.107
step 10890/11342 | loss 3.0032 | lr_mult 0.0047 | tok/s 193999 | grad_norm 0.109
step 10900/11342 | loss 3.0234 | lr_mult 0.0045 | tok/s 193999 | grad_norm 0.106
step 10910/11342 | loss 3.0185 | lr_mult 0.0043 | tok/s 193999 | grad_norm 0.107
step 10920/11342 | loss 3.0147 | lr_mult 0.0041 | tok/s 193999 | grad_norm 0.105
step 10930/11342 | loss 2.9778 | lr_mult 0.0039 | tok/s 194000 | grad_norm 0.107
step 10940/11342 | loss 3.0104 | lr_mult 0.0037 | tok/s 194000 | grad_norm 0.107
step 10950/11342 | loss 3.0355 | lr_mult 0.0035 | tok/s 194000 | grad_norm 0.106
step 10960/11342 | loss 2.9887 | lr_mult 0.0034 | tok/s 194000 | grad_norm 0.108
step 10970/11342 | loss 3.0211 | lr_mult 0.0032 | tok/s 194000 | grad_norm 0.108
step 10980/11342 | loss 3.0336 | lr_mult 0.0030 | tok/s 194000 | grad_norm 0.107
step 10990/11342 | loss 3.0317 | lr_mult 0.0029 | tok/s 194001 | grad_norm 0.107
step 11000/11342 | loss 3.0293 | lr_mult 0.0027 | tok/s 194001 | grad_norm 0.109
step 11000/11342 | val_loss 2.9968
step 11010/11342 | loss 3.0028 | lr_mult 0.0025 | tok/s 193991 | grad_norm 0.107
step 11020/11342 | loss 2.9786 | lr_mult 0.0024 | tok/s 193992 | grad_norm 0.107
step 11030/11342 | loss 3.0018 | lr_mult 0.0022 | tok/s 193992 | grad_norm 0.105
step 11040/11342 | loss 3.0495 | lr_mult 0.0021 | tok/s 193992 | grad_norm 0.106
step 11050/11342 | loss 3.0029 | lr_mult 0.0020 | tok/s 193992 | grad_norm 0.107
step 11060/11342 | loss 2.9814 | lr_mult 0.0018 | tok/s 193993 | grad_norm 0.107
step 11070/11342 | loss 3.0110 | lr_mult 0.0017 | tok/s 193993 | grad_norm 0.106
step 11080/11342 | loss 3.0061 | lr_mult 0.0016 | tok/s 193993 | grad_norm 0.107
step 11090/11342 | loss 3.0334 | lr_mult 0.0015 | tok/s 193993 | grad_norm 0.106
step 11100/11342 | loss 3.0056 | lr_mult 0.0014 | tok/s 193993 | grad_norm 0.107
step 11110/11342 | loss 2.9924 | lr_mult 0.0012 | tok/s 193994 | grad_norm 0.106
step 11120/11342 | loss 3.0051 | lr_mult 0.0011 | tok/s 193994 | grad_norm 0.106
step 11130/11342 | loss 3.0295 | lr_mult 0.0010 | tok/s 193994 | grad_norm 0.106
step 11140/11342 | loss 2.9650 | lr_mult 0.0009 | tok/s 193994 | grad_norm 0.106
step 11150/11342 | loss 3.0012 | lr_mult 0.0009 | tok/s 193994 | grad_norm 0.108
step 11160/11342 | loss 2.9877 | lr_mult 0.0008 | tok/s 193995 | grad_norm 0.106
step 11170/11342 | loss 3.0024 | lr_mult 0.0007 | tok/s 193995 | grad_norm 0.106
step 11180/11342 | loss 3.0301 | lr_mult 0.0006 | tok/s 193995 | grad_norm 0.106
step 11190/11342 | loss 2.9446 | lr_mult 0.0005 | tok/s 193995 | grad_norm 0.105
step 11200/11342 | loss 2.9925 | lr_mult 0.0005 | tok/s 193995 | grad_norm 0.105
step 11210/11342 | loss 3.0040 | lr_mult 0.0004 | tok/s 193996 | grad_norm 0.107
step 11220/11342 | loss 3.0185 | lr_mult 0.0003 | tok/s 193996 | grad_norm 0.106
step 11230/11342 | loss 3.0126 | lr_mult 0.0003 | tok/s 193996 | grad_norm 0.129
step 11240/11342 | loss 3.0317 | lr_mult 0.0002 | tok/s 193996 | grad_norm 0.106
step 11250/11342 | loss 3.0368 | lr_mult 0.0002 | tok/s 193996 | grad_norm 0.105
step 11260/11342 | loss 3.0282 | lr_mult 0.0002 | tok/s 193997 | grad_norm 0.105
step 11270/11342 | loss 2.9998 | lr_mult 0.0001 | tok/s 193997 | grad_norm 0.103
step 11280/11342 | loss 2.9981 | lr_mult 0.0001 | tok/s 193997 | grad_norm 0.107
step 11290/11342 | loss 3.0089 | lr_mult 0.0001 | tok/s 193997 | grad_norm 0.105
step 11300/11342 | loss 2.9991 | lr_mult 0.0000 | tok/s 193997 | grad_norm 0.106
step 11310/11342 | loss 2.9808 | lr_mult 0.0000 | tok/s 193997 | grad_norm 0.106
step 11320/11342 | loss 2.9970 | lr_mult 0.0000 | tok/s 193998 | grad_norm 0.105
step 11330/11342 | loss 2.9994 | lr_mult 0.0000 | tok/s 193998 | grad_norm 0.104
step 11340/11342 | loss 2.9761 | lr_mult 0.0000 | tok/s 193998 | grad_norm 0.106
Checkpoint saved: /mnt/dllm/ruilai/checkpoints/moonlight_399m/adamw/step_011342.pt
Final val_loss: 2.9966
Training complete. 11342 steps in 46971.1s. Total tokens: 8,919,711,744
wandb: 
wandb: Run history:
wandb:                        step ▁▁▁▂▂▂▂▂▂▂▃▃▃▄▄▄▄▄▄▄▄▄▄▅▅▅▅▆▆▆▆▇▇▇▇▇▇███
wandb: train/grad_clip_active_frac ▁▁▁▁▁▁▁▁▁▁▁▁▁▁▁▁▁▁▁▁▁▁▁▁▁▁▁▁▁▁▁▁▁▁▁▁▁▁▁▁
wandb:        train/grad_clip_norm ▁▁▁▁▁▁▁▁▁▁▁▁▁▁▁▁▁▁▁▁▁▁▁▁▁▁▁▁▁▁▁▁▁▁▁▁▁▁▁▁
wandb:     train/grad_norm_preclip █▃▄▃▂▂▂▂▂▂▂▂▁▂▁▁▁▁▁▁▁▁▁▁▁▁▁▁▁▁▁▁▁▁▁▁▁▁▁▁
wandb:                  train/loss █▇▇▅▄▃▃▂▂▂▂▂▂▂▂▂▂▂▁▁▁▁▁▁▁▁▁▁▁▁▁▁▁▁▁▁▁▁▁▁
wandb:         train/lr_multiplier ▄▆████████▇▇▇▇▆▆▆▆▅▅▅▅▅▄▄▃▃▃▃▂▂▂▂▂▂▁▁▁▁▁
wandb:                  train/step ▁▁▁▂▂▂▃▃▃▃▃▃▃▃▄▄▄▄▅▅▅▆▆▆▆▆▆▆▆▆▇▇▇▇▇█████
wandb:        train/tokens_per_sec █▁▂▂▂▃▃▄▄▃▄▃▃▄▄▃▄▄▄▃▄▄▃▄▃▃▃▄▃▃▃▃▃▃▃▃▃▃▃▃
wandb:           train/tokens_seen ▁▁▁▁▁▂▂▂▂▂▂▂▂▂▂▄▄▄▄▄▄▄▄▄▄▄▅▅▆▆▆▆▆▆▆▇▇███
wandb:                    val/loss █▅▄▃▃▂▂▂▂▂▂▁▁▁▁▁▁▁▁▁▁▁▁
wandb: 
wandb: Run summary:
wandb:                        step 11300
wandb: train/grad_clip_active_frac 0
wandb:        train/grad_clip_norm 1
wandb:     train/grad_norm_preclip 0.10638
wandb:                  train/loss 2.97608
wandb:         train/lr_multiplier 0.0
wandb:                  train/step 11340
wandb:        train/tokens_per_sec 193997.9882
wandb:           train/tokens_seen 8918138880
wandb:                    val/loss 2.99657
wandb: 
wandb: You can sync this run to the cloud by running:
wandb: wandb sync /ossfs/workspace/OrScale/wandb/offline-run-20260503_103232-48txf2h1
wandb: Find logs at: ./wandb/offline-run-20260503_103232-48txf2h1/logs
